******************************************************************************
                  TI ARM Linker PC v20.2.7                     
******************************************************************************
>> Linked Tue Jul 16 20:47:08 2024

OUTPUT FILE NAME:   <SunScanner.out>
ENTRY POINT SYMBOL: "_c_int00_noargs"  address: 00009975


MEMORY CONFIGURATION

         name            origin    length      used     unused   attr    fill
----------------------  --------  ---------  --------  --------  ----  --------
  MAIN                  00000000   00040000  0000c22c  00033dd4  R  X
  INFO                  00200000   00004000  00000000  00004000  R  X
  SRAM_CODE             01000000   00010000  0000113f  0000eec1  RW X
  SRAM_DATA             20000000   00010000  0000113f  0000eec1  RW  


SEGMENT ALLOCATION MAP

run origin  load origin   length   init length attrs members
----------  ----------- ---------- ----------- ----- -------
00000000    00000000    0000c230   0000c230    r-x
  00000000    00000000    000000e4   000000e4    r-- .intvecs
  000000e4    000000e4    0000a130   0000a130    r-x .text
  0000a218    0000a218    00001f40   00001f40    r-- .const
  0000c158    0000c158    000000d8   000000d8    r-- .cinit
20000000    20000000    00000f40   00000000    rw-
  20000000    20000000    00000800   00000000    rw- .sysmem
  20000800    20000800    00000623   00000000    rw- .bss
  20000e24    20000e24    0000011c   00000000    rw- .data
2000fe00    2000fe00    00000200   00000000    rw-
  2000fe00    2000fe00    00000200   00000000    rw- .stack


SECTION ALLOCATION MAP

 output                                  attributes/
section   page    origin      length       input sections
--------  ----  ----------  ----------   ----------------
.intvecs   0    00000000    000000e4     
                  00000000    000000e4     startup_msp432p401r_ccs.obj (.intvecs:retain)

.text      0    000000e4    0000a130     
                  000000e4    00000a4e     rtsv7M4_T_le_v4SPD16_eabi.lib : _printfi.c.obj (.text:__TI_printfi)
                  00000b32    00000002     startup_msp432p401r_ccs.obj (.text:Default_Handler)
                  00000b34    000009d0     rtsv7M4_T_le_v4SPD16_eabi.lib : e_pow.c.obj (.text:pow)
                  00001504    00000930     Sun_az_alt.obj (.text:SolarAzEl)
                  00001e34    00000738     rtsv7M4_T_le_v4SPD16_eabi.lib : k_rem_pio2.c.obj (.text:__kernel_rem_pio2)
                  0000256c    000005e0                                   : s_sin.c.obj (.text:sin)
                  00002b4c    000005dc                                   : s_cos.c.obj (.text:cos)
                  00003128    0000047e     grlib.a : string.obj (.text:Graphics_drawString)
                  000035a6    00000002     rtsv7M4_T_le_v4SPD16_eabi.lib : _lock.c.obj (.text:_nop)
                  000035a8    00000460                                   : strtod.c.obj (.text:strtod)
                  00003a08    000003dc     NMEAParser.obj (.text:parseRMC)
                  00003de4    000003d4     rtsv7M4_T_le_v4SPD16_eabi.lib : e_asin.c.obj (.text:asin)
                  000041b8    00000390     grlib.a : image.obj (.text:Graphics_drawImage)
                  00004548    000002ec     rtsv7M4_T_le_v4SPD16_eabi.lib : s_atan.c.obj (.text:atan)
                  00004834    000002a0                                   : mktime.c.obj (.text:__mktime32)
                  00004ad4    00000284     main.obj (.text:ADC14_IRQHandler)
                  00004d58    00000270     rtsv7M4_T_le_v4SPD16_eabi.lib : _printfi.c.obj (.text:_pconv_a)
                  00004fc8    00000234                                   : e_fmod.c.obj (.text:fmod)
                  000051fc    0000022c     Sun_az_alt.obj (.text:julian_day)
                  00005428    000001ec     main.obj (.text:drawMenu2)
                  00005614    000001e4     rtsv7M4_T_le_v4SPD16_eabi.lib : e_atan2.c.obj (.text:atan2)
                  000057f8    000001d8     Crystalfontz128x128_ST7735.obj (.text:Crystalfontz128x128_PixelDrawMultiple)
                  000059d0    000001d0     rtsv7M4_T_le_v4SPD16_eabi.lib : _printfi.c.obj (.text:_pconv_g)
                  00005ba0    000001b6                                   : fd_add_t2.asm.obj (.text)
                  00005d56    00000002     main.obj (.text:fn_MANUAL)
                  00005d58    00000180     main.obj (.text:setup_menu)
                  00005ed8    00000174     rtsv7M4_T_le_v4SPD16_eabi.lib : k_sin.c.obj (.text:__kernel_sin)
                  0000604c    00000170                                   : k_cos.c.obj (.text:__kernel_cos)
                  000061bc    00000164     main.obj (.text:drawMenu1)
                  00006320    00000160     msp432p4xx_driverlib.lib : adc14.o (.text:_getIndexForMemRegister)
                  00006480    00000158     rtsv7M4_T_le_v4SPD16_eabi.lib : e_sqrt.c.obj (.text:sqrt)
                  000065d8    00000144     msp432p4xx_driverlib.lib : timer_a.o (.text:privateTimer_AProcessClockSourceDivider)
                  0000671c    0000013c     rtsv7M4_T_le_v4SPD16_eabi.lib : _printfi.c.obj (.text:_pconv_e)
                  00006858    00000136                                   : fd_div_t2.asm.obj (.text)
                  0000698e    00000002     main.obj (.text:fn_WAIT_AUTO)
                  00006990    00000134     Crystalfontz128x128_ST7735.obj (.text:Crystalfontz128x128_SetDrawFrame)
                  00006ac4    00000134     rtsv7M4_T_le_v4SPD16_eabi.lib : localtim.c.obj (.text:__localtime32)
                  00006bf8    00000130     msp432p4xx_driverlib.lib : cs.o (.text:CS_initClockSignal)
                  00006d28    00000130     rtsv7M4_T_le_v4SPD16_eabi.lib : strtol.c.obj (.text:strtol)
                  00006e58    0000012c     Crystalfontz128x128_ST7735.obj (.text:Crystalfontz128x128_Init)
                  00006f84    0000012c     main.obj (.text:gps_acquisition)
                  000070b0    00000124     rtsv7M4_T_le_v4SPD16_eabi.lib : _printfi.c.obj (.text:fcvt)
                  000071d4    0000011c     msp432p4xx_driverlib.lib : uart.o (.text:UART_initModule)
                  000072f0    00000110     main.obj (.text:fn_NAVIGATION)
                  00007400    00000110     rtsv7M4_T_le_v4SPD16_eabi.lib : s_scalbn.c.obj (.text:scalbn)
                  00007510    00000100                                   : memory.c.obj (.text:aligned_alloc)
                  00007610    00000100     main.obj (.text:gps_setup)
                  00007710    000000fc     rtsv7M4_T_le_v4SPD16_eabi.lib : fd_mul_t2.asm.obj (.text)
                  0000780c    000000f8                                   : s_floor.c.obj (.text:floor)
                  00007904    000000e4                                   : memory.c.obj (.text:free)
                  000079e8    000000dc     main.obj (.text:PrintFloat)
                  00007ac4    000000ce     NMEAParser.obj (.text:validateChecksum)
                  00007b92    00000002     rtsv7M4_T_le_v4SPD16_eabi.lib : div0.asm.obj (.text)
                  00007b94    000000cc     main.obj (.text:drawMenu3)
                  00007c60    000000c8     main.obj (.text:fn_GPS_ACQUIRE)
                  00007d28    000000b4     msp432p4xx_driverlib.lib : adc14.o (.text:ADC14_configureConversionMemory)
                  00007ddc    000000b4                              : adc14.o (.text:ADC14_configureMultiSequenceMode)
                  00007e90    000000b1     rtsv7M4_T_le_v4SPD16_eabi.lib : _printfi.c.obj (.text:_ltostr)
                  00007f41    00000001     --HOLE-- [fill = 0]
                  00007f42    000000b0     msp432p4xx_driverlib.lib : spi.o (.text:SPI_initMaster)
                  00007ff2    000000a2     grlib.a : rectangle.obj (.text:Graphics_drawRectangle)
                  00008094    0000009c     Crystalfontz128x128_ST7735.obj (.text:Crystalfontz128x128_RectFill)
                  00008130    0000009c     grlib.a : line.obj (.text:Graphics_drawLineH)
                  000081cc    0000009c             : line.obj (.text:Graphics_drawLineV)
                  00008268    0000009c     rtsv7M4_T_le_v4SPD16_eabi.lib : s_modf.c.obj (.text:modf)
                  00008304    0000009c                                   : memcpy_t2.asm.obj (.text)
                  000083a0    00000096                                   : ull_div_t2.asm.obj (.text)
                  00008436    0000008c     main.obj (.text:PrintInteger)
                  000084c2    00000002     --HOLE-- [fill = 0]
                  000084c4    00000088     msp432p4xx_driverlib.lib : gpio.o (.text:GPIO_setAsPeripheralModuleFunctionInputPin)
                  0000854c    00000088                              : gpio.o (.text:GPIO_setAsPeripheralModuleFunctionOutputPin)
                  000085d4    00000086     rtsv7M4_T_le_v4SPD16_eabi.lib : fd_cmp_t2.asm.obj (.text:__aeabi_cdcmple)
                  0000865a    00000086                                   : fd_cmp_t2.asm.obj (.text:__aeabi_cdrcmple)
                  000086e0    00000084     msp432p4xx_driverlib.lib : gpio.o (.text:GPIO_getEnabledInterruptStatus)
                  00008764    00000080                              : interrupt.o (.text:Interrupt_disableInterrupt)
                  000087e4    00000080                              : interrupt.o (.text:Interrupt_enableInterrupt)
                  00008864    0000007a     rtsv7M4_T_le_v4SPD16_eabi.lib : memset_t2.asm.obj (.text)
                  000088de    00000002     --HOLE-- [fill = 0]
                  000088e0    00000078     system_msp432p401r.obj (.text:SystemInit)
                  00008958    00000070     rtsv7M4_T_le_v4SPD16_eabi.lib : memory.c.obj (.text:split)
                  000089c8    0000006e                                   : _printfi.c.obj (.text:_mcpy)
                  00008a36    0000006e     main.obj (.text:point_sun)
                  00008aa4    0000006e     rtsv7M4_T_le_v4SPD16_eabi.lib : fd_tos_t2.asm.obj (.text)
                  00008b12    0000006e                                   : ll_div_t2.asm.obj (.text)
                  00008b80    0000006c     grlib.a : image.obj (.text:Graphics_convertPalette)
                  00008bec    00000068     msp432p4xx_driverlib.lib : timer_a.o (.text:Timer_A_configureUpMode)
                  00008c54    00000068     rtsv7M4_T_le_v4SPD16_eabi.lib : copy_decompress_lzss.c.obj (.text:decompress:lzss:__TI_decompress_lzss)
                  00008cbc    00000064     msp432p4xx_driverlib.lib : uart.o (.text:UART_getEnabledInterruptStatus)
                  00008d20    00000064     rtsv7M4_T_le_v4SPD16_eabi.lib : s_frexp.c.obj (.text:frexp)
                  00008d84    00000060     Crystalfontz128x128_ST7735.obj (.text:Crystalfontz128x128_LineDrawH)
                  00008de4    00000060     Crystalfontz128x128_ST7735.obj (.text:Crystalfontz128x128_LineDrawV)
                  00008e44    00000060     main.obj (.text:gps_UART_setup)
                  00008ea4    0000005e     NMEAParser.obj (.text:replaceChar)
                  00008f02    00000002     --HOLE-- [fill = 0]
                  00008f04    00000058     main.obj (.text:PORT3_IRQHandler)
                  00008f5c    00000056     rtsv7M4_T_le_v4SPD16_eabi.lib : _printfi.c.obj (.text:_pconv_f)
                  00008fb2    00000002     --HOLE-- [fill = 0]
                  00008fb4    00000054     Crystalfontz128x128_ST7735.obj (.text:Crystalfontz128x128_SetOrientation)
                  00009008    00000054     rtsv7M4_T_le_v4SPD16_eabi.lib : _ltoa.c.obj (.text:__TI_ltoa)
                  0000905c    00000054     main.obj (.text:main)
                  000090b0    00000052     grlib.a : context.obj (.text:Graphics_initContext)
                  00009102    00000052     rtsv7M4_T_le_v4SPD16_eabi.lib : _printfi.c.obj (.text:_ecpy)
                  00009154    0000004c     msp432p4xx_driverlib.lib : gpio.o (.text:GPIO_setAsInputPin)
                  000091a0    0000004c     rtsv7M4_T_le_v4SPD16_eabi.lib : atoi.c.obj (.text:atoi)
                  000091ec    0000004a     NMEAParser.obj (.text:my_strsep)
                  00009236    00000002     --HOLE-- [fill = 0]
                  00009238    00000048     msp432p4xx_driverlib.lib : flash.o (.text:FlashCtl_setWaitState)
                  00009280    00000048     main.obj (.text:fn_POSITIONING)
                  000092c8    00000048     main.obj (.text:init_clk)
                  00009310    00000048     rtsv7M4_T_le_v4SPD16_eabi.lib : fd_toi_t2.asm.obj (.text)
                  00009358    00000046     grlib.a : display.obj (.text:Graphics_drawMultiplePixelsOnDisplay)
                  0000939e    00000002     --HOLE-- [fill = 0]
                  000093a0    00000044     main.obj (.text:PORT5_IRQHandler)
                  000093e4    00000044     rtsv7M4_T_le_v4SPD16_eabi.lib : autoinit.c.obj (.text:__TI_auto_init_nobinit_nopinit:__TI_auto_init_nobinit_nopinit)
                  00009428    00000044     main.obj (.text:set_servo_angle)
                  0000946c    00000040     Crystalfontz128x128_ST7735.obj (.text:Crystalfontz128x128_PixelDraw)
                  000094ac    00000040     msp432p4xx_driverlib.lib : gpio.o (.text:GPIO_setAsOutputPin)
                  000094ec    00000040     grlib.a : string.obj (.text:Graphics_getNumberOfLeadingZeros)
                  0000952c    00000040     HAL_MSP_EXP432P401R_Crystalfontz128x128_ST7735.obj (.text:HAL_LCD_SpiInit)
                  0000956c    00000040     main.obj (.text:drawRectangle)
                  000095ac    00000040     msp432p4xx_driverlib.lib : spi.o (.text:is_A_Module)
                  000095ec    00000040     rtsv7M4_T_le_v4SPD16_eabi.lib : u_divt2.asm.obj (.text)
                  0000962c    00000040                                   : sprintf.c.obj (.text:sprintf)
                  0000966c    0000003e                                   : _printfi.c.obj (.text:_fcpy)
                  000096aa    0000003c     main.obj (.text:drawMenuElement)
                  000096e6    0000003a     main.obj (.text:setup_servo_panel)
                  00009720    00000038     HAL_MSP_EXP432P401R_Crystalfontz128x128_ST7735.obj (.text:HAL_LCD_writeCommand)
                  00009758    00000038     rtsv7M4_T_le_v4SPD16_eabi.lib : gmtime.c.obj (.text:__gmtime32)
                  00009790    00000038                                   : fs_tod_t2.asm.obj (.text)
                  000097c8    00000038     main.obj (.text:setup_servo)
                  00009800    00000036     grlib.a : display.obj (.text:Graphics_drawHorizontalLineOnDisplay)
                  00009836    00000036             : display.obj (.text:Graphics_drawVerticalLineOnDisplay)
                  0000986c    00000036     main.obj (.text:selMenu)
                  000098a2    00000036     rtsv7M4_T_le_v4SPD16_eabi.lib : strncpy.c.obj (.text:strncpy)
                  000098d8    00000034     msp432p4xx_driverlib.lib : cs.o (.text:CS_setDCOCenteredFrequency)
                  0000990c    00000034     main.obj (.text:TA1_0_IRQHandler)
                  00009940    00000034     msp432p4xx_driverlib.lib : uart.o (.text:UART_transmitData)
                  00009974    00000034     rtsv7M4_T_le_v4SPD16_eabi.lib : boot_cortex_m.c.obj (.text:_c_int00_noargs:_c_int00_noargs)
                  000099a8    00000030     msp432p4xx_driverlib.lib : adc14.o (.text:ADC14_disableInterrupt)
                  000099d8    00000030                              : adc14.o (.text:ADC14_enableInterrupt)
                  00009a08    00000030     HAL_MSP_EXP432P401R_Crystalfontz128x128_ST7735.obj (.text:HAL_LCD_PortInit)
                  00009a38    00000030     msp432p4xx_driverlib.lib : uart.o (.text:UART_enableInterrupt)
                  00009a68    00000030                              : uart.o (.text:UART_receiveData)
                  00009a98    00000030     main.obj (.text:pwm_servo_control)
                  00009ac8    0000002e     main.obj (.text:active_pos)
                  00009af6    0000002e     main.obj (.text:resting_pos)
                  00009b24    0000002e     rtsv7M4_T_le_v4SPD16_eabi.lib : i_tofd_t2.asm.obj (.text)
                  00009b52    00000002     --HOLE-- [fill = 0]
                  00009b54    0000002c     Crystalfontz128x128_ST7735.obj (.text:Crystalfontz128x128_ClearScreen)
                  00009b80    0000002c     main.obj (.text:EUSCIA0_IRQHandler)
                  00009bac    0000002c     grlib.a : display.obj (.text:Graphics_drawPixelOnDisplay)
                  00009bd8    0000002c     HAL_MSP_EXP432P401R_Crystalfontz128x128_ST7735.obj (.text:HAL_LCD_writeData)
                  00009c04    0000002c     msp432p4xx_driverlib.lib : timer_a.o (.text:Timer_A_clearCaptureCompareInterrupt)
                  00009c30    0000002c     main.obj (.text:configure_pwm_timer)
                  00009c5c    0000002a     main.obj (.text:menu_keep_range)
                  00009c86    0000002a     main.obj (.text:pacMan_1_n)
                  00009cb0    00000028     msp432p4xx_driverlib.lib : adc14.o (.text:ADC14_getResult)
                  00009cd8    00000028     Crystalfontz128x128_ST7735.obj (.text:Crystalfontz128x128_ColorTranslate)
                  00009d00    00000028     msp432p4xx_driverlib.lib : gpio.o (.text:GPIO_clearInterruptFlag)
                  00009d28    00000028                              : gpio.o (.text:GPIO_enableInterrupt)
                  00009d50    00000028                              : gpio.o (.text:GPIO_setOutputHighOnPin)
                  00009d78    00000028                              : gpio.o (.text:GPIO_setOutputLowOnPin)
                  00009da0    00000028     main.obj (.text:drawText)
                  00009dc8    00000028     rtsv7M4_T_le_v4SPD16_eabi.lib : memory.c.obj (.text:free_list_insert)
                  00009df0    00000024     msp432p4xx_driverlib.lib : gpio.o (.text:GPIO_getInterruptStatus)
                  00009e14    00000024                              : wdt_a.o (.text:WDT_A_holdTimer)
                  00009e38    00000024     main.obj (.text:delay_ms)
                  00009e5c    00000024     rtsv7M4_T_le_v4SPD16_eabi.lib : strcspn.c.obj (.text:strcspn)
                  00009e80    00000020     NMEAParser.obj (.text:initMessageRMC)
                  00009ea0    0000001e     rtsv7M4_T_le_v4SPD16_eabi.lib : strcat.c.obj (.text:strcat)
                  00009ebe    0000001c     msp432p4xx_driverlib.lib : spi.o (.text:SPI_enableModule)
                  00009eda    00000002     --HOLE-- [fill = 0]
                  00009edc    0000001c     main.obj (.text:fn_ZENIT)
                  00009ef8    0000001c     rtsv7M4_T_le_v4SPD16_eabi.lib : memory.c.obj (.text:free_list_remove)
                  00009f14    0000001c                                   : memccpy.c.obj (.text:memccpy)
                  00009f30    0000001c                                   : strdup.c.obj (.text:strdup)
                  00009f4c    0000001a     grlib.a : display.obj (.text:Graphics_clearDisplayOnDisplay)
                  00009f66    0000001a             : context.obj (.text:Graphics_setBackgroundColor)
                  00009f80    0000001a             : context.obj (.text:Graphics_setFont)
                  00009f9a    0000001a     rtsv7M4_T_le_v4SPD16_eabi.lib : s_copysign.c.obj (.text:copysign)
                  00009fb4    0000001a     main.obj (.text:get_servo_angle)
                  00009fce    0000001a     NMEAParser.obj (.text:setMessage)
                  00009fe8    00000018     msp432p4xx_driverlib.lib : systick.o (.text:SysTick_setPeriod)
                  0000a000    00000018                              : uart.o (.text:UART_getInterruptStatus)
                  0000a018    00000018     rtsv7M4_T_le_v4SPD16_eabi.lib : sprintf.c.obj (.text:_outs)
                  0000a030    00000018                                   : strcmp.c.obj (.text:strcmp)
                  0000a048    00000016     msp432p4xx_driverlib.lib : spi.o (.text:EUSCI_A_SPI_enable)
                  0000a05e    00000016                              : spi.o (.text:EUSCI_B_SPI_enable)
                  0000a074    00000016     grlib.a : context.obj (.text:Graphics_setForegroundColor)
                  0000a08a    00000016             : display.obj (.text:Graphics_translateColorOnDisplay)
                  0000a0a0    00000016     msp432p4xx_driverlib.lib : timer_a.o (.text:Timer_A_startCounter)
                  0000a0b6    00000016                              : uart.o (.text:UART_clearInterruptFlag)
                  0000a0cc    00000016                              : uart.o (.text:UART_enableModule)
                  0000a0e2    00000016     rtsv7M4_T_le_v4SPD16_eabi.lib : strchr.c.obj (.text:strchr)
                  0000a0f8    00000014     main.obj (.text:PrintChar)
                  0000a10c    00000014     main.obj (.text:init_delay)
                  0000a120    00000014     main.obj (.text:pwm_panel_control)
                  0000a134    00000014     rtsv7M4_T_le_v4SPD16_eabi.lib : strcpy.c.obj (.text:strcpy)
                  0000a148    00000014                                   : strlen.c.obj (.text:strlen)
                  0000a15c    00000012     grlib.a : context.obj (.text:Graphics_clearDisplay)
                  0000a16e    00000012     rtsv7M4_T_le_v4SPD16_eabi.lib : wcslen.c.obj (.text:wcslen)
                  0000a180    00000010     msp432p4xx_driverlib.lib : adc14.o (.text:ADCIsConversionRunning)
                  0000a190    00000010     main.obj (.text:SysTick_Handler)
                  0000a1a0    00000010     msp432p4xx_driverlib.lib : systick.o (.text:SysTick_enableInterrupt)
                  0000a1b0    00000010                              : systick.o (.text:SysTick_enableModule)
                  0000a1c0    0000000e     rtsv7M4_T_le_v4SPD16_eabi.lib : copy_decompress_none.c.obj (.text:decompress:none:__TI_decompress_none)
                  0000a1ce    0000000c     startup_msp432p401r_ccs.obj (.text:Reset_Handler)
                  0000a1da    0000000c     rtsv7M4_T_le_v4SPD16_eabi.lib : copy_zero_init.c.obj (.text:decompress:ZI:__TI_zero_init)
                  0000a1e6    0000000a     Crystalfontz128x128_ST7735.obj (.text:Crystalfontz128x128_Flush)
                  0000a1f0    0000000a     rtsv7M4_T_le_v4SPD16_eabi.lib : sprintf.c.obj (.text:_outc)
                  0000a1fa    00000002     --HOLE-- [fill = 0]
                  0000a1fc    00000008                                   : errno.c.obj (.text:__aeabi_errno_addr)
                  0000a204    00000008                                   : memory.c.obj (.text:malloc)
                  0000a20c    00000004                                   : pre_init.c.obj (.text:_system_pre_init)
                  0000a210    00000004                                   : exit.c.obj (.text:abort:abort)

.const     0    0000a218    00001f40     
                  0000a218    000002f8     grlib.a : fontfixed6x8.obj (.const:.string:g_pucFontFixed6x8Data)
                  0000a510    00000158     rtsv7M4_T_le_v4SPD16_eabi.lib : k_rem_pio2.c.obj (.const:$O1$$)
                  0000a668    00000152     main.obj (.const:.string:pixel_GPS)
                  0000a7ba    00000152     main.obj (.const:.string:pixel_HISTORY)
                  0000a90c    00000152     main.obj (.const:.string:pixel_JOYSTICK)
                  0000aa5e    00000152     main.obj (.const:.string:pixel_MAX_IRRADIANCE)
                  0000abb0    00000152     main.obj (.const:.string:pixel_MIN_IRRADIANCE)
                  0000ad02    00000152     main.obj (.const:.string:pixel_MOVE)
                  0000ae54    00000152     main.obj (.const:.string:pixel_MOVE_1)
                  0000afa6    00000152     main.obj (.const:.string:pixel_PHI)
                  0000b0f8    00000152     main.obj (.const:.string:pixel_SPECS)
                  0000b24a    00000152     main.obj (.const:.string:pixel_THETA)
                  0000b39c    00000152     main.obj (.const:.string:pixel_VOLTAGE)
                  0000b4ee    00000101     rtsv7M4_T_le_v4SPD16_eabi.lib : ctype.c.obj (.const:.string:_ctypes_)
                  0000b5ef    00000001     --HOLE-- [fill = 0]
                  0000b5f0    000000c8                                   : strtod.c.obj (.const:$O1$$)
                  0000b6b8    000000c8     grlib.a : fontfixed6x8.obj (.const:g_sFontFixed6x8)
                  0000b780    00000098     rtsv7M4_T_le_v4SPD16_eabi.lib : s_atan.c.obj (.const:$O1$$)
                  0000b818    00000080     main.obj (.const:.string:pixel_BACK_ARROW)
                  0000b898    00000080     main.obj (.const:.string:pixel_CHANGE_ARROW)
                  0000b918    00000080     main.obj (.const:.string:pixel_DOWN_ARROW)
                  0000b998    00000080     main.obj (.const:.string:pixel_UP_ARROW)
                  0000ba18    00000080     msp432p4xx_driverlib.lib : adc14.o (.const:_ctlRegs)
                  0000ba98    00000060     rtsv7M4_T_le_v4SPD16_eabi.lib : mktime.c.obj (.const:$O1$$)
                  0000baf8    00000040     main.obj (.const:palette_BACK_ARROW)
                  0000bb38    00000040     main.obj (.const:palette_CHANGE_ARROW)
                  0000bb78    00000040     main.obj (.const:palette_DOWN_ARROW)
                  0000bbb8    00000040     main.obj (.const:palette_GPS)
                  0000bbf8    00000040     main.obj (.const:palette_HISTORY)
                  0000bc38    00000040     main.obj (.const:palette_JOYSTICK)
                  0000bc78    00000040     main.obj (.const:palette_MAX_IRRADIANCE)
                  0000bcb8    00000040     main.obj (.const:palette_MIN_IRRADIANCE)
                  0000bcf8    00000040     main.obj (.const:palette_MOVE)
                  0000bd38    00000040     main.obj (.const:palette_MOVE_1)
                  0000bd78    00000040     main.obj (.const:palette_PHI)
                  0000bdb8    00000040     main.obj (.const:palette_SPECS)
                  0000bdf8    00000040     main.obj (.const:palette_SQ_DOT)
                  0000be38    00000040     main.obj (.const:palette_THETA)
                  0000be78    00000040     main.obj (.const:palette_UP_ARROW)
                  0000beb8    00000040     main.obj (.const:palette_VOLTAGE)
                  0000bef8    00000038     main.obj (.const:.string)
                  0000bf30    00000030     rtsv7M4_T_le_v4SPD16_eabi.lib : e_pow.c.obj (.const:$O1$$)
                  0000bf60    00000030     msp432p4xx_driverlib.lib : gpio.o (.const:GPIO_PORT_TO_BASE)
                  0000bf90    00000028     main.obj (.const:uartConfig)
                  0000bfb8    00000020     main.obj (.const:.string:pixel_SQ_DOT)
                  0000bfd8    00000020     Crystalfontz128x128_ST7735.obj (.const:g_sCrystalfontz128x128_funcs)
                  0000bff8    0000001c     HAL_MSP_EXP432P401R_Crystalfontz128x128_ST7735.obj (.const:$P$T0$1)
                  0000c014    00000018     main.obj (.const:servo_timer_config)
                  0000c02c    00000010     main.obj (.const:BACK_ARROW_UNCOMP)
                  0000c03c    00000010     main.obj (.const:CHANGE_ARROW)
                  0000c04c    00000010     main.obj (.const:DOWN_ARROW_UNCOMP)
                  0000c05c    00000010     main.obj (.const:GPS_UNCOMP)
                  0000c06c    00000010     main.obj (.const:HISTORY_UNCOMP)
                  0000c07c    00000010     main.obj (.const:JOYSTICK_UNCOMP)
                  0000c08c    00000010     main.obj (.const:MAX_IRRADIANCE_UNCOMP)
                  0000c09c    00000010     main.obj (.const:MIN_IRRADIANCE_UNCOMP)
                  0000c0ac    00000010     main.obj (.const:MOVE_1_UNCOMP)
                  0000c0bc    00000010     main.obj (.const:MOVE_UNCOMP)
                  0000c0cc    00000010     main.obj (.const:PHI_UNCOMP)
                  0000c0dc    00000010     main.obj (.const:SPECS_UNCOMP)
                  0000c0ec    00000010     main.obj (.const:SQ_DOT_UNCOMP)
                  0000c0fc    00000010     main.obj (.const:THETA_UNCOMP)
                  0000c10c    00000010     main.obj (.const:UP_ARROW_UNCOMP)
                  0000c11c    00000010     main.obj (.const:VOLTAGE_UNCOMP)
                  0000c12c    00000004     --HOLE-- [fill = 0]
                  0000c130    00000010     rtsv7M4_T_le_v4SPD16_eabi.lib : e_fmod.c.obj (.const:Zero)
                  0000c140    00000008     Crystalfontz128x128_ST7735.obj (.const:$P$T0$1)
                  0000c148    00000008     msp432p4xx_driverlib.lib : interrupt.o (.const:g_pulDisRegs)
                  0000c150    00000008                              : interrupt.o (.const:g_pulEnRegs)

.cinit     0    0000c158    000000d8     
                  0000c158    000000ae     (.cinit..data.load) [load image, compression = lzss]
                  0000c206    00000002     --HOLE-- [fill = 0]
                  0000c208    0000000c     (__TI_handler_table)
                  0000c214    00000004     --HOLE-- [fill = 0]
                  0000c218    00000008     (.cinit..bss.load) [load image, compression = zero_init]
                  0000c220    00000010     (__TI_cinit_table)

.init_array 
*          0    00000000    00000000     UNINITIALIZED

.binit     0    00000000    00000000     

.sysmem    0    20000000    00000800     UNINITIALIZED
                  20000000    00000010     rtsv7M4_T_le_v4SPD16_eabi.lib : memory.c.obj (.sysmem)
                  20000010    000007f0     --HOLE--

.bss       0    20000800    00000623     UNINITIALIZED
                  20000800    00000400     grlib.a : image.obj (.bss:g_pulConvertedPalette)
                  20000c00    00000170     (.common:sentence)
                  20000d70    00000064     (.common:RXBuffer)
                  20000dd4    0000001c     (.common:g_sContext)
                  20000df0    00000010     (.common:solar_panel)
                  20000e00    00000004     main.obj (.bss:resultsBuffer)
                  20000e04    00000004     (.common:Tick)
                  20000e08    00000004     (.common:alt1Prev)
                  20000e0c    00000004     (.common:alt2Prev)
                  20000e10    00000004     (.common:depthPrev)
                  20000e14    00000002     (.common:Lcd_ScreenHeigth)
                  20000e16    00000002     (.common:Lcd_ScreenWidth)
                  20000e18    00000002     (.common:Lcd_TouchTrim)
                  20000e1a    00000002     (.common:analogRead)
                  20000e1c    00000002     (.common:pwm_counter)
                  20000e1e    00000001     (.common:Lcd_FlagRead)
                  20000e1f    00000001     (.common:Lcd_FontSolid)
                  20000e20    00000001     (.common:Lcd_Orientation)
                  20000e21    00000001     (.common:Lcd_PenSolid)
                  20000e22    00000001     (.common:RXData)

.data      0    20000e24    0000011c     UNINITIALIZED
                  20000e24    00000030     main.obj (.data:fsm)
                  20000e54    00000024     rtsv7M4_T_le_v4SPD16_eabi.lib : localtim.c.obj (.data:local_tm)
                  20000e78    0000001a     main.obj (.data)
                  20000e92    00000010     main.obj (.data:UBX_CFG_MSG_GGA_OFF)
                  20000ea2    00000010     main.obj (.data:UBX_CFG_MSG_GLL_OFF)
                  20000eb2    00000010     main.obj (.data:UBX_CFG_MSG_GSA_OFF)
                  20000ec2    00000010     main.obj (.data:UBX_CFG_MSG_GSV_OFF)
                  20000ed2    00000010     main.obj (.data:UBX_CFG_MSG_VTG_OFF)
                  20000ee2    00000002     main.obj (.data:joystick_state)
                  20000ee4    00000010     rtsv7M4_T_le_v4SPD16_eabi.lib : tmzone.c.obj (.data:_tz)
                  20000ef4    00000010     Crystalfontz128x128_ST7735.obj (.data:g_sCrystalfontz128x128)
                  20000f04    00000010     main.obj (.data:home_menu_names)
                  20000f14    0000000c     main.obj (.data:home_menu_move)
                  20000f20    00000008     rtsv7M4_T_le_v4SPD16_eabi.lib : _lock.c.obj (.data:$O1$$)
                  20000f28    00000008                                   : memory.c.obj (.data:$O1$$)
                  20000f30    00000006     main.obj (.data:sun_rise_time)
                  20000f36    00000006     main.obj (.data:sun_set_time)
                  20000f3c    00000004     rtsv7M4_T_le_v4SPD16_eabi.lib : errno.c.obj (.data)

.stack     0    2000fe00    00000200     UNINITIALIZED
                  2000fe00    00000004     rtsv7M4_T_le_v4SPD16_eabi.lib : boot_cortex_m.c.obj (.stack)
                  2000fe04    000001fc     --HOLE--

__llvm_prf_cnts 
*          0    20000000    00000000     UNINITIALIZED

MODULE SUMMARY

       Module                                               code    ro data   rw data
       ------                                               ----    -------   -------
    .\
       main.obj                                             4992    5662      1466   
       system_msp432p401r.obj                               120     0         0      
    +--+----------------------------------------------------+-------+---------+---------+
       Total:                                               5112    5662      1466   
                                                                                     
    .\ccs\
       startup_msp432p401r_ccs.obj                          14      228       0      
    +--+----------------------------------------------------+-------+---------+---------+
       Total:                                               14      228       0      
                                                                                     
    .\src\
       NMEAParser.obj                                       1420    0         0      
    +--+----------------------------------------------------+-------+---------+---------+
       Total:                                               1420    0         0      
                                                                                     
    .\src\LcdDriver\
       Crystalfontz128x128_ST7735.obj                       1670    40        52     
       HAL_MSP_EXP432P401R_Crystalfontz128x128_ST7735.obj   212     28        0      
    +--+----------------------------------------------------+-------+---------+---------+
       Total:                                               1882    68        52     
                                                                                     
    .\src\servo\
       Sun_az_alt.obj                                       2908    0         0      
    +--+----------------------------------------------------+-------+---------+---------+
       Total:                                               2908    0         0      
                                                                                     
    C:/simplelink_msp432p4_sdk_3_40_01_02/source/ti/devices/msp432p4xx/driverlib/ccs/msp432p4xx_driverlib.lib
       adc14.o                                              864     128       0      
       gpio.o                                               740     48        0      
       uart.o                                               600     0         0      
       timer_a.o                                            494     0         0      
       cs.o                                                 356     0         0      
       spi.o                                                312     0         0      
       interrupt.o                                          256     16        0      
       flash.o                                              72      0         0      
       systick.o                                            56      0         0      
       wdt_a.o                                              36      0         0      
    +--+----------------------------------------------------+-------+---------+---------+
       Total:                                               3786    192       0      
                                                                                     
    C:/simplelink_msp432p4_sdk_3_40_01_02/source/ti/grlib/lib/ccs/m4f/grlib.a
       image.obj                                            1020    0         2048   
       string.obj                                           1214    0         0      
       fontfixed6x8.obj                                     0       960       0      
       line.obj                                             312     0         0      
       display.obj                                          270     0         0      
       context.obj                                          174     0         0      
       rectangle.obj                                        162     0         0      
    +--+----------------------------------------------------+-------+---------+---------+
       Total:                                               3152    960       2048   
                                                                                     
    C:\ti\ccs1270\ccs\tools\compiler\ti-cgt-arm_20.2.7.LTS\lib\rtsv7M4_T_le_v4SPD16_eabi.lib
       _printfi.c.obj                                       4851    0         0      
       e_pow.c.obj                                          2512    48        0      
       k_rem_pio2.c.obj                                     1848    344       0      
       s_sin.c.obj                                          1504    0         0      
       s_cos.c.obj                                          1500    0         0      
       strtod.c.obj                                         1120    200       0      
       e_asin.c.obj                                         980     0         0      
       s_atan.c.obj                                         748     152       0      
       mktime.c.obj                                         672     96        0      
       memory.c.obj                                         672     0         16     
       e_fmod.c.obj                                         564     16        0      
       e_atan2.c.obj                                        484     0         0      
       fd_add_t2.asm.obj                                    438     0         0      
       localtim.c.obj                                       308     0         72     
       k_sin.c.obj                                          372     0         0      
       k_cos.c.obj                                          368     0         0      
       e_sqrt.c.obj                                         344     0         0      
       fd_div_t2.asm.obj                                    310     0         0      
       strtol.c.obj                                         304     0         0      
       s_scalbn.c.obj                                       272     0         0      
       fd_cmp_t2.asm.obj                                    268     0         0      
       ctype.c.obj                                          0       257       0      
       fd_mul_t2.asm.obj                                    252     0         0      
       s_floor.c.obj                                        248     0         0      
       memcpy_t2.asm.obj                                    156     0         0      
       s_modf.c.obj                                         156     0         0      
       ull_div_t2.asm.obj                                   150     0         0      
       memset_t2.asm.obj                                    122     0         0      
       fd_tos_t2.asm.obj                                    110     0         0      
       ll_div_t2.asm.obj                                    110     0         0      
       copy_decompress_lzss.c.obj                           104     0         0      
       s_frexp.c.obj                                        100     0         0      
       sprintf.c.obj                                        98      0         0      
       _ltoa.c.obj                                          84      0         0      
       atoi.c.obj                                           76      0         0      
       fd_toi_t2.asm.obj                                    72      0         0      
       autoinit.c.obj                                       68      0         0      
       u_divt2.asm.obj                                      64      0         0      
       fs_tod_t2.asm.obj                                    56      0         0      
       gmtime.c.obj                                         56      0         0      
       strncpy.c.obj                                        54      0         0      
       boot_cortex_m.c.obj                                  52      0         0      
       i_tofd_t2.asm.obj                                    46      0         0      
       strcspn.c.obj                                        36      0         0      
       tmzone.c.obj                                         0       0         32     
       strcat.c.obj                                         30      0         0      
       memccpy.c.obj                                        28      0         0      
       strdup.c.obj                                         28      0         0      
       s_copysign.c.obj                                     26      0         0      
       strcmp.c.obj                                         24      0         0      
       strchr.c.obj                                         22      0         0      
       strcpy.c.obj                                         20      0         0      
       strlen.c.obj                                         20      0         0      
       _lock.c.obj                                          2       0         16     
       wcslen.c.obj                                         18      0         0      
       errno.c.obj                                          8       0         8      
       copy_decompress_none.c.obj                           14      0         0      
       copy_zero_init.c.obj                                 12      0         0      
       exit.c.obj                                           4       0         0      
       pre_init.c.obj                                       4       0         0      
       div0.asm.obj                                         2       0         0      
    +--+----------------------------------------------------+-------+---------+---------+
       Total:                                               22971   1113      144    
                                                                                     
       Heap:                                                0       0         4096   
       Stack:                                               0       0         1024   
       Linker Generated:                                    0       210       0      
    +--+----------------------------------------------------+-------+---------+---------+
       Grand Total:                                         41245   8433      8830   


LINKER GENERATED COPY TABLES

__TI_cinit_table @ 0000c220 records: 2, size/record: 8, table size: 16
	.data: load addr=0000c158, load size=000000ae bytes, run addr=20000e24, run size=0000011c bytes, compression=lzss
	.bss: load addr=0000c218, load size=00000008 bytes, run addr=20000800, run size=00000623 bytes, compression=zero_init


LINKER GENERATED HANDLER TABLE

__TI_handler_table @ 0000c208 records: 3, size/record: 4, table size: 12
	index: 0, handler: __TI_decompress_lzss
	index: 1, handler: __TI_decompress_none
	index: 2, handler: __TI_zero_init


GLOBAL SYMBOLS: SORTED ALPHABETICALLY BY Name 

address   name                                       
-------   ----                                       
00004ad5  ADC14_IRQHandler                           
00004ad5  ADC14_IRQHandler                           
00007d29  ADC14_configureConversionMemory            
00007ddd  ADC14_configureMultiSequenceMode           
000099a9  ADC14_disableInterrupt                     
000099d9  ADC14_enableInterrupt                      
00009cb1  ADC14_getResult                            
00000b33  AES256_IRQHandler                          
0000c02c  BACK_ARROW_UNCOMP                          
00000b33  BusFault_Handler                           
0000a211  C$$EXIT                                    
0000c03c  CHANGE_ARROW                               
00000b33  COMP_E0_IRQHandler                         
00000b33  COMP_E1_IRQHandler                         
00000b33  CS_IRQHandler                              
00006bf9  CS_initClockSignal                         
000098d9  CS_setDCOCenteredFrequency                 
00006e59  Crystalfontz128x128_Init                   
00006991  Crystalfontz128x128_SetDrawFrame           
00008fb5  Crystalfontz128x128_SetOrientation         
00000b33  DMA_ERR_IRQHandler                         
00000b33  DMA_INT0_IRQHandler                        
00000b33  DMA_INT1_IRQHandler                        
00000b33  DMA_INT2_IRQHandler                        
00000b33  DMA_INT3_IRQHandler                        
0000c04c  DOWN_ARROW_UNCOMP                          
00000b33  DebugMon_Handler                           
00000b33  Default_Handler                            
00009b81  EUSCIA0_IRQHandler                         
00009b81  EUSCIA0_IRQHandler                         
00000b33  EUSCIA1_IRQHandler                         
00000b33  EUSCIA2_IRQHandler                         
00000b33  EUSCIA3_IRQHandler                         
00000b33  EUSCIB0_IRQHandler                         
00000b33  EUSCIB1_IRQHandler                         
00000b33  EUSCIB2_IRQHandler                         
00000b33  EUSCIB3_IRQHandler                         
0000a049  EUSCI_A_SPI_enable                         
0000a05f  EUSCI_B_SPI_enable                         
00000b33  FLCTL_IRQHandler                           
00000b33  FPU_IRQHandler                             
00009239  FlashCtl_setWaitState                      
00009d01  GPIO_clearInterruptFlag                    
00009d29  GPIO_enableInterrupt                       
000086e1  GPIO_getEnabledInterruptStatus             
00009df1  GPIO_getInterruptStatus                    
00009155  GPIO_setAsInputPin                         
000094ad  GPIO_setAsOutputPin                        
000084c5  GPIO_setAsPeripheralModuleFunctionInputPin 
0000854d  GPIO_setAsPeripheralModuleFunctionOutputPin
00009d51  GPIO_setOutputHighOnPin                    
00009d79  GPIO_setOutputLowOnPin                     
0000c05c  GPS_UNCOMP                                 
0000a15d  Graphics_clearDisplay                      
00009f4d  Graphics_clearDisplayOnDisplay             
00009801  Graphics_drawHorizontalLineOnDisplay       
000041b9  Graphics_drawImage                         
00008131  Graphics_drawLineH                         
000081cd  Graphics_drawLineV                         
00009359  Graphics_drawMultiplePixelsOnDisplay       
00009bad  Graphics_drawPixelOnDisplay                
00007ff3  Graphics_drawRectangle                     
00003129  Graphics_drawString                        
00009837  Graphics_drawVerticalLineOnDisplay         
000090b1  Graphics_initContext                       
00009f67  Graphics_setBackgroundColor                
00009f81  Graphics_setFont                           
0000a075  Graphics_setForegroundColor                
0000a08b  Graphics_translateColorOnDisplay           
00009a09  HAL_LCD_PortInit                           
0000952d  HAL_LCD_SpiInit                            
00009721  HAL_LCD_writeCommand                       
00009bd9  HAL_LCD_writeData                          
0000c06c  HISTORY_UNCOMP                             
00000b33  HardFault_Handler                          
00008765  Interrupt_disableInterrupt                 
000087e5  Interrupt_enableInterrupt                  
0000c07c  JOYSTICK_UNCOMP                            
20000e1e  Lcd_FlagRead                               
20000e1f  Lcd_FontSolid                              
20000e20  Lcd_Orientation                            
20000e21  Lcd_PenSolid                               
20000e14  Lcd_ScreenHeigth                           
20000e16  Lcd_ScreenWidth                            
20000e18  Lcd_TouchTrim                              
0000c08c  MAX_IRRADIANCE_UNCOMP                      
0000c09c  MIN_IRRADIANCE_UNCOMP                      
0000c0ac  MOVE_1_UNCOMP                              
0000c0bc  MOVE_UNCOMP                                
00000b33  MemManage_Handler                          
00000b33  NMI_Handler                                
00000b33  PCM_IRQHandler                             
0000c0cc  PHI_UNCOMP                                 
00000b33  PORT1_IRQHandler                           
00000b33  PORT2_IRQHandler                           
00008f05  PORT3_IRQHandler                           
00008f05  PORT3_IRQHandler                           
00000b33  PORT4_IRQHandler                           
000093a1  PORT5_IRQHandler                           
000093a1  PORT5_IRQHandler                           
00000b33  PORT6_IRQHandler                           
00000b33  PSS_IRQHandler                             
00000b33  PendSV_Handler                             
0000a0f9  PrintChar                                  
000079e9  PrintFloat                                 
00008437  PrintInteger                               
00000b33  RTC_C_IRQHandler                           
20000d70  RXBuffer                                   
20000e22  RXData                                     
0000a1cf  Reset_Handler                              
0000c0dc  SPECS_UNCOMP                               
00009ebf  SPI_enableModule                           
00007f43  SPI_initMaster                             
0000c0ec  SQ_DOT_UNCOMP                              
00000b33  SVC_Handler                                
00001505  SolarAzEl                                  
0000a191  SysTick_Handler                            
0000a191  SysTick_Handler                            
0000a1a1  SysTick_enableInterrupt                    
0000a1b1  SysTick_enableModule                       
00009fe9  SysTick_setPeriod                          
000088e1  SystemInit                                 
00000b33  T32_INT1_IRQHandler                        
00000b33  T32_INT2_IRQHandler                        
00000b33  T32_INTC_IRQHandler                        
00000b33  TA0_0_IRQHandler                           
00000b33  TA0_N_IRQHandler                           
0000990d  TA1_0_IRQHandler                           
0000990d  TA1_0_IRQHandler                           
00000b33  TA1_N_IRQHandler                           
00000b33  TA2_0_IRQHandler                           
00000b33  TA2_N_IRQHandler                           
00000b33  TA3_0_IRQHandler                           
00000b33  TA3_N_IRQHandler                           
0000c0fc  THETA_UNCOMP                               
20000e04  Tick                                       
00009c05  Timer_A_clearCaptureCompareInterrupt       
00008bed  Timer_A_configureUpMode                    
0000a0a1  Timer_A_startCounter                       
0000a0b7  UART_clearInterruptFlag                    
00009a39  UART_enableInterrupt                       
0000a0cd  UART_enableModule                          
00008cbd  UART_getEnabledInterruptStatus             
0000a001  UART_getInterruptStatus                    
000071d5  UART_initModule                            
00009a69  UART_receiveData                           
00009941  UART_transmitData                          
20000e92  UBX_CFG_MSG_GGA_OFF                        
20000ea2  UBX_CFG_MSG_GLL_OFF                        
20000eb2  UBX_CFG_MSG_GSA_OFF                        
20000ec2  UBX_CFG_MSG_GSV_OFF                        
20000ed2  UBX_CFG_MSG_VTG_OFF                        
0000c10c  UP_ARROW_UNCOMP                            
00000b33  UsageFault_Handler                         
0000c11c  VOLTAGE_UNCOMP                             
4000480c  WDTCTL_SYM                                 
00000b33  WDT_A_IRQHandler                           
00009e15  WDT_A_holdTimer                            
20010000  __STACK_END                                
00000200  __STACK_SIZE                               
00000800  __SYSMEM_SIZE                              
0000c220  __TI_CINIT_Base                            
0000c230  __TI_CINIT_Limit                           
0000c208  __TI_Handler_Table_Base                    
0000c214  __TI_Handler_Table_Limit                   
000093e5  __TI_auto_init_nobinit_nopinit             
00008c55  __TI_decompress_lzss                       
0000a1c1  __TI_decompress_none                       
00009009  __TI_ltoa                                  
ffffffff  __TI_pprof_out_hndl                        
000000e5  __TI_printfi                               
ffffffff  __TI_prof_data_size                        
ffffffff  __TI_prof_data_start                       
00000000  __TI_static_base__                         
0000a1db  __TI_zero_init                             
000085d5  __aeabi_cdcmpeq                            
000085d5  __aeabi_cdcmple                            
0000865b  __aeabi_cdrcmple                           
00008aa5  __aeabi_d2f                                
00009311  __aeabi_d2iz                               
00005bab  __aeabi_dadd                               
00006859  __aeabi_ddiv                               
00007711  __aeabi_dmul                               
00005ba1  __aeabi_dsub                               
0000a1fd  __aeabi_errno_addr                         
00009791  __aeabi_f2d                                
00009b25  __aeabi_i2d                                
00007b93  __aeabi_idiv0                              
00007b93  __aeabi_ldiv0                              
00008b13  __aeabi_ldivmod                            
00008865  __aeabi_memclr                             
00008865  __aeabi_memclr4                            
00008865  __aeabi_memclr8                            
00008305  __aeabi_memcpy                             
00008305  __aeabi_memcpy4                            
00008305  __aeabi_memcpy8                            
00008867  __aeabi_memset                             
00008867  __aeabi_memset4                            
00008867  __aeabi_memset8                            
000095ed  __aeabi_uidiv                              
000095ed  __aeabi_uidivmod                           
000083a1  __aeabi_uldivmod                           
ffffffff  __binit__                                  
ffffffff  __c_args__                                 
00009759  __gmtime32                                 
0000604d  __kernel_cos                               
00001e35  __kernel_rem_pio2                          
00005ed9  __kernel_sin                               
00006ac5  __localtime32                              
00004835  __mktime32                                 
UNDEFED   __mpu_init                                 
2000fe00  __stack                                    
20000000  __start___llvm_prf_cnts                    
20000000  __stop___llvm_prf_cnts                     
00009975  _c_int00_noargs                            
0000b4ee  _ctypes_                                   
20000f20  _lock                                      
000035a7  _nop                                       
20000000  _sys_memory                                
UNDEFED   _system_post_cinit                         
0000a20d  _system_pre_init                           
20000ee4  _tz                                        
20000f24  _unlock                                    
0000a211  abort                                      
00009ac9  active_pos                                 
00007511  aligned_alloc                              
20000e84  alt1                                       
20000e08  alt1Prev                                   
20000e8c  alt2                                       
20000e0c  alt2Prev                                   
20000e1a  analogRead                                 
00003de5  asin                                       
00003de5  asinl                                      
00004549  atan                                       
00005615  atan2                                      
00005615  atan2l                                     
00004549  atanl                                      
000091a1  atoi                                       
ffffffff  binit                                      
00009c31  configure_pwm_timer                        
00009f9b  copysign                                   
00009f9b  copysignl                                  
00002b4d  cos                                        
00002b4d  cosl                                       
20000e90  count                                      
20000e91  current_state                              
00009e39  delay_ms                                   
20000e88  depth                                      
20000e10  depthPrev                                  
000061bd  drawMenu1                                  
00005429  drawMenu2                                  
00007b95  drawMenu3                                  
000096ab  drawMenuElement                            
0000956d  drawRectangle                              
00009da1  drawText                                   
20000f3c  errno                                      
0000780d  floor                                      
0000780d  floorl                                     
00004fc9  fmod                                       
00004fc9  fmodl                                      
00007c61  fn_GPS_ACQUIRE                             
00005d57  fn_MANUAL                                  
000072f1  fn_NAVIGATION                              
00009281  fn_POSITIONING                             
0000698f  fn_WAIT_AUTO                               
00009edd  fn_ZENIT                                   
00007905  free                                       
00008d21  frexp                                      
00008d21  frexpl                                     
20000e24  fsm                                        
20000dd4  g_sContext                                 
20000ef4  g_sCrystalfontz128x128                     
0000bfd8  g_sCrystalfontz128x128_funcs               
0000b6b8  g_sFontFixed6x8                            
00009fb5  get_servo_angle                            
00009759  gmtime                                     
00008e45  gps_UART_setup                             
00006f85  gps_acquisition                            
00007611  gps_setup                                  
20000f14  home_menu_move                             
20000f04  home_menu_names                            
00009e81  initMessageRMC                             
000092c9  init_clk                                   
0000a10d  init_delay                                 
00000000  interruptVectors                           
20000ee2  joystick_state                             
000051fd  julian_day                                 
00007401  ldexp                                      
00007401  ldexpl                                     
00006ac5  localtime                                  
0000905d  main                                       
0000a205  malloc                                     
00007511  memalign                                   
00009f15  memccpy                                    
00008305  memcpy                                     
0000886d  memset                                     
00009c5d  menu_keep_range                            
00004835  mktime                                     
00008269  modf                                       
00008269  modfl                                      
000091ed  my_strsep                                  
00009c87  pacMan_1_n                                 
00003a09  parseRMC                                   
20000e7c  phi                                        
00008a37  point_sun                                  
00000b35  pow                                        
00000b35  powl                                       
20000e1c  pwm_counter                                
0000a121  pwm_panel_control                          
00009a99  pwm_servo_control                          
00008ea5  replaceChar                                
00009af7  resting_pos                                
00007401  scalbn                                     
00007401  scalbnl                                    
0000986d  selMenu                                    
20000c00  sentence                                   
0000c014  servo_timer_config                         
00009fcf  setMessage                                 
00009429  set_servo_angle                            
00005d59  setup_menu                                 
000097c9  setup_servo                                
000096e7  setup_servo_panel                          
0000256d  sin                                        
0000256d  sinl                                       
20000df0  solar_panel                                
0000962d  sprintf                                    
00006481  sqrt                                       
00006481  sqrtl                                      
00009ea1  strcat                                     
0000a0e3  strchr                                     
0000a031  strcmp                                     
0000a135  strcpy                                     
00009e5d  strcspn                                    
00009f31  strdup                                     
0000a149  strlen                                     
000098a3  strncpy                                    
000035a9  strtod                                     
00006d29  strtol                                     
000035a9  strtold                                    
20000f30  sun_rise_time                              
20000f36  sun_set_time                               
20000e80  theta                                      
0000bf90  uartConfig                                 
20000e78  v_out                                      
00007ac5  validateChecksum                           
0000a16f  wcslen                                     


GLOBAL SYMBOLS: SORTED BY Symbol Address 

address   name                                       
-------   ----                                       
00000000  __TI_static_base__                         
00000000  interruptVectors                           
000000e5  __TI_printfi                               
00000200  __STACK_SIZE                               
00000800  __SYSMEM_SIZE                              
00000b33  AES256_IRQHandler                          
00000b33  BusFault_Handler                           
00000b33  COMP_E0_IRQHandler                         
00000b33  COMP_E1_IRQHandler                         
00000b33  CS_IRQHandler                              
00000b33  DMA_ERR_IRQHandler                         
00000b33  DMA_INT0_IRQHandler                        
00000b33  DMA_INT1_IRQHandler                        
00000b33  DMA_INT2_IRQHandler                        
00000b33  DMA_INT3_IRQHandler                        
00000b33  DebugMon_Handler                           
00000b33  Default_Handler                            
00000b33  EUSCIA1_IRQHandler                         
00000b33  EUSCIA2_IRQHandler                         
00000b33  EUSCIA3_IRQHandler                         
00000b33  EUSCIB0_IRQHandler                         
00000b33  EUSCIB1_IRQHandler                         
00000b33  EUSCIB2_IRQHandler                         
00000b33  EUSCIB3_IRQHandler                         
00000b33  FLCTL_IRQHandler                           
00000b33  FPU_IRQHandler                             
00000b33  HardFault_Handler                          
00000b33  MemManage_Handler                          
00000b33  NMI_Handler                                
00000b33  PCM_IRQHandler                             
00000b33  PORT1_IRQHandler                           
00000b33  PORT2_IRQHandler                           
00000b33  PORT4_IRQHandler                           
00000b33  PORT6_IRQHandler                           
00000b33  PSS_IRQHandler                             
00000b33  PendSV_Handler                             
00000b33  RTC_C_IRQHandler                           
00000b33  SVC_Handler                                
00000b33  T32_INT1_IRQHandler                        
00000b33  T32_INT2_IRQHandler                        
00000b33  T32_INTC_IRQHandler                        
00000b33  TA0_0_IRQHandler                           
00000b33  TA0_N_IRQHandler                           
00000b33  TA1_N_IRQHandler                           
00000b33  TA2_0_IRQHandler                           
00000b33  TA2_N_IRQHandler                           
00000b33  TA3_0_IRQHandler                           
00000b33  TA3_N_IRQHandler                           
00000b33  UsageFault_Handler                         
00000b33  WDT_A_IRQHandler                           
00000b35  pow                                        
00000b35  powl                                       
00001505  SolarAzEl                                  
00001e35  __kernel_rem_pio2                          
0000256d  sin                                        
0000256d  sinl                                       
00002b4d  cos                                        
00002b4d  cosl                                       
00003129  Graphics_drawString                        
000035a7  _nop                                       
000035a9  strtod                                     
000035a9  strtold                                    
00003a09  parseRMC                                   
00003de5  asin                                       
00003de5  asinl                                      
000041b9  Graphics_drawImage                         
00004549  atan                                       
00004549  atanl                                      
00004835  __mktime32                                 
00004835  mktime                                     
00004ad5  ADC14_IRQHandler                           
00004ad5  ADC14_IRQHandler                           
00004fc9  fmod                                       
00004fc9  fmodl                                      
000051fd  julian_day                                 
00005429  drawMenu2                                  
00005615  atan2                                      
00005615  atan2l                                     
00005ba1  __aeabi_dsub                               
00005bab  __aeabi_dadd                               
00005d57  fn_MANUAL                                  
00005d59  setup_menu                                 
00005ed9  __kernel_sin                               
0000604d  __kernel_cos                               
000061bd  drawMenu1                                  
00006481  sqrt                                       
00006481  sqrtl                                      
00006859  __aeabi_ddiv                               
0000698f  fn_WAIT_AUTO                               
00006991  Crystalfontz128x128_SetDrawFrame           
00006ac5  __localtime32                              
00006ac5  localtime                                  
00006bf9  CS_initClockSignal                         
00006d29  strtol                                     
00006e59  Crystalfontz128x128_Init                   
00006f85  gps_acquisition                            
000071d5  UART_initModule                            
000072f1  fn_NAVIGATION                              
00007401  ldexp                                      
00007401  ldexpl                                     
00007401  scalbn                                     
00007401  scalbnl                                    
00007511  aligned_alloc                              
00007511  memalign                                   
00007611  gps_setup                                  
00007711  __aeabi_dmul                               
0000780d  floor                                      
0000780d  floorl                                     
00007905  free                                       
000079e9  PrintFloat                                 
00007ac5  validateChecksum                           
00007b93  __aeabi_idiv0                              
00007b93  __aeabi_ldiv0                              
00007b95  drawMenu3                                  
00007c61  fn_GPS_ACQUIRE                             
00007d29  ADC14_configureConversionMemory            
00007ddd  ADC14_configureMultiSequenceMode           
00007f43  SPI_initMaster                             
00007ff3  Graphics_drawRectangle                     
00008131  Graphics_drawLineH                         
000081cd  Graphics_drawLineV                         
00008269  modf                                       
00008269  modfl                                      
00008305  __aeabi_memcpy                             
00008305  __aeabi_memcpy4                            
00008305  __aeabi_memcpy8                            
00008305  memcpy                                     
000083a1  __aeabi_uldivmod                           
00008437  PrintInteger                               
000084c5  GPIO_setAsPeripheralModuleFunctionInputPin 
0000854d  GPIO_setAsPeripheralModuleFunctionOutputPin
000085d5  __aeabi_cdcmpeq                            
000085d5  __aeabi_cdcmple                            
0000865b  __aeabi_cdrcmple                           
000086e1  GPIO_getEnabledInterruptStatus             
00008765  Interrupt_disableInterrupt                 
000087e5  Interrupt_enableInterrupt                  
00008865  __aeabi_memclr                             
00008865  __aeabi_memclr4                            
00008865  __aeabi_memclr8                            
00008867  __aeabi_memset                             
00008867  __aeabi_memset4                            
00008867  __aeabi_memset8                            
0000886d  memset                                     
000088e1  SystemInit                                 
00008a37  point_sun                                  
00008aa5  __aeabi_d2f                                
00008b13  __aeabi_ldivmod                            
00008bed  Timer_A_configureUpMode                    
00008c55  __TI_decompress_lzss                       
00008cbd  UART_getEnabledInterruptStatus             
00008d21  frexp                                      
00008d21  frexpl                                     
00008e45  gps_UART_setup                             
00008ea5  replaceChar                                
00008f05  PORT3_IRQHandler                           
00008f05  PORT3_IRQHandler                           
00008fb5  Crystalfontz128x128_SetOrientation         
00009009  __TI_ltoa                                  
0000905d  main                                       
000090b1  Graphics_initContext                       
00009155  GPIO_setAsInputPin                         
000091a1  atoi                                       
000091ed  my_strsep                                  
00009239  FlashCtl_setWaitState                      
00009281  fn_POSITIONING                             
000092c9  init_clk                                   
00009311  __aeabi_d2iz                               
00009359  Graphics_drawMultiplePixelsOnDisplay       
000093a1  PORT5_IRQHandler                           
000093a1  PORT5_IRQHandler                           
000093e5  __TI_auto_init_nobinit_nopinit             
00009429  set_servo_angle                            
000094ad  GPIO_setAsOutputPin                        
0000952d  HAL_LCD_SpiInit                            
0000956d  drawRectangle                              
000095ed  __aeabi_uidiv                              
000095ed  __aeabi_uidivmod                           
0000962d  sprintf                                    
000096ab  drawMenuElement                            
000096e7  setup_servo_panel                          
00009721  HAL_LCD_writeCommand                       
00009759  __gmtime32                                 
00009759  gmtime                                     
00009791  __aeabi_f2d                                
000097c9  setup_servo                                
00009801  Graphics_drawHorizontalLineOnDisplay       
00009837  Graphics_drawVerticalLineOnDisplay         
0000986d  selMenu                                    
000098a3  strncpy                                    
000098d9  CS_setDCOCenteredFrequency                 
0000990d  TA1_0_IRQHandler                           
0000990d  TA1_0_IRQHandler                           
00009941  UART_transmitData                          
00009975  _c_int00_noargs                            
000099a9  ADC14_disableInterrupt                     
000099d9  ADC14_enableInterrupt                      
00009a09  HAL_LCD_PortInit                           
00009a39  UART_enableInterrupt                       
00009a69  UART_receiveData                           
00009a99  pwm_servo_control                          
00009ac9  active_pos                                 
00009af7  resting_pos                                
00009b25  __aeabi_i2d                                
00009b81  EUSCIA0_IRQHandler                         
00009b81  EUSCIA0_IRQHandler                         
00009bad  Graphics_drawPixelOnDisplay                
00009bd9  HAL_LCD_writeData                          
00009c05  Timer_A_clearCaptureCompareInterrupt       
00009c31  configure_pwm_timer                        
00009c5d  menu_keep_range                            
00009c87  pacMan_1_n                                 
00009cb1  ADC14_getResult                            
00009d01  GPIO_clearInterruptFlag                    
00009d29  GPIO_enableInterrupt                       
00009d51  GPIO_setOutputHighOnPin                    
00009d79  GPIO_setOutputLowOnPin                     
00009da1  drawText                                   
00009df1  GPIO_getInterruptStatus                    
00009e15  WDT_A_holdTimer                            
00009e39  delay_ms                                   
00009e5d  strcspn                                    
00009e81  initMessageRMC                             
00009ea1  strcat                                     
00009ebf  SPI_enableModule                           
00009edd  fn_ZENIT                                   
00009f15  memccpy                                    
00009f31  strdup                                     
00009f4d  Graphics_clearDisplayOnDisplay             
00009f67  Graphics_setBackgroundColor                
00009f81  Graphics_setFont                           
00009f9b  copysign                                   
00009f9b  copysignl                                  
00009fb5  get_servo_angle                            
00009fcf  setMessage                                 
00009fe9  SysTick_setPeriod                          
0000a001  UART_getInterruptStatus                    
0000a031  strcmp                                     
0000a049  EUSCI_A_SPI_enable                         
0000a05f  EUSCI_B_SPI_enable                         
0000a075  Graphics_setForegroundColor                
0000a08b  Graphics_translateColorOnDisplay           
0000a0a1  Timer_A_startCounter                       
0000a0b7  UART_clearInterruptFlag                    
0000a0cd  UART_enableModule                          
0000a0e3  strchr                                     
0000a0f9  PrintChar                                  
0000a10d  init_delay                                 
0000a121  pwm_panel_control                          
0000a135  strcpy                                     
0000a149  strlen                                     
0000a15d  Graphics_clearDisplay                      
0000a16f  wcslen                                     
0000a191  SysTick_Handler                            
0000a191  SysTick_Handler                            
0000a1a1  SysTick_enableInterrupt                    
0000a1b1  SysTick_enableModule                       
0000a1c1  __TI_decompress_none                       
0000a1cf  Reset_Handler                              
0000a1db  __TI_zero_init                             
0000a1fd  __aeabi_errno_addr                         
0000a205  malloc                                     
0000a20d  _system_pre_init                           
0000a211  C$$EXIT                                    
0000a211  abort                                      
0000b4ee  _ctypes_                                   
0000b6b8  g_sFontFixed6x8                            
0000bf90  uartConfig                                 
0000bfd8  g_sCrystalfontz128x128_funcs               
0000c014  servo_timer_config                         
0000c02c  BACK_ARROW_UNCOMP                          
0000c03c  CHANGE_ARROW                               
0000c04c  DOWN_ARROW_UNCOMP                          
0000c05c  GPS_UNCOMP                                 
0000c06c  HISTORY_UNCOMP                             
0000c07c  JOYSTICK_UNCOMP                            
0000c08c  MAX_IRRADIANCE_UNCOMP                      
0000c09c  MIN_IRRADIANCE_UNCOMP                      
0000c0ac  MOVE_1_UNCOMP                              
0000c0bc  MOVE_UNCOMP                                
0000c0cc  PHI_UNCOMP                                 
0000c0dc  SPECS_UNCOMP                               
0000c0ec  SQ_DOT_UNCOMP                              
0000c0fc  THETA_UNCOMP                               
0000c10c  UP_ARROW_UNCOMP                            
0000c11c  VOLTAGE_UNCOMP                             
0000c208  __TI_Handler_Table_Base                    
0000c214  __TI_Handler_Table_Limit                   
0000c220  __TI_CINIT_Base                            
0000c230  __TI_CINIT_Limit                           
20000000  __start___llvm_prf_cnts                    
20000000  __stop___llvm_prf_cnts                     
20000000  _sys_memory                                
20000c00  sentence                                   
20000d70  RXBuffer                                   
20000dd4  g_sContext                                 
20000df0  solar_panel                                
20000e04  Tick                                       
20000e08  alt1Prev                                   
20000e0c  alt2Prev                                   
20000e10  depthPrev                                  
20000e14  Lcd_ScreenHeigth                           
20000e16  Lcd_ScreenWidth                            
20000e18  Lcd_TouchTrim                              
20000e1a  analogRead                                 
20000e1c  pwm_counter                                
20000e1e  Lcd_FlagRead                               
20000e1f  Lcd_FontSolid                              
20000e20  Lcd_Orientation                            
20000e21  Lcd_PenSolid                               
20000e22  RXData                                     
20000e24  fsm                                        
20000e78  v_out                                      
20000e7c  phi                                        
20000e80  theta                                      
20000e84  alt1                                       
20000e88  depth                                      
20000e8c  alt2                                       
20000e90  count                                      
20000e91  current_state                              
20000e92  UBX_CFG_MSG_GGA_OFF                        
20000ea2  UBX_CFG_MSG_GLL_OFF                        
20000eb2  UBX_CFG_MSG_GSA_OFF                        
20000ec2  UBX_CFG_MSG_GSV_OFF                        
20000ed2  UBX_CFG_MSG_VTG_OFF                        
20000ee2  joystick_state                             
20000ee4  _tz                                        
20000ef4  g_sCrystalfontz128x128                     
20000f04  home_menu_names                            
20000f14  home_menu_move                             
20000f20  _lock                                      
20000f24  _unlock                                    
20000f30  sun_rise_time                              
20000f36  sun_set_time                               
20000f3c  errno                                      
2000fe00  __stack                                    
20010000  __STACK_END                                
4000480c  WDTCTL_SYM                                 
ffffffff  __TI_pprof_out_hndl                        
ffffffff  __TI_prof_data_size                        
ffffffff  __TI_prof_data_start                       
ffffffff  __binit__                                  
ffffffff  __c_args__                                 
ffffffff  binit                                      
UNDEFED   __mpu_init                                 
UNDEFED   _system_post_cinit                         

[346 symbols]
