<?xml version="1.0" encoding="ISO-8859-1" ?>
<link_info>
   <banner>TI ARM Linker Unix v20.2.7.LTS</banner>
   <copyright>Copyright (c) 1996-2018 Texas Instruments Incorporated</copyright>
   <link_time>0x66968f12</link_time>
   <link_errors>0x0</link_errors>
   <output_file>SunScanner.out</output_file>
   <entry_point>
      <name>_c_int00_noargs</name>
      <address>0x9951</address>
   </entry_point>
   <input_file_list>
      <input_file id="fl-2">
         <path>./</path>
         <kind>object</kind>
         <file>main.obj</file>
         <name>main.obj</name>
      </input_file>
      <input_file id="fl-3">
         <path>./</path>
         <kind>object</kind>
         <file>system_msp432p401r.obj</file>
         <name>system_msp432p401r.obj</name>
      </input_file>
      <input_file id="fl-4">
         <path>./ccs/</path>
         <kind>object</kind>
         <file>startup_msp432p401r_ccs.obj</file>
         <name>startup_msp432p401r_ccs.obj</name>
      </input_file>
      <input_file id="fl-5">
         <path>./src/LcdDriver/</path>
         <kind>object</kind>
         <file>Crystalfontz128x128_ST7735.obj</file>
         <name>Crystalfontz128x128_ST7735.obj</name>
      </input_file>
      <input_file id="fl-6">
         <path>./src/LcdDriver/</path>
         <kind>object</kind>
         <file>HAL_MSP_EXP432P401R_Crystalfontz128x128_ST7735.obj</file>
         <name>HAL_MSP_EXP432P401R_Crystalfontz128x128_ST7735.obj</name>
      </input_file>
      <input_file id="fl-7">
         <path>./src/</path>
         <kind>object</kind>
         <file>NMEAParser.obj</file>
         <name>NMEAParser.obj</name>
      </input_file>
      <input_file id="fl-8">
         <path>./src/servo/</path>
         <kind>object</kind>
         <file>Sun_az_alt.obj</file>
         <name>Sun_az_alt.obj</name>
      </input_file>
      <input_file id="fl-13">
         <kind>object</kind>
         <file>&lt;internal&gt;</file>
         <name>&lt;internal&gt;</name>
      </input_file>
      <input_file id="fl-14">
         <path>/Users/alessandrobianchiceriani/Desktop/Ale Varie DONTTOUCH/UNITN/Terzo Anno/Primo Semestre/Embedded Software/simplelink_msp432p4_sdk_3_40_01_02/source/ti/grlib/lib/ccs/m4f/</path>
         <kind>archive</kind>
         <file>grlib.a</file>
         <name>context.obj</name>
      </input_file>
      <input_file id="fl-15">
         <path>/Users/alessandrobianchiceriani/Desktop/Ale Varie DONTTOUCH/UNITN/Terzo Anno/Primo Semestre/Embedded Software/simplelink_msp432p4_sdk_3_40_01_02/source/ti/grlib/lib/ccs/m4f/</path>
         <kind>archive</kind>
         <file>grlib.a</file>
         <name>display.obj</name>
      </input_file>
      <input_file id="fl-16">
         <path>/Users/alessandrobianchiceriani/Desktop/Ale Varie DONTTOUCH/UNITN/Terzo Anno/Primo Semestre/Embedded Software/simplelink_msp432p4_sdk_3_40_01_02/source/ti/grlib/lib/ccs/m4f/</path>
         <kind>archive</kind>
         <file>grlib.a</file>
         <name>fontfixed6x8.obj</name>
      </input_file>
      <input_file id="fl-17">
         <path>/Users/alessandrobianchiceriani/Desktop/Ale Varie DONTTOUCH/UNITN/Terzo Anno/Primo Semestre/Embedded Software/simplelink_msp432p4_sdk_3_40_01_02/source/ti/grlib/lib/ccs/m4f/</path>
         <kind>archive</kind>
         <file>grlib.a</file>
         <name>image.obj</name>
      </input_file>
      <input_file id="fl-18">
         <path>/Users/alessandrobianchiceriani/Desktop/Ale Varie DONTTOUCH/UNITN/Terzo Anno/Primo Semestre/Embedded Software/simplelink_msp432p4_sdk_3_40_01_02/source/ti/grlib/lib/ccs/m4f/</path>
         <kind>archive</kind>
         <file>grlib.a</file>
         <name>rectangle.obj</name>
      </input_file>
      <input_file id="fl-19">
         <path>/Users/alessandrobianchiceriani/Desktop/Ale Varie DONTTOUCH/UNITN/Terzo Anno/Primo Semestre/Embedded Software/simplelink_msp432p4_sdk_3_40_01_02/source/ti/grlib/lib/ccs/m4f/</path>
         <kind>archive</kind>
         <file>grlib.a</file>
         <name>string.obj</name>
      </input_file>
      <input_file id="fl-1a">
         <path>/Users/alessandrobianchiceriani/Desktop/Ale Varie DONTTOUCH/UNITN/Terzo Anno/Primo Semestre/Embedded Software/simplelink_msp432p4_sdk_3_40_01_02/source/ti/grlib/lib/ccs/m4f/</path>
         <kind>archive</kind>
         <file>grlib.a</file>
         <name>line.obj</name>
      </input_file>
      <input_file id="fl-1b">
         <path>/Users/alessandrobianchiceriani/Desktop/Ale Varie DONTTOUCH/UNITN/Terzo Anno/Primo Semestre/Embedded Software/simplelink_msp432p4_sdk_3_40_01_02/source/ti/devices/msp432p4xx/driverlib/ccs/</path>
         <kind>archive</kind>
         <file>msp432p4xx_driverlib.lib</file>
         <name>adc14.o</name>
      </input_file>
      <input_file id="fl-1c">
         <path>/Users/alessandrobianchiceriani/Desktop/Ale Varie DONTTOUCH/UNITN/Terzo Anno/Primo Semestre/Embedded Software/simplelink_msp432p4_sdk_3_40_01_02/source/ti/devices/msp432p4xx/driverlib/ccs/</path>
         <kind>archive</kind>
         <file>msp432p4xx_driverlib.lib</file>
         <name>cs.o</name>
      </input_file>
      <input_file id="fl-1d">
         <path>/Users/alessandrobianchiceriani/Desktop/Ale Varie DONTTOUCH/UNITN/Terzo Anno/Primo Semestre/Embedded Software/simplelink_msp432p4_sdk_3_40_01_02/source/ti/devices/msp432p4xx/driverlib/ccs/</path>
         <kind>archive</kind>
         <file>msp432p4xx_driverlib.lib</file>
         <name>flash.o</name>
      </input_file>
      <input_file id="fl-1e">
         <path>/Users/alessandrobianchiceriani/Desktop/Ale Varie DONTTOUCH/UNITN/Terzo Anno/Primo Semestre/Embedded Software/simplelink_msp432p4_sdk_3_40_01_02/source/ti/devices/msp432p4xx/driverlib/ccs/</path>
         <kind>archive</kind>
         <file>msp432p4xx_driverlib.lib</file>
         <name>gpio.o</name>
      </input_file>
      <input_file id="fl-1f">
         <path>/Users/alessandrobianchiceriani/Desktop/Ale Varie DONTTOUCH/UNITN/Terzo Anno/Primo Semestre/Embedded Software/simplelink_msp432p4_sdk_3_40_01_02/source/ti/devices/msp432p4xx/driverlib/ccs/</path>
         <kind>archive</kind>
         <file>msp432p4xx_driverlib.lib</file>
         <name>interrupt.o</name>
      </input_file>
      <input_file id="fl-20">
         <path>/Users/alessandrobianchiceriani/Desktop/Ale Varie DONTTOUCH/UNITN/Terzo Anno/Primo Semestre/Embedded Software/simplelink_msp432p4_sdk_3_40_01_02/source/ti/devices/msp432p4xx/driverlib/ccs/</path>
         <kind>archive</kind>
         <file>msp432p4xx_driverlib.lib</file>
         <name>spi.o</name>
      </input_file>
      <input_file id="fl-21">
         <path>/Users/alessandrobianchiceriani/Desktop/Ale Varie DONTTOUCH/UNITN/Terzo Anno/Primo Semestre/Embedded Software/simplelink_msp432p4_sdk_3_40_01_02/source/ti/devices/msp432p4xx/driverlib/ccs/</path>
         <kind>archive</kind>
         <file>msp432p4xx_driverlib.lib</file>
         <name>sysctl.o</name>
      </input_file>
      <input_file id="fl-22">
         <path>/Users/alessandrobianchiceriani/Desktop/Ale Varie DONTTOUCH/UNITN/Terzo Anno/Primo Semestre/Embedded Software/simplelink_msp432p4_sdk_3_40_01_02/source/ti/devices/msp432p4xx/driverlib/ccs/</path>
         <kind>archive</kind>
         <file>msp432p4xx_driverlib.lib</file>
         <name>sysctl_a.o</name>
      </input_file>
      <input_file id="fl-23">
         <path>/Users/alessandrobianchiceriani/Desktop/Ale Varie DONTTOUCH/UNITN/Terzo Anno/Primo Semestre/Embedded Software/simplelink_msp432p4_sdk_3_40_01_02/source/ti/devices/msp432p4xx/driverlib/ccs/</path>
         <kind>archive</kind>
         <file>msp432p4xx_driverlib.lib</file>
         <name>systick.o</name>
      </input_file>
      <input_file id="fl-24">
         <path>/Users/alessandrobianchiceriani/Desktop/Ale Varie DONTTOUCH/UNITN/Terzo Anno/Primo Semestre/Embedded Software/simplelink_msp432p4_sdk_3_40_01_02/source/ti/devices/msp432p4xx/driverlib/ccs/</path>
         <kind>archive</kind>
         <file>msp432p4xx_driverlib.lib</file>
         <name>timer_a.o</name>
      </input_file>
      <input_file id="fl-25">
         <path>/Users/alessandrobianchiceriani/Desktop/Ale Varie DONTTOUCH/UNITN/Terzo Anno/Primo Semestre/Embedded Software/simplelink_msp432p4_sdk_3_40_01_02/source/ti/devices/msp432p4xx/driverlib/ccs/</path>
         <kind>archive</kind>
         <file>msp432p4xx_driverlib.lib</file>
         <name>uart.o</name>
      </input_file>
      <input_file id="fl-26">
         <path>/Users/alessandrobianchiceriani/Desktop/Ale Varie DONTTOUCH/UNITN/Terzo Anno/Primo Semestre/Embedded Software/simplelink_msp432p4_sdk_3_40_01_02/source/ti/devices/msp432p4xx/driverlib/ccs/</path>
         <kind>archive</kind>
         <file>msp432p4xx_driverlib.lib</file>
         <name>wdt_a.o</name>
      </input_file>
      <input_file id="fl-27">
         <path>/Users/alessandrobianchiceriani/Desktop/Ale Varie DONTTOUCH/UNITN/Terzo Anno/Primo Semestre/Embedded Software/simplelink_msp432p4_sdk_3_40_01_02/source/ti/devices/msp432p4xx/driverlib/ccs/</path>
         <kind>archive</kind>
         <file>msp432p4xx_driverlib.lib</file>
         <name>cpu.o</name>
      </input_file>
      <input_file id="fl-dd">
         <path>/Applications/ti/ccs1260/ccs/tools/compiler/ti-cgt-arm_20.2.7.LTS/lib/</path>
         <kind>archive</kind>
         <file>rtsv7M4_T_le_v4SPD16_eabi.lib</file>
         <name>e_asin.c.obj</name>
      </input_file>
      <input_file id="fl-de">
         <path>/Applications/ti/ccs1260/ccs/tools/compiler/ti-cgt-arm_20.2.7.LTS/lib/</path>
         <kind>archive</kind>
         <file>rtsv7M4_T_le_v4SPD16_eabi.lib</file>
         <name>e_atan2.c.obj</name>
      </input_file>
      <input_file id="fl-df">
         <path>/Applications/ti/ccs1260/ccs/tools/compiler/ti-cgt-arm_20.2.7.LTS/lib/</path>
         <kind>archive</kind>
         <file>rtsv7M4_T_le_v4SPD16_eabi.lib</file>
         <name>e_fmod.c.obj</name>
      </input_file>
      <input_file id="fl-e0">
         <path>/Applications/ti/ccs1260/ccs/tools/compiler/ti-cgt-arm_20.2.7.LTS/lib/</path>
         <kind>archive</kind>
         <file>rtsv7M4_T_le_v4SPD16_eabi.lib</file>
         <name>e_pow.c.obj</name>
      </input_file>
      <input_file id="fl-e1">
         <path>/Applications/ti/ccs1260/ccs/tools/compiler/ti-cgt-arm_20.2.7.LTS/lib/</path>
         <kind>archive</kind>
         <file>rtsv7M4_T_le_v4SPD16_eabi.lib</file>
         <name>e_sqrt.c.obj</name>
      </input_file>
      <input_file id="fl-e2">
         <path>/Applications/ti/ccs1260/ccs/tools/compiler/ti-cgt-arm_20.2.7.LTS/lib/</path>
         <kind>archive</kind>
         <file>rtsv7M4_T_le_v4SPD16_eabi.lib</file>
         <name>s_atan.c.obj</name>
      </input_file>
      <input_file id="fl-e3">
         <path>/Applications/ti/ccs1260/ccs/tools/compiler/ti-cgt-arm_20.2.7.LTS/lib/</path>
         <kind>archive</kind>
         <file>rtsv7M4_T_le_v4SPD16_eabi.lib</file>
         <name>s_cos.c.obj</name>
      </input_file>
      <input_file id="fl-e4">
         <path>/Applications/ti/ccs1260/ccs/tools/compiler/ti-cgt-arm_20.2.7.LTS/lib/</path>
         <kind>archive</kind>
         <file>rtsv7M4_T_le_v4SPD16_eabi.lib</file>
         <name>s_floor.c.obj</name>
      </input_file>
      <input_file id="fl-e5">
         <path>/Applications/ti/ccs1260/ccs/tools/compiler/ti-cgt-arm_20.2.7.LTS/lib/</path>
         <kind>archive</kind>
         <file>rtsv7M4_T_le_v4SPD16_eabi.lib</file>
         <name>s_modf.c.obj</name>
      </input_file>
      <input_file id="fl-e6">
         <path>/Applications/ti/ccs1260/ccs/tools/compiler/ti-cgt-arm_20.2.7.LTS/lib/</path>
         <kind>archive</kind>
         <file>rtsv7M4_T_le_v4SPD16_eabi.lib</file>
         <name>s_scalbn.c.obj</name>
      </input_file>
      <input_file id="fl-e7">
         <path>/Applications/ti/ccs1260/ccs/tools/compiler/ti-cgt-arm_20.2.7.LTS/lib/</path>
         <kind>archive</kind>
         <file>rtsv7M4_T_le_v4SPD16_eabi.lib</file>
         <name>s_sin.c.obj</name>
      </input_file>
      <input_file id="fl-e8">
         <path>/Applications/ti/ccs1260/ccs/tools/compiler/ti-cgt-arm_20.2.7.LTS/lib/</path>
         <kind>archive</kind>
         <file>rtsv7M4_T_le_v4SPD16_eabi.lib</file>
         <name>sprintf.c.obj</name>
      </input_file>
      <input_file id="fl-e9">
         <path>/Applications/ti/ccs1260/ccs/tools/compiler/ti-cgt-arm_20.2.7.LTS/lib/</path>
         <kind>archive</kind>
         <file>rtsv7M4_T_le_v4SPD16_eabi.lib</file>
         <name>fd_add_t2.asm.obj</name>
      </input_file>
      <input_file id="fl-ea">
         <path>/Applications/ti/ccs1260/ccs/tools/compiler/ti-cgt-arm_20.2.7.LTS/lib/</path>
         <kind>archive</kind>
         <file>rtsv7M4_T_le_v4SPD16_eabi.lib</file>
         <name>fd_cmp_t2.asm.obj</name>
      </input_file>
      <input_file id="fl-eb">
         <path>/Applications/ti/ccs1260/ccs/tools/compiler/ti-cgt-arm_20.2.7.LTS/lib/</path>
         <kind>archive</kind>
         <file>rtsv7M4_T_le_v4SPD16_eabi.lib</file>
         <name>fd_div_t2.asm.obj</name>
      </input_file>
      <input_file id="fl-ec">
         <path>/Applications/ti/ccs1260/ccs/tools/compiler/ti-cgt-arm_20.2.7.LTS/lib/</path>
         <kind>archive</kind>
         <file>rtsv7M4_T_le_v4SPD16_eabi.lib</file>
         <name>fd_mul_t2.asm.obj</name>
      </input_file>
      <input_file id="fl-ed">
         <path>/Applications/ti/ccs1260/ccs/tools/compiler/ti-cgt-arm_20.2.7.LTS/lib/</path>
         <kind>archive</kind>
         <file>rtsv7M4_T_le_v4SPD16_eabi.lib</file>
         <name>fd_toi_t2.asm.obj</name>
      </input_file>
      <input_file id="fl-ee">
         <path>/Applications/ti/ccs1260/ccs/tools/compiler/ti-cgt-arm_20.2.7.LTS/lib/</path>
         <kind>archive</kind>
         <file>rtsv7M4_T_le_v4SPD16_eabi.lib</file>
         <name>fd_tos_t2.asm.obj</name>
      </input_file>
      <input_file id="fl-ef">
         <path>/Applications/ti/ccs1260/ccs/tools/compiler/ti-cgt-arm_20.2.7.LTS/lib/</path>
         <kind>archive</kind>
         <file>rtsv7M4_T_le_v4SPD16_eabi.lib</file>
         <name>fs_tod_t2.asm.obj</name>
      </input_file>
      <input_file id="fl-f0">
         <path>/Applications/ti/ccs1260/ccs/tools/compiler/ti-cgt-arm_20.2.7.LTS/lib/</path>
         <kind>archive</kind>
         <file>rtsv7M4_T_le_v4SPD16_eabi.lib</file>
         <name>i_tofd_t2.asm.obj</name>
      </input_file>
      <input_file id="fl-f1">
         <path>/Applications/ti/ccs1260/ccs/tools/compiler/ti-cgt-arm_20.2.7.LTS/lib/</path>
         <kind>archive</kind>
         <file>rtsv7M4_T_le_v4SPD16_eabi.lib</file>
         <name>memcpy_t2.asm.obj</name>
      </input_file>
      <input_file id="fl-f2">
         <path>/Applications/ti/ccs1260/ccs/tools/compiler/ti-cgt-arm_20.2.7.LTS/lib/</path>
         <kind>archive</kind>
         <file>rtsv7M4_T_le_v4SPD16_eabi.lib</file>
         <name>copy_zero_init.c.obj</name>
      </input_file>
      <input_file id="fl-f3">
         <path>/Applications/ti/ccs1260/ccs/tools/compiler/ti-cgt-arm_20.2.7.LTS/lib/</path>
         <kind>archive</kind>
         <file>rtsv7M4_T_le_v4SPD16_eabi.lib</file>
         <name>copy_decompress_none.c.obj</name>
      </input_file>
      <input_file id="fl-f4">
         <path>/Applications/ti/ccs1260/ccs/tools/compiler/ti-cgt-arm_20.2.7.LTS/lib/</path>
         <kind>archive</kind>
         <file>rtsv7M4_T_le_v4SPD16_eabi.lib</file>
         <name>copy_decompress_lzss.c.obj</name>
      </input_file>
      <input_file id="fl-f5">
         <path>/Applications/ti/ccs1260/ccs/tools/compiler/ti-cgt-arm_20.2.7.LTS/lib/</path>
         <kind>archive</kind>
         <file>rtsv7M4_T_le_v4SPD16_eabi.lib</file>
         <name>gmtime.c.obj</name>
      </input_file>
      <input_file id="fl-f6">
         <path>/Applications/ti/ccs1260/ccs/tools/compiler/ti-cgt-arm_20.2.7.LTS/lib/</path>
         <kind>archive</kind>
         <file>rtsv7M4_T_le_v4SPD16_eabi.lib</file>
         <name>localtim.c.obj</name>
      </input_file>
      <input_file id="fl-f7">
         <path>/Applications/ti/ccs1260/ccs/tools/compiler/ti-cgt-arm_20.2.7.LTS/lib/</path>
         <kind>archive</kind>
         <file>rtsv7M4_T_le_v4SPD16_eabi.lib</file>
         <name>memory.c.obj</name>
      </input_file>
      <input_file id="fl-f8">
         <path>/Applications/ti/ccs1260/ccs/tools/compiler/ti-cgt-arm_20.2.7.LTS/lib/</path>
         <kind>archive</kind>
         <file>rtsv7M4_T_le_v4SPD16_eabi.lib</file>
         <name>mktime.c.obj</name>
      </input_file>
      <input_file id="fl-f9">
         <path>/Applications/ti/ccs1260/ccs/tools/compiler/ti-cgt-arm_20.2.7.LTS/lib/</path>
         <kind>archive</kind>
         <file>rtsv7M4_T_le_v4SPD16_eabi.lib</file>
         <name>strcat.c.obj</name>
      </input_file>
      <input_file id="fl-fa">
         <path>/Applications/ti/ccs1260/ccs/tools/compiler/ti-cgt-arm_20.2.7.LTS/lib/</path>
         <kind>archive</kind>
         <file>rtsv7M4_T_le_v4SPD16_eabi.lib</file>
         <name>strchr.c.obj</name>
      </input_file>
      <input_file id="fl-fb">
         <path>/Applications/ti/ccs1260/ccs/tools/compiler/ti-cgt-arm_20.2.7.LTS/lib/</path>
         <kind>archive</kind>
         <file>rtsv7M4_T_le_v4SPD16_eabi.lib</file>
         <name>strcmp.c.obj</name>
      </input_file>
      <input_file id="fl-fc">
         <path>/Applications/ti/ccs1260/ccs/tools/compiler/ti-cgt-arm_20.2.7.LTS/lib/</path>
         <kind>archive</kind>
         <file>rtsv7M4_T_le_v4SPD16_eabi.lib</file>
         <name>strcpy.c.obj</name>
      </input_file>
      <input_file id="fl-fd">
         <path>/Applications/ti/ccs1260/ccs/tools/compiler/ti-cgt-arm_20.2.7.LTS/lib/</path>
         <kind>archive</kind>
         <file>rtsv7M4_T_le_v4SPD16_eabi.lib</file>
         <name>strcspn.c.obj</name>
      </input_file>
      <input_file id="fl-fe">
         <path>/Applications/ti/ccs1260/ccs/tools/compiler/ti-cgt-arm_20.2.7.LTS/lib/</path>
         <kind>archive</kind>
         <file>rtsv7M4_T_le_v4SPD16_eabi.lib</file>
         <name>strdup.c.obj</name>
      </input_file>
      <input_file id="fl-ff">
         <path>/Applications/ti/ccs1260/ccs/tools/compiler/ti-cgt-arm_20.2.7.LTS/lib/</path>
         <kind>archive</kind>
         <file>rtsv7M4_T_le_v4SPD16_eabi.lib</file>
         <name>strlen.c.obj</name>
      </input_file>
      <input_file id="fl-100">
         <path>/Applications/ti/ccs1260/ccs/tools/compiler/ti-cgt-arm_20.2.7.LTS/lib/</path>
         <kind>archive</kind>
         <file>rtsv7M4_T_le_v4SPD16_eabi.lib</file>
         <name>strncpy.c.obj</name>
      </input_file>
      <input_file id="fl-101">
         <path>/Applications/ti/ccs1260/ccs/tools/compiler/ti-cgt-arm_20.2.7.LTS/lib/</path>
         <kind>archive</kind>
         <file>rtsv7M4_T_le_v4SPD16_eabi.lib</file>
         <name>strtod.c.obj</name>
      </input_file>
      <input_file id="fl-102">
         <path>/Applications/ti/ccs1260/ccs/tools/compiler/ti-cgt-arm_20.2.7.LTS/lib/</path>
         <kind>archive</kind>
         <file>rtsv7M4_T_le_v4SPD16_eabi.lib</file>
         <name>strtol.c.obj</name>
      </input_file>
      <input_file id="fl-103">
         <path>/Applications/ti/ccs1260/ccs/tools/compiler/ti-cgt-arm_20.2.7.LTS/lib/</path>
         <kind>archive</kind>
         <file>rtsv7M4_T_le_v4SPD16_eabi.lib</file>
         <name>tmzone.c.obj</name>
      </input_file>
      <input_file id="fl-104">
         <path>/Applications/ti/ccs1260/ccs/tools/compiler/ti-cgt-arm_20.2.7.LTS/lib/</path>
         <kind>archive</kind>
         <file>rtsv7M4_T_le_v4SPD16_eabi.lib</file>
         <name>k_rem_pio2.c.obj</name>
      </input_file>
      <input_file id="fl-105">
         <path>/Applications/ti/ccs1260/ccs/tools/compiler/ti-cgt-arm_20.2.7.LTS/lib/</path>
         <kind>archive</kind>
         <file>rtsv7M4_T_le_v4SPD16_eabi.lib</file>
         <name>boot_cortex_m.c.obj</name>
      </input_file>
      <input_file id="fl-106">
         <path>/Applications/ti/ccs1260/ccs/tools/compiler/ti-cgt-arm_20.2.7.LTS/lib/</path>
         <kind>archive</kind>
         <file>rtsv7M4_T_le_v4SPD16_eabi.lib</file>
         <name>errno.c.obj</name>
      </input_file>
      <input_file id="fl-107">
         <path>/Applications/ti/ccs1260/ccs/tools/compiler/ti-cgt-arm_20.2.7.LTS/lib/</path>
         <kind>archive</kind>
         <file>rtsv7M4_T_le_v4SPD16_eabi.lib</file>
         <name>s_copysign.c.obj</name>
      </input_file>
      <input_file id="fl-108">
         <path>/Applications/ti/ccs1260/ccs/tools/compiler/ti-cgt-arm_20.2.7.LTS/lib/</path>
         <kind>archive</kind>
         <file>rtsv7M4_T_le_v4SPD16_eabi.lib</file>
         <name>k_cos.c.obj</name>
      </input_file>
      <input_file id="fl-109">
         <path>/Applications/ti/ccs1260/ccs/tools/compiler/ti-cgt-arm_20.2.7.LTS/lib/</path>
         <kind>archive</kind>
         <file>rtsv7M4_T_le_v4SPD16_eabi.lib</file>
         <name>k_sin.c.obj</name>
      </input_file>
      <input_file id="fl-10a">
         <path>/Applications/ti/ccs1260/ccs/tools/compiler/ti-cgt-arm_20.2.7.LTS/lib/</path>
         <kind>archive</kind>
         <file>rtsv7M4_T_le_v4SPD16_eabi.lib</file>
         <name>_printfi.c.obj</name>
      </input_file>
      <input_file id="fl-10b">
         <path>/Applications/ti/ccs1260/ccs/tools/compiler/ti-cgt-arm_20.2.7.LTS/lib/</path>
         <kind>archive</kind>
         <file>rtsv7M4_T_le_v4SPD16_eabi.lib</file>
         <name>memset_t2.asm.obj</name>
      </input_file>
      <input_file id="fl-10c">
         <path>/Applications/ti/ccs1260/ccs/tools/compiler/ti-cgt-arm_20.2.7.LTS/lib/</path>
         <kind>archive</kind>
         <file>rtsv7M4_T_le_v4SPD16_eabi.lib</file>
         <name>u_divt2.asm.obj</name>
      </input_file>
      <input_file id="fl-10d">
         <path>/Applications/ti/ccs1260/ccs/tools/compiler/ti-cgt-arm_20.2.7.LTS/lib/</path>
         <kind>archive</kind>
         <file>rtsv7M4_T_le_v4SPD16_eabi.lib</file>
         <name>ll_div_t2.asm.obj</name>
      </input_file>
      <input_file id="fl-10e">
         <path>/Applications/ti/ccs1260/ccs/tools/compiler/ti-cgt-arm_20.2.7.LTS/lib/</path>
         <kind>archive</kind>
         <file>rtsv7M4_T_le_v4SPD16_eabi.lib</file>
         <name>ull_div_t2.asm.obj</name>
      </input_file>
      <input_file id="fl-10f">
         <path>/Applications/ti/ccs1260/ccs/tools/compiler/ti-cgt-arm_20.2.7.LTS/lib/</path>
         <kind>archive</kind>
         <file>rtsv7M4_T_le_v4SPD16_eabi.lib</file>
         <name>autoinit.c.obj</name>
      </input_file>
      <input_file id="fl-110">
         <path>/Applications/ti/ccs1260/ccs/tools/compiler/ti-cgt-arm_20.2.7.LTS/lib/</path>
         <kind>archive</kind>
         <file>rtsv7M4_T_le_v4SPD16_eabi.lib</file>
         <name>pre_init.c.obj</name>
      </input_file>
      <input_file id="fl-111">
         <path>/Applications/ti/ccs1260/ccs/tools/compiler/ti-cgt-arm_20.2.7.LTS/lib/</path>
         <kind>archive</kind>
         <file>rtsv7M4_T_le_v4SPD16_eabi.lib</file>
         <name>cpy_tbl.c.obj</name>
      </input_file>
      <input_file id="fl-112">
         <path>/Applications/ti/ccs1260/ccs/tools/compiler/ti-cgt-arm_20.2.7.LTS/lib/</path>
         <kind>archive</kind>
         <file>rtsv7M4_T_le_v4SPD16_eabi.lib</file>
         <name>exit.c.obj</name>
      </input_file>
      <input_file id="fl-113">
         <path>/Applications/ti/ccs1260/ccs/tools/compiler/ti-cgt-arm_20.2.7.LTS/lib/</path>
         <kind>archive</kind>
         <file>rtsv7M4_T_le_v4SPD16_eabi.lib</file>
         <name>_lock.c.obj</name>
      </input_file>
      <input_file id="fl-114">
         <path>/Applications/ti/ccs1260/ccs/tools/compiler/ti-cgt-arm_20.2.7.LTS/lib/</path>
         <kind>archive</kind>
         <file>rtsv7M4_T_le_v4SPD16_eabi.lib</file>
         <name>_ltoa.c.obj</name>
      </input_file>
      <input_file id="fl-115">
         <path>/Applications/ti/ccs1260/ccs/tools/compiler/ti-cgt-arm_20.2.7.LTS/lib/</path>
         <kind>archive</kind>
         <file>rtsv7M4_T_le_v4SPD16_eabi.lib</file>
         <name>args_main.c.obj</name>
      </input_file>
      <input_file id="fl-116">
         <path>/Applications/ti/ccs1260/ccs/tools/compiler/ti-cgt-arm_20.2.7.LTS/lib/</path>
         <kind>archive</kind>
         <file>rtsv7M4_T_le_v4SPD16_eabi.lib</file>
         <name>atoi.c.obj</name>
      </input_file>
      <input_file id="fl-117">
         <path>/Applications/ti/ccs1260/ccs/tools/compiler/ti-cgt-arm_20.2.7.LTS/lib/</path>
         <kind>archive</kind>
         <file>rtsv7M4_T_le_v4SPD16_eabi.lib</file>
         <name>ctype.c.obj</name>
      </input_file>
      <input_file id="fl-118">
         <path>/Applications/ti/ccs1260/ccs/tools/compiler/ti-cgt-arm_20.2.7.LTS/lib/</path>
         <kind>archive</kind>
         <file>rtsv7M4_T_le_v4SPD16_eabi.lib</file>
         <name>memccpy.c.obj</name>
      </input_file>
      <input_file id="fl-119">
         <path>/Applications/ti/ccs1260/ccs/tools/compiler/ti-cgt-arm_20.2.7.LTS/lib/</path>
         <kind>archive</kind>
         <file>rtsv7M4_T_le_v4SPD16_eabi.lib</file>
         <name>wcslen.c.obj</name>
      </input_file>
      <input_file id="fl-11a">
         <path>/Applications/ti/ccs1260/ccs/tools/compiler/ti-cgt-arm_20.2.7.LTS/lib/</path>
         <kind>archive</kind>
         <file>rtsv7M4_T_le_v4SPD16_eabi.lib</file>
         <name>s_frexp.c.obj</name>
      </input_file>
      <input_file id="fl-11b">
         <path>/Applications/ti/ccs1260/ccs/tools/compiler/ti-cgt-arm_20.2.7.LTS/lib/</path>
         <kind>archive</kind>
         <file>rtsv7M4_T_le_v4SPD16_eabi.lib</file>
         <name>div0.asm.obj</name>
      </input_file>
   </input_file_list>
   <object_component_list>
      <object_component id="oc-26">
         <name>.intvecs:retain</name>
         <load_address>0x0</load_address>
         <run_address>0x0</run_address>
         <size>0xe4</size>
         <input_file_ref idref="fl-4"/>
      </object_component>
      <object_component id="oc-645">
         <name>.text:__TI_printfi</name>
         <load_address>0xe4</load_address>
         <run_address>0xe4</run_address>
         <size>0xa4e</size>
         <input_file_ref idref="fl-10a"/>
      </object_component>
      <object_component id="oc-70">
         <name>.text:Default_Handler</name>
         <load_address>0xb32</load_address>
         <run_address>0xb32</run_address>
         <size>0x2</size>
         <input_file_ref idref="fl-4"/>
      </object_component>
      <object_component id="oc-701">
         <name>.text:pow</name>
         <load_address>0xb34</load_address>
         <run_address>0xb34</run_address>
         <size>0x9d0</size>
         <input_file_ref idref="fl-e0"/>
      </object_component>
      <object_component id="oc-590">
         <name>.text:SolarAzEl</name>
         <load_address>0x1504</load_address>
         <run_address>0x1504</run_address>
         <size>0x930</size>
         <input_file_ref idref="fl-8"/>
      </object_component>
      <object_component id="oc-85a">
         <name>.text:__kernel_rem_pio2</name>
         <load_address>0x1e34</load_address>
         <run_address>0x1e34</run_address>
         <size>0x738</size>
         <input_file_ref idref="fl-104"/>
      </object_component>
      <object_component id="oc-6f5">
         <name>.text:sin</name>
         <load_address>0x256c</load_address>
         <run_address>0x256c</run_address>
         <size>0x5e0</size>
         <input_file_ref idref="fl-e7"/>
      </object_component>
      <object_component id="oc-6fb">
         <name>.text:cos</name>
         <load_address>0x2b4c</load_address>
         <run_address>0x2b4c</run_address>
         <size>0x5dc</size>
         <input_file_ref idref="fl-e3"/>
      </object_component>
      <object_component id="oc-60d">
         <name>.text:Graphics_drawString</name>
         <load_address>0x3128</load_address>
         <run_address>0x3128</run_address>
         <size>0x47e</size>
         <input_file_ref idref="fl-19"/>
      </object_component>
      <object_component id="oc-4a0">
         <name>.text:_nop</name>
         <load_address>0x35a6</load_address>
         <run_address>0x35a6</run_address>
         <size>0x2</size>
         <input_file_ref idref="fl-113"/>
      </object_component>
      <object_component id="oc-75d">
         <name>.text:strtod</name>
         <load_address>0x35a8</load_address>
         <run_address>0x35a8</run_address>
         <size>0x460</size>
         <input_file_ref idref="fl-101"/>
      </object_component>
      <object_component id="oc-5b0">
         <name>.text:parseRMC</name>
         <load_address>0x3a08</load_address>
         <run_address>0x3a08</run_address>
         <size>0x3dc</size>
         <input_file_ref idref="fl-7"/>
      </object_component>
      <object_component id="oc-713">
         <name>.text:asin</name>
         <load_address>0x3de4</load_address>
         <run_address>0x3de4</run_address>
         <size>0x3d4</size>
         <input_file_ref idref="fl-dd"/>
      </object_component>
      <object_component id="oc-552">
         <name>.text:Graphics_drawImage</name>
         <load_address>0x41b8</load_address>
         <run_address>0x41b8</run_address>
         <size>0x390</size>
         <input_file_ref idref="fl-17"/>
      </object_component>
      <object_component id="oc-87d">
         <name>.text:atan</name>
         <load_address>0x4548</load_address>
         <run_address>0x4548</run_address>
         <size>0x2ec</size>
         <input_file_ref idref="fl-e2"/>
      </object_component>
      <object_component id="oc-6e3">
         <name>.text:__mktime32</name>
         <load_address>0x4834</load_address>
         <run_address>0x4834</run_address>
         <size>0x2a0</size>
         <input_file_ref idref="fl-f8"/>
      </object_component>
      <object_component id="oc-7db">
         <name>.text:_pconv_a</name>
         <load_address>0x4ad4</load_address>
         <run_address>0x4ad4</run_address>
         <size>0x270</size>
         <input_file_ref idref="fl-10a"/>
      </object_component>
      <object_component id="oc-88">
         <name>.text:ADC14_IRQHandler</name>
         <load_address>0x4d44</load_address>
         <run_address>0x4d44</run_address>
         <size>0x240</size>
         <input_file_ref idref="fl-2"/>
      </object_component>
      <object_component id="oc-6ef">
         <name>.text:fmod</name>
         <load_address>0x4f84</load_address>
         <run_address>0x4f84</run_address>
         <size>0x234</size>
         <input_file_ref idref="fl-df"/>
      </object_component>
      <object_component id="oc-6e9">
         <name>.text:julian_day</name>
         <load_address>0x51b8</load_address>
         <run_address>0x51b8</run_address>
         <size>0x22c</size>
         <input_file_ref idref="fl-8"/>
      </object_component>
      <object_component id="oc-3ef">
         <name>.text:drawMenu2</name>
         <load_address>0x53e4</load_address>
         <run_address>0x53e4</run_address>
         <size>0x1fc</size>
         <input_file_ref idref="fl-2"/>
      </object_component>
      <object_component id="oc-70d">
         <name>.text:atan2</name>
         <load_address>0x55e0</load_address>
         <run_address>0x55e0</run_address>
         <size>0x1e4</size>
         <input_file_ref idref="fl-de"/>
      </object_component>
      <object_component id="oc-404">
         <name>.text:Crystalfontz128x128_PixelDrawMultiple</name>
         <load_address>0x57c4</load_address>
         <run_address>0x57c4</run_address>
         <size>0x1d8</size>
         <input_file_ref idref="fl-5"/>
      </object_component>
      <object_component id="oc-7c9">
         <name>.text:_pconv_g</name>
         <load_address>0x599c</load_address>
         <run_address>0x599c</run_address>
         <size>0x1d0</size>
         <input_file_ref idref="fl-10a"/>
      </object_component>
      <object_component id="oc-5d8">
         <name>.text</name>
         <load_address>0x5b6c</load_address>
         <run_address>0x5b6c</run_address>
         <size>0x1b6</size>
         <input_file_ref idref="fl-e9"/>
      </object_component>
      <object_component id="oc-358">
         <name>.text:fn_MANUAL</name>
         <load_address>0x5d22</load_address>
         <run_address>0x5d22</run_address>
         <size>0x2</size>
         <input_file_ref idref="fl-2"/>
      </object_component>
      <object_component id="oc-854">
         <name>.text:__kernel_sin</name>
         <load_address>0x5d24</load_address>
         <run_address>0x5d24</run_address>
         <size>0x174</size>
         <input_file_ref idref="fl-109"/>
      </object_component>
      <object_component id="oc-860">
         <name>.text:__kernel_cos</name>
         <load_address>0x5e98</load_address>
         <run_address>0x5e98</run_address>
         <size>0x170</size>
         <input_file_ref idref="fl-108"/>
      </object_component>
      <object_component id="oc-3e9">
         <name>.text:drawMenu1</name>
         <load_address>0x6008</load_address>
         <run_address>0x6008</run_address>
         <size>0x164</size>
         <input_file_ref idref="fl-2"/>
      </object_component>
      <object_component id="oc-24a">
         <name>.text:_getIndexForMemRegister</name>
         <load_address>0x616c</load_address>
         <run_address>0x616c</run_address>
         <size>0x160</size>
         <input_file_ref idref="fl-1b"/>
      </object_component>
      <object_component id="oc-186">
         <name>.text:setup_menu</name>
         <load_address>0x62cc</load_address>
         <run_address>0x62cc</run_address>
         <size>0x160</size>
         <input_file_ref idref="fl-2"/>
      </object_component>
      <object_component id="oc-707">
         <name>.text:sqrt</name>
         <load_address>0x642c</load_address>
         <run_address>0x642c</run_address>
         <size>0x158</size>
         <input_file_ref idref="fl-e1"/>
      </object_component>
      <object_component id="oc-584">
         <name>.text:privateTimer_AProcessClockSourceDivider</name>
         <load_address>0x6584</load_address>
         <run_address>0x6584</run_address>
         <size>0x144</size>
         <input_file_ref idref="fl-24"/>
      </object_component>
      <object_component id="oc-7d5">
         <name>.text:_pconv_e</name>
         <load_address>0x66c8</load_address>
         <run_address>0x66c8</run_address>
         <size>0x13c</size>
         <input_file_ref idref="fl-10a"/>
      </object_component>
      <object_component id="oc-63e">
         <name>.text</name>
         <load_address>0x6804</load_address>
         <run_address>0x6804</run_address>
         <size>0x136</size>
         <input_file_ref idref="fl-eb"/>
      </object_component>
      <object_component id="oc-34c">
         <name>.text:fn_WAIT_AUTO</name>
         <load_address>0x693a</load_address>
         <run_address>0x693a</run_address>
         <size>0x2</size>
         <input_file_ref idref="fl-2"/>
      </object_component>
      <object_component id="oc-3be">
         <name>.text:Crystalfontz128x128_SetDrawFrame</name>
         <load_address>0x693c</load_address>
         <run_address>0x693c</run_address>
         <size>0x134</size>
         <input_file_ref idref="fl-5"/>
      </object_component>
      <object_component id="oc-887">
         <name>.text:__localtime32</name>
         <load_address>0x6a70</load_address>
         <run_address>0x6a70</run_address>
         <size>0x134</size>
         <input_file_ref idref="fl-f6"/>
      </object_component>
      <object_component id="oc-278">
         <name>.text:CS_initClockSignal</name>
         <load_address>0x6ba4</load_address>
         <run_address>0x6ba4</run_address>
         <size>0x130</size>
         <input_file_ref idref="fl-1c"/>
      </object_component>
      <object_component id="oc-76f">
         <name>.text:strtol</name>
         <load_address>0x6cd4</load_address>
         <run_address>0x6cd4</run_address>
         <size>0x130</size>
         <input_file_ref idref="fl-102"/>
      </object_component>
      <object_component id="oc-2a4">
         <name>.text:Crystalfontz128x128_Init</name>
         <load_address>0x6e04</load_address>
         <run_address>0x6e04</run_address>
         <size>0x12c</size>
         <input_file_ref idref="fl-5"/>
      </object_component>
      <object_component id="oc-47f">
         <name>.text:gps_acquisition</name>
         <load_address>0x6f30</load_address>
         <run_address>0x6f30</run_address>
         <size>0x12c</size>
         <input_file_ref idref="fl-2"/>
      </object_component>
      <object_component id="oc-903">
         <name>.text:fcvt</name>
         <load_address>0x705c</load_address>
         <run_address>0x705c</run_address>
         <size>0x124</size>
         <input_file_ref idref="fl-10a"/>
      </object_component>
      <object_component id="oc-300">
         <name>.text:UART_initModule</name>
         <load_address>0x7180</load_address>
         <run_address>0x7180</run_address>
         <size>0x11c</size>
         <input_file_ref idref="fl-25"/>
      </object_component>
      <object_component id="oc-340">
         <name>.text:fn_NAVIGATION</name>
         <load_address>0x729c</load_address>
         <run_address>0x729c</run_address>
         <size>0x110</size>
         <input_file_ref idref="fl-2"/>
      </object_component>
      <object_component id="oc-872">
         <name>.text:scalbn</name>
         <load_address>0x73ac</load_address>
         <run_address>0x73ac</run_address>
         <size>0x110</size>
         <input_file_ref idref="fl-e6"/>
      </object_component>
      <object_component id="oc-897">
         <name>.text:aligned_alloc</name>
         <load_address>0x74bc</load_address>
         <run_address>0x74bc</run_address>
         <size>0x100</size>
         <input_file_ref idref="fl-f7"/>
      </object_component>
      <object_component id="oc-192">
         <name>.text:gps_setup</name>
         <load_address>0x75bc</load_address>
         <run_address>0x75bc</run_address>
         <size>0x100</size>
         <input_file_ref idref="fl-2"/>
      </object_component>
      <object_component id="oc-5ce">
         <name>.text</name>
         <load_address>0x76bc</load_address>
         <run_address>0x76bc</run_address>
         <size>0xfc</size>
         <input_file_ref idref="fl-ec"/>
      </object_component>
      <object_component id="oc-763">
         <name>.text:floor</name>
         <load_address>0x77b8</load_address>
         <run_address>0x77b8</run_address>
         <size>0xf8</size>
         <input_file_ref idref="fl-e4"/>
      </object_component>
      <object_component id="oc-775">
         <name>.text:free</name>
         <load_address>0x78b0</load_address>
         <run_address>0x78b0</run_address>
         <size>0xe4</size>
         <input_file_ref idref="fl-f7"/>
      </object_component>
      <object_component id="oc-485">
         <name>.text:PrintFloat</name>
         <load_address>0x7994</load_address>
         <run_address>0x7994</run_address>
         <size>0xdc</size>
         <input_file_ref idref="fl-2"/>
      </object_component>
      <object_component id="oc-751">
         <name>.text:validateChecksum</name>
         <load_address>0x7a70</load_address>
         <run_address>0x7a70</run_address>
         <size>0xce</size>
         <input_file_ref idref="fl-7"/>
      </object_component>
      <object_component id="oc-939">
         <name>.text</name>
         <load_address>0x7b3e</load_address>
         <run_address>0x7b3e</run_address>
         <size>0x2</size>
         <input_file_ref idref="fl-11b"/>
      </object_component>
      <object_component id="oc-3f5">
         <name>.text:drawMenu3</name>
         <load_address>0x7b40</load_address>
         <run_address>0x7b40</run_address>
         <size>0xcc</size>
         <input_file_ref idref="fl-2"/>
      </object_component>
      <object_component id="oc-35e">
         <name>.text:fn_GPS_ACQUIRE</name>
         <load_address>0x7c0c</load_address>
         <run_address>0x7c0c</run_address>
         <size>0xc8</size>
         <input_file_ref idref="fl-2"/>
      </object_component>
      <object_component id="oc-2d4">
         <name>.text:ADC14_configureConversionMemory</name>
         <load_address>0x7cd4</load_address>
         <run_address>0x7cd4</run_address>
         <size>0xb4</size>
         <input_file_ref idref="fl-1b"/>
      </object_component>
      <object_component id="oc-2ce">
         <name>.text:ADC14_configureMultiSequenceMode</name>
         <load_address>0x7d88</load_address>
         <run_address>0x7d88</run_address>
         <size>0xb4</size>
         <input_file_ref idref="fl-1b"/>
      </object_component>
      <object_component id="oc-7c3">
         <name>.text:_ltostr</name>
         <load_address>0x7e3c</load_address>
         <run_address>0x7e3c</run_address>
         <size>0xb1</size>
         <input_file_ref idref="fl-10a"/>
      </object_component>
      <object_component id="oc-4dc">
         <name>.text:SPI_initMaster</name>
         <load_address>0x7eee</load_address>
         <run_address>0x7eee</run_address>
         <size>0xb0</size>
         <input_file_ref idref="fl-20"/>
      </object_component>
      <object_component id="oc-614">
         <name>.text:Graphics_drawRectangle</name>
         <load_address>0x7f9e</load_address>
         <run_address>0x7f9e</run_address>
         <size>0xa2</size>
         <input_file_ref idref="fl-18"/>
      </object_component>
      <object_component id="oc-416">
         <name>.text:Crystalfontz128x128_RectFill</name>
         <load_address>0x8040</load_address>
         <run_address>0x8040</run_address>
         <size>0x9c</size>
         <input_file_ref idref="fl-5"/>
      </object_component>
      <object_component id="oc-79c">
         <name>.text:Graphics_drawLineH</name>
         <load_address>0x80dc</load_address>
         <run_address>0x80dc</run_address>
         <size>0x9c</size>
         <input_file_ref idref="fl-1a"/>
      </object_component>
      <object_component id="oc-7a4">
         <name>.text:Graphics_drawLineV</name>
         <load_address>0x8178</load_address>
         <run_address>0x8178</run_address>
         <size>0x9c</size>
         <input_file_ref idref="fl-1a"/>
      </object_component>
      <object_component id="oc-5be">
         <name>.text:modf</name>
         <load_address>0x8214</load_address>
         <run_address>0x8214</run_address>
         <size>0x9c</size>
         <input_file_ref idref="fl-e5"/>
      </object_component>
      <object_component id="oc-3a">
         <name>.text</name>
         <load_address>0x82b0</load_address>
         <run_address>0x82b0</run_address>
         <size>0x9c</size>
         <input_file_ref idref="fl-f1"/>
      </object_component>
      <object_component id="oc-8ea">
         <name>.text</name>
         <load_address>0x834c</load_address>
         <run_address>0x834c</run_address>
         <size>0x96</size>
         <input_file_ref idref="fl-10e"/>
      </object_component>
      <object_component id="oc-491">
         <name>.text:PrintInteger</name>
         <load_address>0x83e2</load_address>
         <run_address>0x83e2</run_address>
         <size>0x8c</size>
         <input_file_ref idref="fl-2"/>
      </object_component>
      <object_component id="oc-2ee">
         <name>.text:GPIO_setAsPeripheralModuleFunctionInputPin</name>
         <load_address>0x8470</load_address>
         <run_address>0x8470</run_address>
         <size>0x88</size>
         <input_file_ref idref="fl-1e"/>
      </object_component>
      <object_component id="oc-4d5">
         <name>.text:GPIO_setAsPeripheralModuleFunctionOutputPin</name>
         <load_address>0x84f8</load_address>
         <run_address>0x84f8</run_address>
         <size>0x88</size>
         <input_file_ref idref="fl-1e"/>
      </object_component>
      <object_component id="oc-5c9">
         <name>.text:__aeabi_cdcmple</name>
         <load_address>0x8580</load_address>
         <run_address>0x8580</run_address>
         <size>0x86</size>
         <input_file_ref idref="fl-ea"/>
      </object_component>
      <object_component id="oc-86d">
         <name>.text:__aeabi_cdrcmple</name>
         <load_address>0x8606</load_address>
         <run_address>0x8606</run_address>
         <size>0x86</size>
         <input_file_ref idref="fl-ea"/>
      </object_component>
      <object_component id="oc-143">
         <name>.text:GPIO_getEnabledInterruptStatus</name>
         <load_address>0x868c</load_address>
         <run_address>0x868c</run_address>
         <size>0x84</size>
         <input_file_ref idref="fl-1e"/>
      </object_component>
      <object_component id="oc-473">
         <name>.text:Interrupt_disableInterrupt</name>
         <load_address>0x8710</load_address>
         <run_address>0x8710</run_address>
         <size>0x80</size>
         <input_file_ref idref="fl-1f"/>
      </object_component>
      <object_component id="oc-29e">
         <name>.text:Interrupt_enableInterrupt</name>
         <load_address>0x8790</load_address>
         <run_address>0x8790</run_address>
         <size>0x80</size>
         <input_file_ref idref="fl-1f"/>
      </object_component>
      <object_component id="oc-b8">
         <name>.text</name>
         <load_address>0x8810</load_address>
         <run_address>0x8810</run_address>
         <size>0x7a</size>
         <input_file_ref idref="fl-10b"/>
      </object_component>
      <object_component id="oc-d6">
         <name>.text:SystemInit</name>
         <load_address>0x888c</load_address>
         <run_address>0x888c</run_address>
         <size>0x78</size>
         <input_file_ref idref="fl-3"/>
      </object_component>
      <object_component id="oc-98b">
         <name>.text:split</name>
         <load_address>0x8904</load_address>
         <run_address>0x8904</run_address>
         <size>0x70</size>
         <input_file_ref idref="fl-f7"/>
      </object_component>
      <object_component id="oc-8fc">
         <name>.text:_mcpy</name>
         <load_address>0x8974</load_address>
         <run_address>0x8974</run_address>
         <size>0x6e</size>
         <input_file_ref idref="fl-10a"/>
      </object_component>
      <object_component id="oc-45d">
         <name>.text</name>
         <load_address>0x89e2</load_address>
         <run_address>0x89e2</run_address>
         <size>0x6e</size>
         <input_file_ref idref="fl-ee"/>
      </object_component>
      <object_component id="oc-83b">
         <name>.text</name>
         <load_address>0x8a50</load_address>
         <run_address>0x8a50</run_address>
         <size>0x6e</size>
         <input_file_ref idref="fl-10d"/>
      </object_component>
      <object_component id="oc-69c">
         <name>.text:Graphics_convertPalette</name>
         <load_address>0x8ac0</load_address>
         <run_address>0x8ac0</run_address>
         <size>0x6c</size>
         <input_file_ref idref="fl-17"/>
      </object_component>
      <object_component id="oc-44b">
         <name>.text:Timer_A_configureUpMode</name>
         <load_address>0x8b2c</load_address>
         <run_address>0x8b2c</run_address>
         <size>0x68</size>
         <input_file_ref idref="fl-24"/>
      </object_component>
      <object_component id="oc-17">
         <name>.text:decompress:lzss:__TI_decompress_lzss</name>
         <load_address>0x8b94</load_address>
         <run_address>0x8b94</run_address>
         <size>0x68</size>
         <input_file_ref idref="fl-f4"/>
      </object_component>
      <object_component id="oc-f1">
         <name>.text:UART_getEnabledInterruptStatus</name>
         <load_address>0x8bfc</load_address>
         <run_address>0x8bfc</run_address>
         <size>0x64</size>
         <input_file_ref idref="fl-25"/>
      </object_component>
      <object_component id="oc-911">
         <name>.text:frexp</name>
         <load_address>0x8c60</load_address>
         <run_address>0x8c60</run_address>
         <size>0x64</size>
         <input_file_ref idref="fl-11a"/>
      </object_component>
      <object_component id="oc-40a">
         <name>.text:Crystalfontz128x128_LineDrawH</name>
         <load_address>0x8cc4</load_address>
         <run_address>0x8cc4</run_address>
         <size>0x60</size>
         <input_file_ref idref="fl-5"/>
      </object_component>
      <object_component id="oc-410">
         <name>.text:Crystalfontz128x128_LineDrawV</name>
         <load_address>0x8d24</load_address>
         <run_address>0x8d24</run_address>
         <size>0x60</size>
         <input_file_ref idref="fl-5"/>
      </object_component>
      <object_component id="oc-18c">
         <name>.text:gps_UART_setup</name>
         <load_address>0x8d84</load_address>
         <run_address>0x8d84</run_address>
         <size>0x60</size>
         <input_file_ref idref="fl-2"/>
      </object_component>
      <object_component id="oc-462">
         <name>.text:point_sun</name>
         <load_address>0x8de4</load_address>
         <run_address>0x8de4</run_address>
         <size>0x5e</size>
         <input_file_ref idref="fl-2"/>
      </object_component>
      <object_component id="oc-745">
         <name>.text:replaceChar</name>
         <load_address>0x8e42</load_address>
         <run_address>0x8e42</run_address>
         <size>0x5e</size>
         <input_file_ref idref="fl-7"/>
      </object_component>
      <object_component id="oc-8e">
         <name>.text:PORT3_IRQHandler</name>
         <load_address>0x8ea0</load_address>
         <run_address>0x8ea0</run_address>
         <size>0x58</size>
         <input_file_ref idref="fl-2"/>
      </object_component>
      <object_component id="oc-7cf">
         <name>.text:_pconv_f</name>
         <load_address>0x8ef8</load_address>
         <run_address>0x8ef8</run_address>
         <size>0x56</size>
         <input_file_ref idref="fl-10a"/>
      </object_component>
      <object_component id="oc-2aa">
         <name>.text:Crystalfontz128x128_SetOrientation</name>
         <load_address>0x8f50</load_address>
         <run_address>0x8f50</run_address>
         <size>0x54</size>
         <input_file_ref idref="fl-5"/>
      </object_component>
      <object_component id="oc-8f0">
         <name>.text:__TI_ltoa</name>
         <load_address>0x8fa4</load_address>
         <run_address>0x8fa4</run_address>
         <size>0x54</size>
         <input_file_ref idref="fl-114"/>
      </object_component>
      <object_component id="oc-c4">
         <name>.text:main</name>
         <load_address>0x8ff8</load_address>
         <run_address>0x8ff8</run_address>
         <size>0x54</size>
         <input_file_ref idref="fl-2"/>
      </object_component>
      <object_component id="oc-2b0">
         <name>.text:Graphics_initContext</name>
         <load_address>0x904c</load_address>
         <run_address>0x904c</run_address>
         <size>0x52</size>
         <input_file_ref idref="fl-14"/>
      </object_component>
      <object_component id="oc-8f6">
         <name>.text:_ecpy</name>
         <load_address>0x909e</load_address>
         <run_address>0x909e</run_address>
         <size>0x52</size>
         <input_file_ref idref="fl-10a"/>
      </object_component>
      <object_component id="oc-292">
         <name>.text:GPIO_setAsInputPin</name>
         <load_address>0x90f0</load_address>
         <run_address>0x90f0</run_address>
         <size>0x4c</size>
         <input_file_ref idref="fl-1e"/>
      </object_component>
      <object_component id="oc-7bd">
         <name>.text:atoi</name>
         <load_address>0x913c</load_address>
         <run_address>0x913c</run_address>
         <size>0x4c</size>
         <input_file_ref idref="fl-116"/>
      </object_component>
      <object_component id="oc-74b">
         <name>.text:my_strsep</name>
         <load_address>0x9188</load_address>
         <run_address>0x9188</run_address>
         <size>0x4a</size>
         <input_file_ref idref="fl-7"/>
      </object_component>
      <object_component id="oc-26c">
         <name>.text:FlashCtl_setWaitState</name>
         <load_address>0x91d4</load_address>
         <run_address>0x91d4</run_address>
         <size>0x48</size>
         <input_file_ref idref="fl-1d"/>
      </object_component>
      <object_component id="oc-346">
         <name>.text:fn_POSITIONING</name>
         <load_address>0x921c</load_address>
         <run_address>0x921c</run_address>
         <size>0x48</size>
         <input_file_ref idref="fl-2"/>
      </object_component>
      <object_component id="oc-17a">
         <name>.text:init_clk</name>
         <load_address>0x9264</load_address>
         <run_address>0x9264</run_address>
         <size>0x48</size>
         <input_file_ref idref="fl-2"/>
      </object_component>
      <object_component id="oc-5c4">
         <name>.text</name>
         <load_address>0x92ac</load_address>
         <run_address>0x92ac</run_address>
         <size>0x48</size>
         <input_file_ref idref="fl-ed"/>
      </object_component>
      <object_component id="oc-6a2">
         <name>.text:Graphics_drawMultiplePixelsOnDisplay</name>
         <load_address>0x92f4</load_address>
         <run_address>0x92f4</run_address>
         <size>0x46</size>
         <input_file_ref idref="fl-15"/>
      </object_component>
      <object_component id="oc-94">
         <name>.text:PORT5_IRQHandler</name>
         <load_address>0x933c</load_address>
         <run_address>0x933c</run_address>
         <size>0x44</size>
         <input_file_ref idref="fl-2"/>
      </object_component>
      <object_component id="oc-1ae">
         <name>.text:__TI_auto_init_nobinit_nopinit:__TI_auto_init_nobinit_nopinit</name>
         <load_address>0x9380</load_address>
         <run_address>0x9380</run_address>
         <size>0x44</size>
         <input_file_ref idref="fl-10f"/>
      </object_component>
      <object_component id="oc-127">
         <name>.text:set_servo_angle</name>
         <load_address>0x93c4</load_address>
         <run_address>0x93c4</run_address>
         <size>0x44</size>
         <input_file_ref idref="fl-2"/>
      </object_component>
      <object_component id="oc-3fe">
         <name>.text:Crystalfontz128x128_PixelDraw</name>
         <load_address>0x9408</load_address>
         <run_address>0x9408</run_address>
         <size>0x40</size>
         <input_file_ref idref="fl-5"/>
      </object_component>
      <object_component id="oc-2f4">
         <name>.text:GPIO_setAsOutputPin</name>
         <load_address>0x9448</load_address>
         <run_address>0x9448</run_address>
         <size>0x40</size>
         <input_file_ref idref="fl-1e"/>
      </object_component>
      <object_component id="oc-796">
         <name>.text:Graphics_getNumberOfLeadingZeros</name>
         <load_address>0x9488</load_address>
         <run_address>0x9488</run_address>
         <size>0x40</size>
         <input_file_ref idref="fl-19"/>
      </object_component>
      <object_component id="oc-3ac">
         <name>.text:HAL_LCD_SpiInit</name>
         <load_address>0x94c8</load_address>
         <run_address>0x94c8</run_address>
         <size>0x40</size>
         <input_file_ref idref="fl-6"/>
      </object_component>
      <object_component id="oc-50c">
         <name>.text:drawRectangle</name>
         <load_address>0x9508</load_address>
         <run_address>0x9508</run_address>
         <size>0x40</size>
         <input_file_ref idref="fl-2"/>
      </object_component>
      <object_component id="oc-5f3">
         <name>.text:is_A_Module</name>
         <load_address>0x9548</load_address>
         <run_address>0x9548</run_address>
         <size>0x40</size>
         <input_file_ref idref="fl-20"/>
      </object_component>
      <object_component id="oc-522">
         <name>.text:realTension</name>
         <load_address>0x9588</load_address>
         <run_address>0x9588</run_address>
         <size>0x40</size>
         <input_file_ref idref="fl-2"/>
      </object_component>
      <object_component id="oc-97d">
         <name>.text</name>
         <load_address>0x95c8</load_address>
         <run_address>0x95c8</run_address>
         <size>0x40</size>
         <input_file_ref idref="fl-10c"/>
      </object_component>
      <object_component id="oc-52d">
         <name>.text:sprintf</name>
         <load_address>0x9608</load_address>
         <run_address>0x9608</run_address>
         <size>0x40</size>
         <input_file_ref idref="fl-e8"/>
      </object_component>
      <object_component id="oc-909">
         <name>.text:_fcpy</name>
         <load_address>0x9648</load_address>
         <run_address>0x9648</run_address>
         <size>0x3e</size>
         <input_file_ref idref="fl-10a"/>
      </object_component>
      <object_component id="oc-506">
         <name>.text:drawMenuElement</name>
         <load_address>0x9686</load_address>
         <run_address>0x9686</run_address>
         <size>0x3c</size>
         <input_file_ref idref="fl-2"/>
      </object_component>
      <object_component id="oc-198">
         <name>.text:setup_servo_panel</name>
         <load_address>0x96c2</load_address>
         <run_address>0x96c2</run_address>
         <size>0x3a</size>
         <input_file_ref idref="fl-2"/>
      </object_component>
      <object_component id="oc-3b2">
         <name>.text:HAL_LCD_writeCommand</name>
         <load_address>0x96fc</load_address>
         <run_address>0x96fc</run_address>
         <size>0x38</size>
         <input_file_ref idref="fl-6"/>
      </object_component>
      <object_component id="oc-719">
         <name>.text:__gmtime32</name>
         <load_address>0x9734</load_address>
         <run_address>0x9734</run_address>
         <size>0x38</size>
         <input_file_ref idref="fl-f5"/>
      </object_component>
      <object_component id="oc-528">
         <name>.text</name>
         <load_address>0x976c</load_address>
         <run_address>0x976c</run_address>
         <size>0x38</size>
         <input_file_ref idref="fl-ef"/>
      </object_component>
      <object_component id="oc-339">
         <name>.text:setup_servo</name>
         <load_address>0x97a4</load_address>
         <run_address>0x97a4</run_address>
         <size>0x38</size>
         <input_file_ref idref="fl-2"/>
      </object_component>
      <object_component id="oc-8d5">
         <name>.text:Graphics_drawHorizontalLineOnDisplay</name>
         <load_address>0x97dc</load_address>
         <run_address>0x97dc</run_address>
         <size>0x36</size>
         <input_file_ref idref="fl-15"/>
      </object_component>
      <object_component id="oc-8df">
         <name>.text:Graphics_drawVerticalLineOnDisplay</name>
         <load_address>0x9812</load_address>
         <run_address>0x9812</run_address>
         <size>0x36</size>
         <input_file_ref idref="fl-15"/>
      </object_component>
      <object_component id="oc-2da">
         <name>.text:selMenu</name>
         <load_address>0x9848</load_address>
         <run_address>0x9848</run_address>
         <size>0x36</size>
         <input_file_ref idref="fl-2"/>
      </object_component>
      <object_component id="oc-769">
         <name>.text:strncpy</name>
         <load_address>0x987e</load_address>
         <run_address>0x987e</run_address>
         <size>0x36</size>
         <input_file_ref idref="fl-100"/>
      </object_component>
      <object_component id="oc-272">
         <name>.text:CS_setDCOCenteredFrequency</name>
         <load_address>0x98b4</load_address>
         <run_address>0x98b4</run_address>
         <size>0x34</size>
         <input_file_ref idref="fl-1c"/>
      </object_component>
      <object_component id="oc-7c">
         <name>.text:TA1_0_IRQHandler</name>
         <load_address>0x98e8</load_address>
         <run_address>0x98e8</run_address>
         <size>0x34</size>
         <input_file_ref idref="fl-2"/>
      </object_component>
      <object_component id="oc-fd">
         <name>.text:UART_transmitData</name>
         <load_address>0x991c</load_address>
         <run_address>0x991c</run_address>
         <size>0x34</size>
         <input_file_ref idref="fl-25"/>
      </object_component>
      <object_component id="oc-58">
         <name>.text:_c_int00_noargs:_c_int00_noargs</name>
         <load_address>0x9950</load_address>
         <run_address>0x9950</run_address>
         <size>0x34</size>
         <input_file_ref idref="fl-105"/>
      </object_component>
      <object_component id="oc-46d">
         <name>.text:ADC14_disableInterrupt</name>
         <load_address>0x9984</load_address>
         <run_address>0x9984</run_address>
         <size>0x30</size>
         <input_file_ref idref="fl-1b"/>
      </object_component>
      <object_component id="oc-497">
         <name>.text:ADC14_enableInterrupt</name>
         <load_address>0x99b4</load_address>
         <run_address>0x99b4</run_address>
         <size>0x30</size>
         <input_file_ref idref="fl-1b"/>
      </object_component>
      <object_component id="oc-3a6">
         <name>.text:HAL_LCD_PortInit</name>
         <load_address>0x99e4</load_address>
         <run_address>0x99e4</run_address>
         <size>0x30</size>
         <input_file_ref idref="fl-6"/>
      </object_component>
      <object_component id="oc-30c">
         <name>.text:UART_enableInterrupt</name>
         <load_address>0x9a14</load_address>
         <run_address>0x9a14</run_address>
         <size>0x30</size>
         <input_file_ref idref="fl-25"/>
      </object_component>
      <object_component id="oc-f7">
         <name>.text:UART_receiveData</name>
         <load_address>0x9a44</load_address>
         <run_address>0x9a44</run_address>
         <size>0x30</size>
         <input_file_ref idref="fl-25"/>
      </object_component>
      <object_component id="oc-229">
         <name>.text:pwm_servo_control</name>
         <load_address>0x9a74</load_address>
         <run_address>0x9a74</run_address>
         <size>0x30</size>
         <input_file_ref idref="fl-2"/>
      </object_component>
      <object_component id="oc-115">
         <name>.text:active_pos</name>
         <load_address>0x9aa4</load_address>
         <run_address>0x9aa4</run_address>
         <size>0x2e</size>
         <input_file_ref idref="fl-2"/>
      </object_component>
      <object_component id="oc-12d">
         <name>.text:resting_pos</name>
         <load_address>0x9ad2</load_address>
         <run_address>0x9ad2</run_address>
         <size>0x2e</size>
         <input_file_ref idref="fl-2"/>
      </object_component>
      <object_component id="oc-5d3">
         <name>.text</name>
         <load_address>0x9b00</load_address>
         <run_address>0x9b00</run_address>
         <size>0x2e</size>
         <input_file_ref idref="fl-f0"/>
      </object_component>
      <object_component id="oc-428">
         <name>.text:Crystalfontz128x128_ClearScreen</name>
         <load_address>0x9b30</load_address>
         <run_address>0x9b30</run_address>
         <size>0x2c</size>
         <input_file_ref idref="fl-5"/>
      </object_component>
      <object_component id="oc-82">
         <name>.text:EUSCIA0_IRQHandler</name>
         <load_address>0x9b5c</load_address>
         <run_address>0x9b5c</run_address>
         <size>0x2c</size>
         <input_file_ref idref="fl-2"/>
      </object_component>
      <object_component id="oc-6a8">
         <name>.text:Graphics_drawPixelOnDisplay</name>
         <load_address>0x9b88</load_address>
         <run_address>0x9b88</run_address>
         <size>0x2c</size>
         <input_file_ref idref="fl-15"/>
      </object_component>
      <object_component id="oc-3b8">
         <name>.text:HAL_LCD_writeData</name>
         <load_address>0x9bb4</load_address>
         <run_address>0x9bb4</run_address>
         <size>0x2c</size>
         <input_file_ref idref="fl-6"/>
      </object_component>
      <object_component id="oc-e8">
         <name>.text:Timer_A_clearCaptureCompareInterrupt</name>
         <load_address>0x9be0</load_address>
         <run_address>0x9be0</run_address>
         <size>0x2c</size>
         <input_file_ref idref="fl-24"/>
      </object_component>
      <object_component id="oc-333">
         <name>.text:configure_pwm_timer</name>
         <load_address>0x9c0c</load_address>
         <run_address>0x9c0c</run_address>
         <size>0x2c</size>
         <input_file_ref idref="fl-2"/>
      </object_component>
      <object_component id="oc-11b">
         <name>.text:menu_keep_range</name>
         <load_address>0x9c38</load_address>
         <run_address>0x9c38</run_address>
         <size>0x2a</size>
         <input_file_ref idref="fl-2"/>
      </object_component>
      <object_component id="oc-133">
         <name>.text:pacMan_1_n</name>
         <load_address>0x9c62</load_address>
         <run_address>0x9c62</run_address>
         <size>0x2a</size>
         <input_file_ref idref="fl-2"/>
      </object_component>
      <object_component id="oc-10f">
         <name>.text:ADC14_getResult</name>
         <load_address>0x9c8c</load_address>
         <run_address>0x9c8c</run_address>
         <size>0x28</size>
         <input_file_ref idref="fl-1b"/>
      </object_component>
      <object_component id="oc-41c">
         <name>.text:Crystalfontz128x128_ColorTranslate</name>
         <load_address>0x9cb4</load_address>
         <run_address>0x9cb4</run_address>
         <size>0x28</size>
         <input_file_ref idref="fl-5"/>
      </object_component>
      <object_component id="oc-149">
         <name>.text:GPIO_clearInterruptFlag</name>
         <load_address>0x9cdc</load_address>
         <run_address>0x9cdc</run_address>
         <size>0x28</size>
         <input_file_ref idref="fl-1e"/>
      </object_component>
      <object_component id="oc-298">
         <name>.text:GPIO_enableInterrupt</name>
         <load_address>0x9d04</load_address>
         <run_address>0x9d04</run_address>
         <size>0x28</size>
         <input_file_ref idref="fl-1e"/>
      </object_component>
      <object_component id="oc-316">
         <name>.text:GPIO_setOutputHighOnPin</name>
         <load_address>0x9d2c</load_address>
         <run_address>0x9d2c</run_address>
         <size>0x28</size>
         <input_file_ref idref="fl-1e"/>
      </object_component>
      <object_component id="oc-2fa">
         <name>.text:GPIO_setOutputLowOnPin</name>
         <load_address>0x9d54</load_address>
         <run_address>0x9d54</run_address>
         <size>0x28</size>
         <input_file_ref idref="fl-1e"/>
      </object_component>
      <object_component id="oc-558">
         <name>.text:drawText</name>
         <load_address>0x9d7c</load_address>
         <run_address>0x9d7c</run_address>
         <size>0x28</size>
         <input_file_ref idref="fl-2"/>
      </object_component>
      <object_component id="oc-8c4">
         <name>.text:free_list_insert</name>
         <load_address>0x9da4</load_address>
         <run_address>0x9da4</run_address>
         <size>0x28</size>
         <input_file_ref idref="fl-f7"/>
      </object_component>
      <object_component id="oc-260">
         <name>.text:GPIO_getInterruptStatus</name>
         <load_address>0x9dcc</load_address>
         <run_address>0x9dcc</run_address>
         <size>0x24</size>
         <input_file_ref idref="fl-1e"/>
      </object_component>
      <object_component id="oc-174">
         <name>.text:WDT_A_holdTimer</name>
         <load_address>0x9df0</load_address>
         <run_address>0x9df0</run_address>
         <size>0x24</size>
         <input_file_ref idref="fl-26"/>
      </object_component>
      <object_component id="oc-31c">
         <name>.text:delay_ms</name>
         <load_address>0x9e14</load_address>
         <run_address>0x9e14</run_address>
         <size>0x24</size>
         <input_file_ref idref="fl-2"/>
      </object_component>
      <object_component id="oc-89f">
         <name>.text:strcspn</name>
         <load_address>0x9e38</load_address>
         <run_address>0x9e38</run_address>
         <size>0x24</size>
         <input_file_ref idref="fl-fd"/>
      </object_component>
      <object_component id="oc-479">
         <name>.text:initMessageRMC</name>
         <load_address>0x9e5c</load_address>
         <run_address>0x9e5c</run_address>
         <size>0x20</size>
         <input_file_ref idref="fl-7"/>
      </object_component>
      <object_component id="oc-59e">
         <name>.text:strcat</name>
         <load_address>0x9e7c</load_address>
         <run_address>0x9e7c</run_address>
         <size>0x1e</size>
         <input_file_ref idref="fl-f9"/>
      </object_component>
      <object_component id="oc-4e2">
         <name>.text:SPI_enableModule</name>
         <load_address>0x9e9a</load_address>
         <run_address>0x9e9a</run_address>
         <size>0x1c</size>
         <input_file_ref idref="fl-20"/>
      </object_component>
      <object_component id="oc-352">
         <name>.text:fn_ZENIT</name>
         <load_address>0x9eb8</load_address>
         <run_address>0x9eb8</run_address>
         <size>0x1c</size>
         <input_file_ref idref="fl-2"/>
      </object_component>
      <object_component id="oc-8be">
         <name>.text:free_list_remove</name>
         <load_address>0x9ed4</load_address>
         <run_address>0x9ed4</run_address>
         <size>0x1c</size>
         <input_file_ref idref="fl-f7"/>
      </object_component>
      <object_component id="oc-7e1">
         <name>.text:memccpy</name>
         <load_address>0x9ef0</load_address>
         <run_address>0x9ef0</run_address>
         <size>0x1c</size>
         <input_file_ref idref="fl-118"/>
      </object_component>
      <object_component id="oc-739">
         <name>.text:strdup</name>
         <load_address>0x9f0c</load_address>
         <run_address>0x9f0c</run_address>
         <size>0x1c</size>
         <input_file_ref idref="fl-fe"/>
      </object_component>
      <object_component id="oc-3da">
         <name>.text:Graphics_clearDisplayOnDisplay</name>
         <load_address>0x9f28</load_address>
         <run_address>0x9f28</run_address>
         <size>0x1a</size>
         <input_file_ref idref="fl-15"/>
      </object_component>
      <object_component id="oc-2bc">
         <name>.text:Graphics_setBackgroundColor</name>
         <load_address>0x9f42</load_address>
         <run_address>0x9f42</run_address>
         <size>0x1a</size>
         <input_file_ref idref="fl-14"/>
      </object_component>
      <object_component id="oc-2c2">
         <name>.text:Graphics_setFont</name>
         <load_address>0x9f5c</load_address>
         <run_address>0x9f5c</run_address>
         <size>0x1a</size>
         <input_file_ref idref="fl-14"/>
      </object_component>
      <object_component id="oc-969">
         <name>.text:copysign</name>
         <load_address>0x9f76</load_address>
         <run_address>0x9f76</run_address>
         <size>0x1a</size>
         <input_file_ref idref="fl-107"/>
      </object_component>
      <object_component id="oc-121">
         <name>.text:get_servo_angle</name>
         <load_address>0x9f90</load_address>
         <run_address>0x9f90</run_address>
         <size>0x1a</size>
         <input_file_ref idref="fl-2"/>
      </object_component>
      <object_component id="oc-5aa">
         <name>.text:setMessage</name>
         <load_address>0x9faa</load_address>
         <run_address>0x9faa</run_address>
         <size>0x1a</size>
         <input_file_ref idref="fl-7"/>
      </object_component>
      <object_component id="oc-285">
         <name>.text:SysTick_setPeriod</name>
         <load_address>0x9fc4</load_address>
         <run_address>0x9fc4</run_address>
         <size>0x18</size>
         <input_file_ref idref="fl-23"/>
      </object_component>
      <object_component id="oc-23b">
         <name>.text:UART_getInterruptStatus</name>
         <load_address>0x9fdc</load_address>
         <run_address>0x9fdc</run_address>
         <size>0x18</size>
         <input_file_ref idref="fl-25"/>
      </object_component>
      <object_component id="oc-64b">
         <name>.text:_outs</name>
         <load_address>0x9ff4</load_address>
         <run_address>0x9ff4</run_address>
         <size>0x18</size>
         <input_file_ref idref="fl-e8"/>
      </object_component>
      <object_component id="oc-757">
         <name>.text:strcmp</name>
         <load_address>0xa00c</load_address>
         <run_address>0xa00c</run_address>
         <size>0x18</size>
         <input_file_ref idref="fl-fb"/>
      </object_component>
      <object_component id="oc-5fb">
         <name>.text:EUSCI_A_SPI_enable</name>
         <load_address>0xa024</load_address>
         <run_address>0xa024</run_address>
         <size>0x16</size>
         <input_file_ref idref="fl-20"/>
      </object_component>
      <object_component id="oc-601">
         <name>.text:EUSCI_B_SPI_enable</name>
         <load_address>0xa03a</load_address>
         <run_address>0xa03a</run_address>
         <size>0x16</size>
         <input_file_ref idref="fl-20"/>
      </object_component>
      <object_component id="oc-2b6">
         <name>.text:Graphics_setForegroundColor</name>
         <load_address>0xa050</load_address>
         <run_address>0xa050</run_address>
         <size>0x16</size>
         <input_file_ref idref="fl-14"/>
      </object_component>
      <object_component id="oc-3d1">
         <name>.text:Graphics_translateColorOnDisplay</name>
         <load_address>0xa066</load_address>
         <run_address>0xa066</run_address>
         <size>0x16</size>
         <input_file_ref idref="fl-15"/>
      </object_component>
      <object_component id="oc-451">
         <name>.text:Timer_A_startCounter</name>
         <load_address>0xa07c</load_address>
         <run_address>0xa07c</run_address>
         <size>0x16</size>
         <input_file_ref idref="fl-24"/>
      </object_component>
      <object_component id="oc-103">
         <name>.text:UART_clearInterruptFlag</name>
         <load_address>0xa092</load_address>
         <run_address>0xa092</run_address>
         <size>0x16</size>
         <input_file_ref idref="fl-25"/>
      </object_component>
      <object_component id="oc-306">
         <name>.text:UART_enableModule</name>
         <load_address>0xa0a8</load_address>
         <run_address>0xa0a8</run_address>
         <size>0x16</size>
         <input_file_ref idref="fl-25"/>
      </object_component>
      <object_component id="oc-8a6">
         <name>.text:strchr</name>
         <load_address>0xa0be</load_address>
         <run_address>0xa0be</run_address>
         <size>0x16</size>
         <input_file_ref idref="fl-fa"/>
      </object_component>
      <object_component id="oc-48b">
         <name>.text:PrintChar</name>
         <load_address>0xa0d4</load_address>
         <run_address>0xa0d4</run_address>
         <size>0x14</size>
         <input_file_ref idref="fl-2"/>
      </object_component>
      <object_component id="oc-180">
         <name>.text:init_delay</name>
         <load_address>0xa0e8</load_address>
         <run_address>0xa0e8</run_address>
         <size>0x14</size>
         <input_file_ref idref="fl-2"/>
      </object_component>
      <object_component id="oc-e2">
         <name>.text:pwm_panel_control</name>
         <load_address>0xa0fc</load_address>
         <run_address>0xa0fc</run_address>
         <size>0x14</size>
         <input_file_ref idref="fl-2"/>
      </object_component>
      <object_component id="oc-5b6">
         <name>.text:strcpy</name>
         <load_address>0xa110</load_address>
         <run_address>0xa110</run_address>
         <size>0x14</size>
         <input_file_ref idref="fl-fc"/>
      </object_component>
      <object_component id="oc-5a4">
         <name>.text:strlen</name>
         <load_address>0xa124</load_address>
         <run_address>0xa124</run_address>
         <size>0x14</size>
         <input_file_ref idref="fl-ff"/>
      </object_component>
      <object_component id="oc-2c8">
         <name>.text:Graphics_clearDisplay</name>
         <load_address>0xa138</load_address>
         <run_address>0xa138</run_address>
         <size>0x12</size>
         <input_file_ref idref="fl-14"/>
      </object_component>
      <object_component id="oc-7e7">
         <name>.text:wcslen</name>
         <load_address>0xa14a</load_address>
         <run_address>0xa14a</run_address>
         <size>0x12</size>
         <input_file_ref idref="fl-119"/>
      </object_component>
      <object_component id="oc-3e1">
         <name>.text:ADCIsConversionRunning</name>
         <load_address>0xa15c</load_address>
         <run_address>0xa15c</run_address>
         <size>0x10</size>
         <input_file_ref idref="fl-1b"/>
      </object_component>
      <object_component id="oc-76">
         <name>.text:SysTick_Handler</name>
         <load_address>0xa16c</load_address>
         <run_address>0xa16c</run_address>
         <size>0x10</size>
         <input_file_ref idref="fl-2"/>
      </object_component>
      <object_component id="oc-28b">
         <name>.text:SysTick_enableInterrupt</name>
         <load_address>0xa17c</load_address>
         <run_address>0xa17c</run_address>
         <size>0x10</size>
         <input_file_ref idref="fl-23"/>
      </object_component>
      <object_component id="oc-27f">
         <name>.text:SysTick_enableModule</name>
         <load_address>0xa18c</load_address>
         <run_address>0xa18c</run_address>
         <size>0x10</size>
         <input_file_ref idref="fl-23"/>
      </object_component>
      <object_component id="oc-1d">
         <name>.text:decompress:none:__TI_decompress_none</name>
         <load_address>0xa19c</load_address>
         <run_address>0xa19c</run_address>
         <size>0xe</size>
         <input_file_ref idref="fl-f3"/>
      </object_component>
      <object_component id="oc-6a">
         <name>.text:Reset_Handler</name>
         <load_address>0xa1aa</load_address>
         <run_address>0xa1aa</run_address>
         <size>0xc</size>
         <input_file_ref idref="fl-4"/>
      </object_component>
      <object_component id="oc-4c">
         <name>.text:decompress:ZI:__TI_zero_init</name>
         <load_address>0xa1b6</load_address>
         <run_address>0xa1b6</run_address>
         <size>0xc</size>
         <input_file_ref idref="fl-f2"/>
      </object_component>
      <object_component id="oc-422">
         <name>.text:Crystalfontz128x128_Flush</name>
         <load_address>0xa1c2</load_address>
         <run_address>0xa1c2</run_address>
         <size>0xa</size>
         <input_file_ref idref="fl-5"/>
      </object_component>
      <object_component id="oc-651">
         <name>.text:_outc</name>
         <load_address>0xa1cc</load_address>
         <run_address>0xa1cc</run_address>
         <size>0xa</size>
         <input_file_ref idref="fl-e8"/>
      </object_component>
      <object_component id="oc-7ed">
         <name>.text:__aeabi_errno_addr</name>
         <load_address>0xa1d8</load_address>
         <run_address>0xa1d8</run_address>
         <size>0x8</size>
         <input_file_ref idref="fl-106"/>
      </object_component>
      <object_component id="oc-73f">
         <name>.text:malloc</name>
         <load_address>0xa1e0</load_address>
         <run_address>0xa1e0</run_address>
         <size>0x8</size>
         <input_file_ref idref="fl-f7"/>
      </object_component>
      <object_component id="oc-be">
         <name>.text:_system_pre_init</name>
         <load_address>0xa1e8</load_address>
         <run_address>0xa1e8</run_address>
         <size>0x4</size>
         <input_file_ref idref="fl-110"/>
      </object_component>
      <object_component id="oc-1a2">
         <name>.text:abort:abort</name>
[...]
         <object_component_ref idref="oc-6fb"/>
      </symbol>
      <symbol id="sm-d12">
         <name>floorl</name>
         <value>0x77b9</value>
         <object_component_ref idref="oc-763"/>
      </symbol>
      <symbol id="sm-d13">
         <name>floor</name>
         <value>0x77b9</value>
         <object_component_ref idref="oc-763"/>
      </symbol>
      <symbol id="sm-d2b">
         <name>modfl</name>
         <value>0x8215</value>
         <object_component_ref idref="oc-5be"/>
      </symbol>
      <symbol id="sm-d2c">
         <name>modf</name>
         <value>0x8215</value>
         <object_component_ref idref="oc-5be"/>
      </symbol>
      <symbol id="sm-d53">
         <name>scalbn</name>
         <value>0x73ad</value>
         <object_component_ref idref="oc-872"/>
      </symbol>
      <symbol id="sm-d54">
         <name>scalbnl</name>
         <value>0x73ad</value>
         <object_component_ref idref="oc-872"/>
      </symbol>
      <symbol id="sm-d55">
         <name>ldexpl</name>
         <value>0x73ad</value>
         <object_component_ref idref="oc-872"/>
      </symbol>
      <symbol id="sm-d56">
         <name>ldexp</name>
         <value>0x73ad</value>
         <object_component_ref idref="oc-872"/>
      </symbol>
      <symbol id="sm-da6">
         <name>sin</name>
         <value>0x256d</value>
         <object_component_ref idref="oc-6f5"/>
      </symbol>
      <symbol id="sm-da7">
         <name>sinl</name>
         <value>0x256d</value>
         <object_component_ref idref="oc-6f5"/>
      </symbol>
      <symbol id="sm-dce">
         <name>sprintf</name>
         <value>0x9609</value>
         <object_component_ref idref="oc-52d"/>
      </symbol>
      <symbol id="sm-de5">
         <name>__aeabi_dsub</name>
         <value>0x5b6d</value>
         <object_component_ref idref="oc-5d8"/>
      </symbol>
      <symbol id="sm-de6">
         <name>__aeabi_dadd</name>
         <value>0x5b77</value>
         <object_component_ref idref="oc-5d8"/>
      </symbol>
      <symbol id="sm-e08">
         <name>__aeabi_cdcmpeq</name>
         <value>0x8581</value>
         <object_component_ref idref="oc-5c9"/>
      </symbol>
      <symbol id="sm-e09">
         <name>__aeabi_cdcmple</name>
         <value>0x8581</value>
         <object_component_ref idref="oc-5c9"/>
      </symbol>
      <symbol id="sm-e0a">
         <name>__aeabi_cdrcmple</name>
         <value>0x8607</value>
         <object_component_ref idref="oc-86d"/>
      </symbol>
      <symbol id="sm-e1e">
         <name>__aeabi_ddiv</name>
         <value>0x6805</value>
         <object_component_ref idref="oc-63e"/>
      </symbol>
      <symbol id="sm-e29">
         <name>__aeabi_dmul</name>
         <value>0x76bd</value>
         <object_component_ref idref="oc-5ce"/>
      </symbol>
      <symbol id="sm-e33">
         <name>__aeabi_d2iz</name>
         <value>0x92ad</value>
         <object_component_ref idref="oc-5c4"/>
      </symbol>
      <symbol id="sm-e3f">
         <name>__aeabi_d2f</name>
         <value>0x89e3</value>
         <object_component_ref idref="oc-45d"/>
      </symbol>
      <symbol id="sm-e4a">
         <name>__aeabi_f2d</name>
         <value>0x976d</value>
         <object_component_ref idref="oc-528"/>
      </symbol>
      <symbol id="sm-e54">
         <name>__aeabi_i2d</name>
         <value>0x9b01</value>
         <object_component_ref idref="oc-5d3"/>
      </symbol>
      <symbol id="sm-e6f">
         <name>memcpy</name>
         <value>0x82b1</value>
         <object_component_ref idref="oc-3a"/>
      </symbol>
      <symbol id="sm-e70">
         <name>__aeabi_memcpy</name>
         <value>0x82b1</value>
         <object_component_ref idref="oc-3a"/>
      </symbol>
      <symbol id="sm-e71">
         <name>__aeabi_memcpy8</name>
         <value>0x82b1</value>
         <object_component_ref idref="oc-3a"/>
      </symbol>
      <symbol id="sm-e72">
         <name>__aeabi_memcpy4</name>
         <value>0x82b1</value>
         <object_component_ref idref="oc-3a"/>
      </symbol>
      <symbol id="sm-e84">
         <name>__TI_zero_init</name>
         <value>0xa1b7</value>
         <object_component_ref idref="oc-4c"/>
      </symbol>
      <symbol id="sm-e9b">
         <name>__TI_decompress_none</name>
         <value>0xa19d</value>
         <object_component_ref idref="oc-1d"/>
      </symbol>
      <symbol id="sm-ebe">
         <name>__TI_decompress_lzss</name>
         <value>0x8b95</value>
         <object_component_ref idref="oc-17"/>
      </symbol>
      <symbol id="sm-edb">
         <name>__gmtime32</name>
         <value>0x9735</value>
         <object_component_ref idref="oc-719"/>
      </symbol>
      <symbol id="sm-edc">
         <name>gmtime</name>
         <value>0x9735</value>
         <object_component_ref idref="oc-719"/>
      </symbol>
      <symbol id="sm-eff">
         <name>__localtime32</name>
         <value>0x6a71</value>
         <object_component_ref idref="oc-887"/>
      </symbol>
      <symbol id="sm-f00">
         <name>localtime</name>
         <value>0x6a71</value>
         <object_component_ref idref="oc-887"/>
      </symbol>
      <symbol id="sm-f89">
         <name>_sys_memory</name>
         <value>0x20000000</value>
         <object_component_ref idref="oc-29"/>
      </symbol>
      <symbol id="sm-f8a">
         <name>free</name>
         <value>0x78b1</value>
         <object_component_ref idref="oc-775"/>
      </symbol>
      <symbol id="sm-f8b">
         <name>memalign</name>
         <value>0x74bd</value>
         <object_component_ref idref="oc-897"/>
      </symbol>
      <symbol id="sm-f8c">
         <name>malloc</name>
         <value>0xa1e1</value>
         <object_component_ref idref="oc-73f"/>
      </symbol>
      <symbol id="sm-f8d">
         <name>aligned_alloc</name>
         <value>0x74bd</value>
         <object_component_ref idref="oc-897"/>
      </symbol>
      <symbol id="sm-fbf">
         <name>mktime</name>
         <value>0x4835</value>
         <object_component_ref idref="oc-6e3"/>
      </symbol>
      <symbol id="sm-fc0">
         <name>__mktime32</name>
         <value>0x4835</value>
         <object_component_ref idref="oc-6e3"/>
      </symbol>
      <symbol id="sm-fd0">
         <name>strcat</name>
         <value>0x9e7d</value>
         <object_component_ref idref="oc-59e"/>
      </symbol>
      <symbol id="sm-fe0">
         <name>strchr</name>
         <value>0xa0bf</value>
         <object_component_ref idref="oc-8a6"/>
      </symbol>
      <symbol id="sm-fef">
         <name>strcmp</name>
         <value>0xa00d</value>
         <object_component_ref idref="oc-757"/>
      </symbol>
      <symbol id="sm-ffd">
         <name>strcpy</name>
         <value>0xa111</value>
         <object_component_ref idref="oc-5b6"/>
      </symbol>
      <symbol id="sm-100e">
         <name>strcspn</name>
         <value>0x9e39</value>
         <object_component_ref idref="oc-89f"/>
      </symbol>
      <symbol id="sm-101c">
         <name>strdup</name>
         <value>0x9f0d</value>
         <object_component_ref idref="oc-739"/>
      </symbol>
      <symbol id="sm-102a">
         <name>strlen</name>
         <value>0xa125</value>
         <object_component_ref idref="oc-5a4"/>
      </symbol>
      <symbol id="sm-103a">
         <name>strncpy</name>
         <value>0x987f</value>
         <object_component_ref idref="oc-769"/>
      </symbol>
      <symbol id="sm-109a">
         <name>strtold</name>
         <value>0x35a9</value>
         <object_component_ref idref="oc-75d"/>
      </symbol>
      <symbol id="sm-109b">
         <name>strtod</name>
         <value>0x35a9</value>
         <object_component_ref idref="oc-75d"/>
      </symbol>
      <symbol id="sm-10bf">
         <name>strtol</name>
         <value>0x6cd5</value>
         <object_component_ref idref="oc-76f"/>
      </symbol>
      <symbol id="sm-10cf">
         <name>_tz</name>
         <value>0x20000ee4</value>
         <object_component_ref idref="oc-843"/>
      </symbol>
      <symbol id="sm-1135">
         <name>__kernel_rem_pio2</name>
         <value>0x1e35</value>
         <object_component_ref idref="oc-85a"/>
      </symbol>
      <symbol id="sm-1148">
         <name>__stack</name>
         <value>0x2000fe00</value>
         <object_component_ref idref="oc-2c"/>
      </symbol>
      <symbol id="sm-1149">
         <name>_c_int00_noargs</name>
         <value>0x9951</value>
         <object_component_ref idref="oc-58"/>
      </symbol>
      <symbol id="sm-115f">
         <name>__aeabi_errno_addr</name>
         <value>0xa1d9</value>
         <object_component_ref idref="oc-7ed"/>
      </symbol>
      <symbol id="sm-1160">
         <name>errno</name>
         <value>0x20000f3c</value>
         <object_component_ref idref="oc-921"/>
      </symbol>
      <symbol id="sm-116a">
         <name>copysign</name>
         <value>0x9f77</value>
         <object_component_ref idref="oc-969"/>
      </symbol>
      <symbol id="sm-116b">
         <name>copysignl</name>
         <value>0x9f77</value>
         <object_component_ref idref="oc-969"/>
      </symbol>
      <symbol id="sm-1181">
         <name>__kernel_cos</name>
         <value>0x5e99</value>
         <object_component_ref idref="oc-860"/>
      </symbol>
      <symbol id="sm-1198">
         <name>__kernel_sin</name>
         <value>0x5d25</value>
         <object_component_ref idref="oc-854"/>
      </symbol>
      <symbol id="sm-12fd">
         <name>__TI_printfi</name>
         <value>0xe5</value>
         <object_component_ref idref="oc-645"/>
      </symbol>
      <symbol id="sm-130c">
         <name>__aeabi_memset</name>
         <value>0x8813</value>
         <object_component_ref idref="oc-b8"/>
      </symbol>
      <symbol id="sm-130d">
         <name>memset</name>
         <value>0x8819</value>
         <object_component_ref idref="oc-b8"/>
      </symbol>
      <symbol id="sm-130e">
         <name>__aeabi_memset8</name>
         <value>0x8813</value>
         <object_component_ref idref="oc-b8"/>
      </symbol>
      <symbol id="sm-130f">
         <name>__aeabi_memset4</name>
         <value>0x8813</value>
         <object_component_ref idref="oc-b8"/>
      </symbol>
      <symbol id="sm-1310">
         <name>__aeabi_memclr8</name>
         <value>0x8811</value>
         <object_component_ref idref="oc-b8"/>
      </symbol>
      <symbol id="sm-1311">
         <name>__aeabi_memclr4</name>
         <value>0x8811</value>
         <object_component_ref idref="oc-b8"/>
      </symbol>
      <symbol id="sm-1312">
         <name>__aeabi_memclr</name>
         <value>0x8811</value>
         <object_component_ref idref="oc-b8"/>
      </symbol>
      <symbol id="sm-1321">
         <name>__aeabi_uidivmod</name>
         <value>0x95c9</value>
         <object_component_ref idref="oc-97d"/>
      </symbol>
      <symbol id="sm-1322">
         <name>__aeabi_uidiv</name>
         <value>0x95c9</value>
         <object_component_ref idref="oc-97d"/>
      </symbol>
      <symbol id="sm-1330">
         <name>__aeabi_ldivmod</name>
         <value>0x8a51</value>
         <object_component_ref idref="oc-83b"/>
      </symbol>
      <symbol id="sm-133d">
         <name>__aeabi_uldivmod</name>
         <value>0x834d</value>
         <object_component_ref idref="oc-8ea"/>
      </symbol>
      <symbol id="sm-1365">
         <name>__TI_auto_init_nobinit_nopinit</name>
         <value>0x9381</value>
         <object_component_ref idref="oc-1ae"/>
      </symbol>
      <symbol id="sm-136f">
         <name>_system_pre_init</name>
         <value>0xa1e9</value>
         <object_component_ref idref="oc-be"/>
      </symbol>
      <symbol id="sm-137b">
         <name>C$$EXIT</name>
         <value>0xa1ed</value>
         <object_component_ref idref="oc-1a2"/>
      </symbol>
      <symbol id="sm-137c">
         <name>abort</name>
         <value>0xa1ed</value>
         <object_component_ref idref="oc-1a2"/>
      </symbol>
      <symbol id="sm-1391">
         <name>_nop</name>
         <value>0x35a7</value>
         <object_component_ref idref="oc-4a0"/>
      </symbol>
      <symbol id="sm-1392">
         <name>_lock</name>
         <value>0x20000f20</value>
         <object_component_ref idref="oc-36a"/>
      </symbol>
      <symbol id="sm-1393">
         <name>_unlock</name>
         <value>0x20000f24</value>
         <object_component_ref idref="oc-36a"/>
      </symbol>
      <symbol id="sm-13a2">
         <name>__TI_ltoa</name>
         <value>0x8fa5</value>
         <object_component_ref idref="oc-8f0"/>
      </symbol>
      <symbol id="sm-13b9">
         <name>atoi</name>
         <value>0x913d</value>
         <object_component_ref idref="oc-7bd"/>
      </symbol>
      <symbol id="sm-13c4">
         <name>_ctypes_</name>
         <value>0xb4c6</value>
         <object_component_ref idref="oc-8af"/>
      </symbol>
      <symbol id="sm-13d4">
         <name>memccpy</name>
         <value>0x9ef1</value>
         <object_component_ref idref="oc-7e1"/>
      </symbol>
      <symbol id="sm-13ed">
         <name>wcslen</name>
         <value>0xa14b</value>
         <object_component_ref idref="oc-7e7"/>
      </symbol>
      <symbol id="sm-1403">
         <name>frexpl</name>
         <value>0x8c61</value>
         <object_component_ref idref="oc-911"/>
      </symbol>
      <symbol id="sm-1404">
         <name>frexp</name>
         <value>0x8c61</value>
         <object_component_ref idref="oc-911"/>
      </symbol>
      <symbol id="sm-140e">
         <name>__aeabi_idiv0</name>
         <value>0x7b3f</value>
         <object_component_ref idref="oc-939"/>
      </symbol>
      <symbol id="sm-140f">
         <name>__aeabi_ldiv0</name>
         <value>0x7b3f</value>
         <object_component_ref idref="oc-939"/>
      </symbol>
      <symbol id="sm-1410">
         <name>__TI_static_base__</name>
         <value>0x0</value>
      </symbol>
      <symbol id="sm-1413">
         <name>__mpu_init</name>
         <value>0x0</value>
      </symbol>
      <symbol id="sm-1414">
         <name>_system_post_cinit</name>
         <value>0x0</value>
      </symbol>
      <symbol id="sm-1415">
         <name>NMI_Handler</name>
         <value>0xb33</value>
      </symbol>
      <symbol id="sm-1416">
         <name>HardFault_Handler</name>
         <value>0xb33</value>
      </symbol>
      <symbol id="sm-1417">
         <name>MemManage_Handler</name>
         <value>0xb33</value>
      </symbol>
      <symbol id="sm-1418">
         <name>BusFault_Handler</name>
         <value>0xb33</value>
      </symbol>
      <symbol id="sm-1419">
         <name>UsageFault_Handler</name>
         <value>0xb33</value>
      </symbol>
      <symbol id="sm-141a">
         <name>SVC_Handler</name>
         <value>0xb33</value>
      </symbol>
      <symbol id="sm-141b">
         <name>DebugMon_Handler</name>
         <value>0xb33</value>
      </symbol>
      <symbol id="sm-141c">
         <name>PendSV_Handler</name>
         <value>0xb33</value>
      </symbol>
      <symbol id="sm-141d">
         <name>SysTick_Handler</name>
         <value>0xa16d</value>
      </symbol>
      <symbol id="sm-141e">
         <name>PSS_IRQHandler</name>
         <value>0xb33</value>
      </symbol>
      <symbol id="sm-141f">
         <name>CS_IRQHandler</name>
         <value>0xb33</value>
      </symbol>
      <symbol id="sm-1420">
         <name>PCM_IRQHandler</name>
         <value>0xb33</value>
      </symbol>
      <symbol id="sm-1421">
         <name>WDT_A_IRQHandler</name>
         <value>0xb33</value>
      </symbol>
      <symbol id="sm-1422">
         <name>FPU_IRQHandler</name>
         <value>0xb33</value>
      </symbol>
      <symbol id="sm-1423">
         <name>FLCTL_IRQHandler</name>
         <value>0xb33</value>
      </symbol>
      <symbol id="sm-1424">
         <name>COMP_E0_IRQHandler</name>
         <value>0xb33</value>
      </symbol>
      <symbol id="sm-1425">
         <name>COMP_E1_IRQHandler</name>
         <value>0xb33</value>
      </symbol>
      <symbol id="sm-1426">
         <name>TA0_0_IRQHandler</name>
         <value>0xb33</value>
      </symbol>
      <symbol id="sm-1427">
         <name>TA0_N_IRQHandler</name>
         <value>0xb33</value>
      </symbol>
      <symbol id="sm-1428">
         <name>TA1_0_IRQHandler</name>
         <value>0x98e9</value>
      </symbol>
      <symbol id="sm-1429">
         <name>TA1_N_IRQHandler</name>
         <value>0xb33</value>
      </symbol>
      <symbol id="sm-142a">
         <name>TA2_0_IRQHandler</name>
         <value>0xb33</value>
      </symbol>
      <symbol id="sm-142b">
         <name>TA2_N_IRQHandler</name>
         <value>0xb33</value>
      </symbol>
      <symbol id="sm-142c">
         <name>TA3_0_IRQHandler</name>
         <value>0xb33</value>
      </symbol>
      <symbol id="sm-142d">
         <name>TA3_N_IRQHandler</name>
         <value>0xb33</value>
      </symbol>
      <symbol id="sm-142e">
         <name>EUSCIA0_IRQHandler</name>
         <value>0x9b5d</value>
      </symbol>
      <symbol id="sm-142f">
         <name>EUSCIA1_IRQHandler</name>
         <value>0xb33</value>
      </symbol>
      <symbol id="sm-1430">
         <name>EUSCIA2_IRQHandler</name>
         <value>0xb33</value>
      </symbol>
      <symbol id="sm-1431">
         <name>EUSCIA3_IRQHandler</name>
         <value>0xb33</value>
      </symbol>
      <symbol id="sm-1432">
         <name>EUSCIB0_IRQHandler</name>
         <value>0xb33</value>
      </symbol>
      <symbol id="sm-1433">
         <name>EUSCIB1_IRQHandler</name>
         <value>0xb33</value>
      </symbol>
      <symbol id="sm-1434">
         <name>EUSCIB2_IRQHandler</name>
         <value>0xb33</value>
      </symbol>
      <symbol id="sm-1435">
         <name>EUSCIB3_IRQHandler</name>
         <value>0xb33</value>
      </symbol>
      <symbol id="sm-1436">
         <name>ADC14_IRQHandler</name>
         <value>0x4d45</value>
      </symbol>
      <symbol id="sm-1437">
         <name>T32_INT1_IRQHandler</name>
         <value>0xb33</value>
      </symbol>
      <symbol id="sm-1438">
         <name>T32_INT2_IRQHandler</name>
         <value>0xb33</value>
      </symbol>
      <symbol id="sm-1439">
         <name>T32_INTC_IRQHandler</name>
         <value>0xb33</value>
      </symbol>
      <symbol id="sm-143a">
         <name>AES256_IRQHandler</name>
         <value>0xb33</value>
      </symbol>
      <symbol id="sm-143b">
         <name>RTC_C_IRQHandler</name>
         <value>0xb33</value>
      </symbol>
      <symbol id="sm-143c">
         <name>DMA_ERR_IRQHandler</name>
         <value>0xb33</value>
      </symbol>
      <symbol id="sm-143d">
         <name>DMA_INT3_IRQHandler</name>
         <value>0xb33</value>
      </symbol>
      <symbol id="sm-143e">
         <name>DMA_INT2_IRQHandler</name>
         <value>0xb33</value>
      </symbol>
      <symbol id="sm-143f">
         <name>DMA_INT1_IRQHandler</name>
         <value>0xb33</value>
      </symbol>
      <symbol id="sm-1440">
         <name>DMA_INT0_IRQHandler</name>
         <value>0xb33</value>
      </symbol>
      <symbol id="sm-1441">
         <name>PORT1_IRQHandler</name>
         <value>0xb33</value>
      </symbol>
      <symbol id="sm-1442">
         <name>PORT2_IRQHandler</name>
         <value>0xb33</value>
      </symbol>
      <symbol id="sm-1443">
         <name>PORT3_IRQHandler</name>
         <value>0x8ea1</value>
      </symbol>
      <symbol id="sm-1444">
         <name>PORT4_IRQHandler</name>
         <value>0xb33</value>
      </symbol>
      <symbol id="sm-1445">
         <name>PORT5_IRQHandler</name>
         <value>0x933d</value>
      </symbol>
      <symbol id="sm-1446">
         <name>PORT6_IRQHandler</name>
         <value>0xb33</value>
      </symbol>
   </symbol_table>
   <title>Link successful</title>
</link_info>
