<?xml version="1.0" encoding="ISO-8859-1" ?>
<link_info>
   <banner>TI ARM Linker PC v20.2.7.LTS</banner>
   <copyright>Copyright (c) 1996-2018 Texas Instruments Incorporated</copyright>
   <link_time>0x6696c02c</link_time>
   <link_errors>0x0</link_errors>
   <output_file>SunScanner.out</output_file>
   <entry_point>
      <name>_c_int00_noargs</name>
      <address>0x9975</address>
   </entry_point>
   <input_file_list>
      <input_file id="fl-2">
         <path>.\</path>
         <kind>object</kind>
         <file>main.obj</file>
         <name>main.obj</name>
      </input_file>
      <input_file id="fl-3">
         <path>.\</path>
         <kind>object</kind>
         <file>system_msp432p401r.obj</file>
         <name>system_msp432p401r.obj</name>
      </input_file>
      <input_file id="fl-4">
         <path>.\ccs\</path>
         <kind>object</kind>
         <file>startup_msp432p401r_ccs.obj</file>
         <name>startup_msp432p401r_ccs.obj</name>
      </input_file>
      <input_file id="fl-5">
         <path>.\src\LcdDriver\</path>
         <kind>object</kind>
         <file>Crystalfontz128x128_ST7735.obj</file>
         <name>Crystalfontz128x128_ST7735.obj</name>
      </input_file>
      <input_file id="fl-6">
         <path>.\src\LcdDriver\</path>
         <kind>object</kind>
         <file>HAL_MSP_EXP432P401R_Crystalfontz128x128_ST7735.obj</file>
         <name>HAL_MSP_EXP432P401R_Crystalfontz128x128_ST7735.obj</name>
      </input_file>
      <input_file id="fl-7">
         <path>.\src\</path>
         <kind>object</kind>
         <file>NMEAParser.obj</file>
         <name>NMEAParser.obj</name>
      </input_file>
      <input_file id="fl-8">
         <path>.\src\servo\</path>
         <kind>object</kind>
         <file>Sun_az_alt.obj</file>
         <name>Sun_az_alt.obj</name>
      </input_file>
      <input_file id="fl-13">
         <kind>object</kind>
         <file>&lt;internal&gt;</file>
         <name>&lt;internal&gt;</name>
      </input_file>
      <input_file id="fl-14">
         <path>C:\simplelink_msp432p4_sdk_3_40_01_02\source\ti\grlib\lib\ccs\m4f\</path>
         <kind>archive</kind>
         <file>grlib.a</file>
         <name>context.obj</name>
      </input_file>
      <input_file id="fl-15">
         <path>C:\simplelink_msp432p4_sdk_3_40_01_02\source\ti\grlib\lib\ccs\m4f\</path>
         <kind>archive</kind>
         <file>grlib.a</file>
         <name>display.obj</name>
      </input_file>
      <input_file id="fl-16">
         <path>C:\simplelink_msp432p4_sdk_3_40_01_02\source\ti\grlib\lib\ccs\m4f\</path>
         <kind>archive</kind>
         <file>grlib.a</file>
         <name>fontfixed6x8.obj</name>
      </input_file>
      <input_file id="fl-17">
         <path>C:\simplelink_msp432p4_sdk_3_40_01_02\source\ti\grlib\lib\ccs\m4f\</path>
         <kind>archive</kind>
         <file>grlib.a</file>
         <name>image.obj</name>
      </input_file>
      <input_file id="fl-18">
         <path>C:\simplelink_msp432p4_sdk_3_40_01_02\source\ti\grlib\lib\ccs\m4f\</path>
         <kind>archive</kind>
         <file>grlib.a</file>
         <name>rectangle.obj</name>
      </input_file>
      <input_file id="fl-19">
         <path>C:\simplelink_msp432p4_sdk_3_40_01_02\source\ti\grlib\lib\ccs\m4f\</path>
         <kind>archive</kind>
         <file>grlib.a</file>
         <name>string.obj</name>
      </input_file>
      <input_file id="fl-1a">
         <path>C:\simplelink_msp432p4_sdk_3_40_01_02\source\ti\grlib\lib\ccs\m4f\</path>
         <kind>archive</kind>
         <file>grlib.a</file>
         <name>line.obj</name>
      </input_file>
      <input_file id="fl-1b">
         <path>C:\simplelink_msp432p4_sdk_3_40_01_02\source\ti\devices\msp432p4xx\driverlib\ccs\</path>
         <kind>archive</kind>
         <file>msp432p4xx_driverlib.lib</file>
         <name>adc14.o</name>
      </input_file>
      <input_file id="fl-1c">
         <path>C:\simplelink_msp432p4_sdk_3_40_01_02\source\ti\devices\msp432p4xx\driverlib\ccs\</path>
         <kind>archive</kind>
         <file>msp432p4xx_driverlib.lib</file>
         <name>cs.o</name>
      </input_file>
      <input_file id="fl-1d">
         <path>C:\simplelink_msp432p4_sdk_3_40_01_02\source\ti\devices\msp432p4xx\driverlib\ccs\</path>
         <kind>archive</kind>
         <file>msp432p4xx_driverlib.lib</file>
         <name>flash.o</name>
      </input_file>
      <input_file id="fl-1e">
         <path>C:\simplelink_msp432p4_sdk_3_40_01_02\source\ti\devices\msp432p4xx\driverlib\ccs\</path>
         <kind>archive</kind>
         <file>msp432p4xx_driverlib.lib</file>
         <name>gpio.o</name>
      </input_file>
      <input_file id="fl-1f">
         <path>C:\simplelink_msp432p4_sdk_3_40_01_02\source\ti\devices\msp432p4xx\driverlib\ccs\</path>
         <kind>archive</kind>
         <file>msp432p4xx_driverlib.lib</file>
         <name>interrupt.o</name>
      </input_file>
      <input_file id="fl-20">
         <path>C:\simplelink_msp432p4_sdk_3_40_01_02\source\ti\devices\msp432p4xx\driverlib\ccs\</path>
         <kind>archive</kind>
         <file>msp432p4xx_driverlib.lib</file>
         <name>spi.o</name>
      </input_file>
      <input_file id="fl-21">
         <path>C:\simplelink_msp432p4_sdk_3_40_01_02\source\ti\devices\msp432p4xx\driverlib\ccs\</path>
         <kind>archive</kind>
         <file>msp432p4xx_driverlib.lib</file>
         <name>sysctl.o</name>
      </input_file>
      <input_file id="fl-22">
         <path>C:\simplelink_msp432p4_sdk_3_40_01_02\source\ti\devices\msp432p4xx\driverlib\ccs\</path>
         <kind>archive</kind>
         <file>msp432p4xx_driverlib.lib</file>
         <name>sysctl_a.o</name>
      </input_file>
      <input_file id="fl-23">
         <path>C:\simplelink_msp432p4_sdk_3_40_01_02\source\ti\devices\msp432p4xx\driverlib\ccs\</path>
         <kind>archive</kind>
         <file>msp432p4xx_driverlib.lib</file>
         <name>systick.o</name>
      </input_file>
      <input_file id="fl-24">
         <path>C:\simplelink_msp432p4_sdk_3_40_01_02\source\ti\devices\msp432p4xx\driverlib\ccs\</path>
         <kind>archive</kind>
         <file>msp432p4xx_driverlib.lib</file>
         <name>timer_a.o</name>
      </input_file>
      <input_file id="fl-25">
         <path>C:\simplelink_msp432p4_sdk_3_40_01_02\source\ti\devices\msp432p4xx\driverlib\ccs\</path>
         <kind>archive</kind>
         <file>msp432p4xx_driverlib.lib</file>
         <name>uart.o</name>
      </input_file>
      <input_file id="fl-26">
         <path>C:\simplelink_msp432p4_sdk_3_40_01_02\source\ti\devices\msp432p4xx\driverlib\ccs\</path>
         <kind>archive</kind>
         <file>msp432p4xx_driverlib.lib</file>
         <name>wdt_a.o</name>
      </input_file>
      <input_file id="fl-27">
         <path>C:\simplelink_msp432p4_sdk_3_40_01_02\source\ti\devices\msp432p4xx\driverlib\ccs\</path>
         <kind>archive</kind>
         <file>msp432p4xx_driverlib.lib</file>
         <name>cpu.o</name>
      </input_file>
      <input_file id="fl-dd">
         <path>C:\ti\ccs1270\ccs\tools\compiler\ti-cgt-arm_20.2.7.LTS\lib\</path>
         <kind>archive</kind>
         <file>rtsv7M4_T_le_v4SPD16_eabi.lib</file>
         <name>e_asin.c.obj</name>
      </input_file>
      <input_file id="fl-de">
         <path>C:\ti\ccs1270\ccs\tools\compiler\ti-cgt-arm_20.2.7.LTS\lib\</path>
         <kind>archive</kind>
         <file>rtsv7M4_T_le_v4SPD16_eabi.lib</file>
         <name>e_atan2.c.obj</name>
      </input_file>
      <input_file id="fl-df">
         <path>C:\ti\ccs1270\ccs\tools\compiler\ti-cgt-arm_20.2.7.LTS\lib\</path>
         <kind>archive</kind>
         <file>rtsv7M4_T_le_v4SPD16_eabi.lib</file>
         <name>e_fmod.c.obj</name>
      </input_file>
      <input_file id="fl-e0">
         <path>C:\ti\ccs1270\ccs\tools\compiler\ti-cgt-arm_20.2.7.LTS\lib\</path>
         <kind>archive</kind>
         <file>rtsv7M4_T_le_v4SPD16_eabi.lib</file>
         <name>e_pow.c.obj</name>
      </input_file>
      <input_file id="fl-e1">
         <path>C:\ti\ccs1270\ccs\tools\compiler\ti-cgt-arm_20.2.7.LTS\lib\</path>
         <kind>archive</kind>
         <file>rtsv7M4_T_le_v4SPD16_eabi.lib</file>
         <name>e_sqrt.c.obj</name>
      </input_file>
      <input_file id="fl-e2">
         <path>C:\ti\ccs1270\ccs\tools\compiler\ti-cgt-arm_20.2.7.LTS\lib\</path>
         <kind>archive</kind>
         <file>rtsv7M4_T_le_v4SPD16_eabi.lib</file>
         <name>s_atan.c.obj</name>
      </input_file>
      <input_file id="fl-e3">
         <path>C:\ti\ccs1270\ccs\tools\compiler\ti-cgt-arm_20.2.7.LTS\lib\</path>
         <kind>archive</kind>
         <file>rtsv7M4_T_le_v4SPD16_eabi.lib</file>
         <name>s_cos.c.obj</name>
      </input_file>
      <input_file id="fl-e4">
         <path>C:\ti\ccs1270\ccs\tools\compiler\ti-cgt-arm_20.2.7.LTS\lib\</path>
         <kind>archive</kind>
         <file>rtsv7M4_T_le_v4SPD16_eabi.lib</file>
         <name>s_floor.c.obj</name>
      </input_file>
      <input_file id="fl-e5">
         <path>C:\ti\ccs1270\ccs\tools\compiler\ti-cgt-arm_20.2.7.LTS\lib\</path>
         <kind>archive</kind>
         <file>rtsv7M4_T_le_v4SPD16_eabi.lib</file>
         <name>s_modf.c.obj</name>
      </input_file>
      <input_file id="fl-e6">
         <path>C:\ti\ccs1270\ccs\tools\compiler\ti-cgt-arm_20.2.7.LTS\lib\</path>
         <kind>archive</kind>
         <file>rtsv7M4_T_le_v4SPD16_eabi.lib</file>
         <name>s_scalbn.c.obj</name>
      </input_file>
      <input_file id="fl-e7">
         <path>C:\ti\ccs1270\ccs\tools\compiler\ti-cgt-arm_20.2.7.LTS\lib\</path>
         <kind>archive</kind>
         <file>rtsv7M4_T_le_v4SPD16_eabi.lib</file>
         <name>s_sin.c.obj</name>
      </input_file>
      <input_file id="fl-e8">
         <path>C:\ti\ccs1270\ccs\tools\compiler\ti-cgt-arm_20.2.7.LTS\lib\</path>
         <kind>archive</kind>
         <file>rtsv7M4_T_le_v4SPD16_eabi.lib</file>
         <name>sprintf.c.obj</name>
      </input_file>
      <input_file id="fl-e9">
         <path>C:\ti\ccs1270\ccs\tools\compiler\ti-cgt-arm_20.2.7.LTS\lib\</path>
         <kind>archive</kind>
         <file>rtsv7M4_T_le_v4SPD16_eabi.lib</file>
         <name>fd_add_t2.asm.obj</name>
      </input_file>
      <input_file id="fl-ea">
         <path>C:\ti\ccs1270\ccs\tools\compiler\ti-cgt-arm_20.2.7.LTS\lib\</path>
         <kind>archive</kind>
         <file>rtsv7M4_T_le_v4SPD16_eabi.lib</file>
         <name>fd_cmp_t2.asm.obj</name>
      </input_file>
      <input_file id="fl-eb">
         <path>C:\ti\ccs1270\ccs\tools\compiler\ti-cgt-arm_20.2.7.LTS\lib\</path>
         <kind>archive</kind>
         <file>rtsv7M4_T_le_v4SPD16_eabi.lib</file>
         <name>fd_div_t2.asm.obj</name>
      </input_file>
      <input_file id="fl-ec">
         <path>C:\ti\ccs1270\ccs\tools\compiler\ti-cgt-arm_20.2.7.LTS\lib\</path>
         <kind>archive</kind>
         <file>rtsv7M4_T_le_v4SPD16_eabi.lib</file>
         <name>fd_mul_t2.asm.obj</name>
      </input_file>
      <input_file id="fl-ed">
         <path>C:\ti\ccs1270\ccs\tools\compiler\ti-cgt-arm_20.2.7.LTS\lib\</path>
         <kind>archive</kind>
         <file>rtsv7M4_T_le_v4SPD16_eabi.lib</file>
         <name>fd_toi_t2.asm.obj</name>
      </input_file>
      <input_file id="fl-ee">
         <path>C:\ti\ccs1270\ccs\tools\compiler\ti-cgt-arm_20.2.7.LTS\lib\</path>
         <kind>archive</kind>
         <file>rtsv7M4_T_le_v4SPD16_eabi.lib</file>
         <name>fd_tos_t2.asm.obj</name>
      </input_file>
      <input_file id="fl-ef">
         <path>C:\ti\ccs1270\ccs\tools\compiler\ti-cgt-arm_20.2.7.LTS\lib\</path>
         <kind>archive</kind>
         <file>rtsv7M4_T_le_v4SPD16_eabi.lib</file>
         <name>fs_tod_t2.asm.obj</name>
      </input_file>
      <input_file id="fl-f0">
         <path>C:\ti\ccs1270\ccs\tools\compiler\ti-cgt-arm_20.2.7.LTS\lib\</path>
         <kind>archive</kind>
         <file>rtsv7M4_T_le_v4SPD16_eabi.lib</file>
         <name>i_tofd_t2.asm.obj</name>
      </input_file>
      <input_file id="fl-f1">
         <path>C:\ti\ccs1270\ccs\tools\compiler\ti-cgt-arm_20.2.7.LTS\lib\</path>
         <kind>archive</kind>
         <file>rtsv7M4_T_le_v4SPD16_eabi.lib</file>
         <name>memcpy_t2.asm.obj</name>
      </input_file>
      <input_file id="fl-f2">
         <path>C:\ti\ccs1270\ccs\tools\compiler\ti-cgt-arm_20.2.7.LTS\lib\</path>
         <kind>archive</kind>
         <file>rtsv7M4_T_le_v4SPD16_eabi.lib</file>
         <name>copy_zero_init.c.obj</name>
      </input_file>
      <input_file id="fl-f3">
         <path>C:\ti\ccs1270\ccs\tools\compiler\ti-cgt-arm_20.2.7.LTS\lib\</path>
         <kind>archive</kind>
         <file>rtsv7M4_T_le_v4SPD16_eabi.lib</file>
         <name>copy_decompress_none.c.obj</name>
      </input_file>
      <input_file id="fl-f4">
         <path>C:\ti\ccs1270\ccs\tools\compiler\ti-cgt-arm_20.2.7.LTS\lib\</path>
         <kind>archive</kind>
         <file>rtsv7M4_T_le_v4SPD16_eabi.lib</file>
         <name>copy_decompress_lzss.c.obj</name>
      </input_file>
      <input_file id="fl-f5">
         <path>C:\ti\ccs1270\ccs\tools\compiler\ti-cgt-arm_20.2.7.LTS\lib\</path>
         <kind>archive</kind>
         <file>rtsv7M4_T_le_v4SPD16_eabi.lib</file>
         <name>gmtime.c.obj</name>
      </input_file>
      <input_file id="fl-f6">
         <path>C:\ti\ccs1270\ccs\tools\compiler\ti-cgt-arm_20.2.7.LTS\lib\</path>
         <kind>archive</kind>
         <file>rtsv7M4_T_le_v4SPD16_eabi.lib</file>
         <name>localtim.c.obj</name>
      </input_file>
      <input_file id="fl-f7">
         <path>C:\ti\ccs1270\ccs\tools\compiler\ti-cgt-arm_20.2.7.LTS\lib\</path>
         <kind>archive</kind>
         <file>rtsv7M4_T_le_v4SPD16_eabi.lib</file>
         <name>memory.c.obj</name>
      </input_file>
      <input_file id="fl-f8">
         <path>C:\ti\ccs1270\ccs\tools\compiler\ti-cgt-arm_20.2.7.LTS\lib\</path>
         <kind>archive</kind>
         <file>rtsv7M4_T_le_v4SPD16_eabi.lib</file>
         <name>mktime.c.obj</name>
      </input_file>
      <input_file id="fl-f9">
         <path>C:\ti\ccs1270\ccs\tools\compiler\ti-cgt-arm_20.2.7.LTS\lib\</path>
         <kind>archive</kind>
         <file>rtsv7M4_T_le_v4SPD16_eabi.lib</file>
         <name>strcat.c.obj</name>
      </input_file>
      <input_file id="fl-fa">
         <path>C:\ti\ccs1270\ccs\tools\compiler\ti-cgt-arm_20.2.7.LTS\lib\</path>
         <kind>archive</kind>
         <file>rtsv7M4_T_le_v4SPD16_eabi.lib</file>
         <name>strchr.c.obj</name>
      </input_file>
      <input_file id="fl-fb">
         <path>C:\ti\ccs1270\ccs\tools\compiler\ti-cgt-arm_20.2.7.LTS\lib\</path>
         <kind>archive</kind>
         <file>rtsv7M4_T_le_v4SPD16_eabi.lib</file>
         <name>strcmp.c.obj</name>
      </input_file>
      <input_file id="fl-fc">
         <path>C:\ti\ccs1270\ccs\tools\compiler\ti-cgt-arm_20.2.7.LTS\lib\</path>
         <kind>archive</kind>
         <file>rtsv7M4_T_le_v4SPD16_eabi.lib</file>
         <name>strcpy.c.obj</name>
      </input_file>
      <input_file id="fl-fd">
         <path>C:\ti\ccs1270\ccs\tools\compiler\ti-cgt-arm_20.2.7.LTS\lib\</path>
         <kind>archive</kind>
         <file>rtsv7M4_T_le_v4SPD16_eabi.lib</file>
         <name>strcspn.c.obj</name>
      </input_file>
      <input_file id="fl-fe">
         <path>C:\ti\ccs1270\ccs\tools\compiler\ti-cgt-arm_20.2.7.LTS\lib\</path>
         <kind>archive</kind>
         <file>rtsv7M4_T_le_v4SPD16_eabi.lib</file>
         <name>strdup.c.obj</name>
      </input_file>
      <input_file id="fl-ff">
         <path>C:\ti\ccs1270\ccs\tools\compiler\ti-cgt-arm_20.2.7.LTS\lib\</path>
         <kind>archive</kind>
         <file>rtsv7M4_T_le_v4SPD16_eabi.lib</file>
         <name>strlen.c.obj</name>
      </input_file>
      <input_file id="fl-100">
         <path>C:\ti\ccs1270\ccs\tools\compiler\ti-cgt-arm_20.2.7.LTS\lib\</path>
         <kind>archive</kind>
         <file>rtsv7M4_T_le_v4SPD16_eabi.lib</file>
         <name>strncpy.c.obj</name>
      </input_file>
      <input_file id="fl-101">
         <path>C:\ti\ccs1270\ccs\tools\compiler\ti-cgt-arm_20.2.7.LTS\lib\</path>
         <kind>archive</kind>
         <file>rtsv7M4_T_le_v4SPD16_eabi.lib</file>
         <name>strtod.c.obj</name>
      </input_file>
      <input_file id="fl-102">
         <path>C:\ti\ccs1270\ccs\tools\compiler\ti-cgt-arm_20.2.7.LTS\lib\</path>
         <kind>archive</kind>
         <file>rtsv7M4_T_le_v4SPD16_eabi.lib</file>
         <name>strtol.c.obj</name>
      </input_file>
      <input_file id="fl-103">
         <path>C:\ti\ccs1270\ccs\tools\compiler\ti-cgt-arm_20.2.7.LTS\lib\</path>
         <kind>archive</kind>
         <file>rtsv7M4_T_le_v4SPD16_eabi.lib</file>
         <name>tmzone.c.obj</name>
      </input_file>
      <input_file id="fl-104">
         <path>C:\ti\ccs1270\ccs\tools\compiler\ti-cgt-arm_20.2.7.LTS\lib\</path>
         <kind>archive</kind>
         <file>rtsv7M4_T_le_v4SPD16_eabi.lib</file>
         <name>k_rem_pio2.c.obj</name>
      </input_file>
      <input_file id="fl-105">
         <path>C:\ti\ccs1270\ccs\tools\compiler\ti-cgt-arm_20.2.7.LTS\lib\</path>
         <kind>archive</kind>
         <file>rtsv7M4_T_le_v4SPD16_eabi.lib</file>
         <name>boot_cortex_m.c.obj</name>
      </input_file>
      <input_file id="fl-106">
         <path>C:\ti\ccs1270\ccs\tools\compiler\ti-cgt-arm_20.2.7.LTS\lib\</path>
         <kind>archive</kind>
         <file>rtsv7M4_T_le_v4SPD16_eabi.lib</file>
         <name>errno.c.obj</name>
      </input_file>
      <input_file id="fl-107">
         <path>C:\ti\ccs1270\ccs\tools\compiler\ti-cgt-arm_20.2.7.LTS\lib\</path>
         <kind>archive</kind>
         <file>rtsv7M4_T_le_v4SPD16_eabi.lib</file>
         <name>s_copysign.c.obj</name>
      </input_file>
      <input_file id="fl-108">
         <path>C:\ti\ccs1270\ccs\tools\compiler\ti-cgt-arm_20.2.7.LTS\lib\</path>
         <kind>archive</kind>
         <file>rtsv7M4_T_le_v4SPD16_eabi.lib</file>
         <name>k_cos.c.obj</name>
      </input_file>
      <input_file id="fl-109">
         <path>C:\ti\ccs1270\ccs\tools\compiler\ti-cgt-arm_20.2.7.LTS\lib\</path>
         <kind>archive</kind>
         <file>rtsv7M4_T_le_v4SPD16_eabi.lib</file>
         <name>k_sin.c.obj</name>
      </input_file>
      <input_file id="fl-10a">
         <path>C:\ti\ccs1270\ccs\tools\compiler\ti-cgt-arm_20.2.7.LTS\lib\</path>
         <kind>archive</kind>
         <file>rtsv7M4_T_le_v4SPD16_eabi.lib</file>
         <name>_printfi.c.obj</name>
      </input_file>
      <input_file id="fl-10b">
         <path>C:\ti\ccs1270\ccs\tools\compiler\ti-cgt-arm_20.2.7.LTS\lib\</path>
         <kind>archive</kind>
         <file>rtsv7M4_T_le_v4SPD16_eabi.lib</file>
         <name>memset_t2.asm.obj</name>
      </input_file>
      <input_file id="fl-10c">
         <path>C:\ti\ccs1270\ccs\tools\compiler\ti-cgt-arm_20.2.7.LTS\lib\</path>
         <kind>archive</kind>
         <file>rtsv7M4_T_le_v4SPD16_eabi.lib</file>
         <name>u_divt2.asm.obj</name>
      </input_file>
      <input_file id="fl-10d">
         <path>C:\ti\ccs1270\ccs\tools\compiler\ti-cgt-arm_20.2.7.LTS\lib\</path>
         <kind>archive</kind>
         <file>rtsv7M4_T_le_v4SPD16_eabi.lib</file>
         <name>ll_div_t2.asm.obj</name>
      </input_file>
      <input_file id="fl-10e">
         <path>C:\ti\ccs1270\ccs\tools\compiler\ti-cgt-arm_20.2.7.LTS\lib\</path>
         <kind>archive</kind>
         <file>rtsv7M4_T_le_v4SPD16_eabi.lib</file>
         <name>ull_div_t2.asm.obj</name>
      </input_file>
      <input_file id="fl-10f">
         <path>C:\ti\ccs1270\ccs\tools\compiler\ti-cgt-arm_20.2.7.LTS\lib\</path>
         <kind>archive</kind>
         <file>rtsv7M4_T_le_v4SPD16_eabi.lib</file>
         <name>autoinit.c.obj</name>
      </input_file>
      <input_file id="fl-110">
         <path>C:\ti\ccs1270\ccs\tools\compiler\ti-cgt-arm_20.2.7.LTS\lib\</path>
         <kind>archive</kind>
         <file>rtsv7M4_T_le_v4SPD16_eabi.lib</file>
         <name>pre_init.c.obj</name>
      </input_file>
      <input_file id="fl-111">
         <path>C:\ti\ccs1270\ccs\tools\compiler\ti-cgt-arm_20.2.7.LTS\lib\</path>
         <kind>archive</kind>
         <file>rtsv7M4_T_le_v4SPD16_eabi.lib</file>
         <name>cpy_tbl.c.obj</name>
      </input_file>
      <input_file id="fl-112">
         <path>C:\ti\ccs1270\ccs\tools\compiler\ti-cgt-arm_20.2.7.LTS\lib\</path>
         <kind>archive</kind>
         <file>rtsv7M4_T_le_v4SPD16_eabi.lib</file>
         <name>exit.c.obj</name>
      </input_file>
      <input_file id="fl-113">
         <path>C:\ti\ccs1270\ccs\tools\compiler\ti-cgt-arm_20.2.7.LTS\lib\</path>
         <kind>archive</kind>
         <file>rtsv7M4_T_le_v4SPD16_eabi.lib</file>
         <name>_lock.c.obj</name>
      </input_file>
      <input_file id="fl-114">
         <path>C:\ti\ccs1270\ccs\tools\compiler\ti-cgt-arm_20.2.7.LTS\lib\</path>
         <kind>archive</kind>
         <file>rtsv7M4_T_le_v4SPD16_eabi.lib</file>
         <name>_ltoa.c.obj</name>
      </input_file>
      <input_file id="fl-115">
         <path>C:\ti\ccs1270\ccs\tools\compiler\ti-cgt-arm_20.2.7.LTS\lib\</path>
         <kind>archive</kind>
         <file>rtsv7M4_T_le_v4SPD16_eabi.lib</file>
         <name>args_main.c.obj</name>
      </input_file>
      <input_file id="fl-116">
         <path>C:\ti\ccs1270\ccs\tools\compiler\ti-cgt-arm_20.2.7.LTS\lib\</path>
         <kind>archive</kind>
         <file>rtsv7M4_T_le_v4SPD16_eabi.lib</file>
         <name>atoi.c.obj</name>
      </input_file>
      <input_file id="fl-117">
         <path>C:\ti\ccs1270\ccs\tools\compiler\ti-cgt-arm_20.2.7.LTS\lib\</path>
         <kind>archive</kind>
         <file>rtsv7M4_T_le_v4SPD16_eabi.lib</file>
         <name>ctype.c.obj</name>
      </input_file>
      <input_file id="fl-118">
         <path>C:\ti\ccs1270\ccs\tools\compiler\ti-cgt-arm_20.2.7.LTS\lib\</path>
         <kind>archive</kind>
         <file>rtsv7M4_T_le_v4SPD16_eabi.lib</file>
         <name>memccpy.c.obj</name>
      </input_file>
      <input_file id="fl-119">
         <path>C:\ti\ccs1270\ccs\tools\compiler\ti-cgt-arm_20.2.7.LTS\lib\</path>
         <kind>archive</kind>
         <file>rtsv7M4_T_le_v4SPD16_eabi.lib</file>
         <name>wcslen.c.obj</name>
      </input_file>
      <input_file id="fl-11a">
         <path>C:\ti\ccs1270\ccs\tools\compiler\ti-cgt-arm_20.2.7.LTS\lib\</path>
         <kind>archive</kind>
         <file>rtsv7M4_T_le_v4SPD16_eabi.lib</file>
         <name>s_frexp.c.obj</name>
      </input_file>
      <input_file id="fl-11b">
         <path>C:\ti\ccs1270\ccs\tools\compiler\ti-cgt-arm_20.2.7.LTS\lib\</path>
         <kind>archive</kind>
         <file>rtsv7M4_T_le_v4SPD16_eabi.lib</file>
         <name>div0.asm.obj</name>
      </input_file>
   </input_file_list>
   <object_component_list>
      <object_component id="oc-26">
         <name>.intvecs:retain</name>
         <load_address>0x0</load_address>
         <run_address>0x0</run_address>
         <size>0xe4</size>
         <input_file_ref idref="fl-4"/>
      </object_component>
      <object_component id="oc-560">
         <name>.text:__TI_printfi</name>
         <load_address>0xe4</load_address>
         <run_address>0xe4</run_address>
         <size>0xa4e</size>
         <input_file_ref idref="fl-10a"/>
      </object_component>
      <object_component id="oc-70">
         <name>.text:Default_Handler</name>
         <load_address>0xb32</load_address>
         <run_address>0xb32</run_address>
         <size>0x2</size>
         <input_file_ref idref="fl-4"/>
      </object_component>
      <object_component id="oc-799">
         <name>.text:pow</name>
         <load_address>0xb34</load_address>
         <run_address>0xb34</run_address>
         <size>0x9d0</size>
         <input_file_ref idref="fl-e0"/>
      </object_component>
      <object_component id="oc-64c">
         <name>.text:SolarAzEl</name>
         <load_address>0x1504</load_address>
         <run_address>0x1504</run_address>
         <size>0x930</size>
         <input_file_ref idref="fl-8"/>
      </object_component>
      <object_component id="oc-8cc">
         <name>.text:__kernel_rem_pio2</name>
         <load_address>0x1e34</load_address>
         <run_address>0x1e34</run_address>
         <size>0x738</size>
         <input_file_ref idref="fl-104"/>
      </object_component>
      <object_component id="oc-78d">
         <name>.text:sin</name>
         <load_address>0x256c</load_address>
         <run_address>0x256c</run_address>
         <size>0x5e0</size>
         <input_file_ref idref="fl-e7"/>
      </object_component>
      <object_component id="oc-793">
         <name>.text:cos</name>
         <load_address>0x2b4c</load_address>
         <run_address>0x2b4c</run_address>
         <size>0x5dc</size>
         <input_file_ref idref="fl-e3"/>
      </object_component>
      <object_component id="oc-52f">
         <name>.text:Graphics_drawString</name>
         <load_address>0x3128</load_address>
         <run_address>0x3128</run_address>
         <size>0x47e</size>
         <input_file_ref idref="fl-19"/>
      </object_component>
      <object_component id="oc-4ff">
         <name>.text:_nop</name>
         <load_address>0x35a6</load_address>
         <run_address>0x35a6</run_address>
         <size>0x2</size>
         <input_file_ref idref="fl-113"/>
      </object_component>
      <object_component id="oc-7fa">
         <name>.text:strtod</name>
         <load_address>0x35a8</load_address>
         <run_address>0x35a8</run_address>
         <size>0x460</size>
         <input_file_ref idref="fl-101"/>
      </object_component>
      <object_component id="oc-66c">
         <name>.text:parseRMC</name>
         <load_address>0x3a08</load_address>
         <run_address>0x3a08</run_address>
         <size>0x3dc</size>
         <input_file_ref idref="fl-7"/>
      </object_component>
      <object_component id="oc-7ab">
         <name>.text:asin</name>
         <load_address>0x3de4</load_address>
         <run_address>0x3de4</run_address>
         <size>0x3d4</size>
         <input_file_ref idref="fl-dd"/>
      </object_component>
      <object_component id="oc-3f1">
         <name>.text:Graphics_drawImage</name>
         <load_address>0x41b8</load_address>
         <run_address>0x41b8</run_address>
         <size>0x390</size>
         <input_file_ref idref="fl-17"/>
      </object_component>
      <object_component id="oc-8e4">
         <name>.text:atan</name>
         <load_address>0x4548</load_address>
         <run_address>0x4548</run_address>
         <size>0x2ec</size>
         <input_file_ref idref="fl-e2"/>
      </object_component>
      <object_component id="oc-77b">
         <name>.text:__mktime32</name>
         <load_address>0x4834</load_address>
         <run_address>0x4834</run_address>
         <size>0x2a0</size>
         <input_file_ref idref="fl-f8"/>
      </object_component>
      <object_component id="oc-88">
         <name>.text:ADC14_IRQHandler</name>
         <load_address>0x4ad4</load_address>
         <run_address>0x4ad4</run_address>
         <size>0x284</size>
         <input_file_ref idref="fl-2"/>
      </object_component>
      <object_component id="oc-6f4">
         <name>.text:_pconv_a</name>
         <load_address>0x4d58</load_address>
         <run_address>0x4d58</run_address>
         <size>0x270</size>
         <input_file_ref idref="fl-10a"/>
      </object_component>
      <object_component id="oc-787">
         <name>.text:fmod</name>
         <load_address>0x4fc8</load_address>
         <run_address>0x4fc8</run_address>
         <size>0x234</size>
         <input_file_ref idref="fl-df"/>
      </object_component>
      <object_component id="oc-781">
         <name>.text:julian_day</name>
         <load_address>0x51fc</load_address>
         <run_address>0x51fc</run_address>
         <size>0x22c</size>
         <input_file_ref idref="fl-8"/>
      </object_component>
      <object_component id="oc-267">
         <name>.text:drawMenu2</name>
         <load_address>0x5428</load_address>
         <run_address>0x5428</run_address>
         <size>0x1ec</size>
         <input_file_ref idref="fl-2"/>
      </object_component>
      <object_component id="oc-7a5">
         <name>.text:atan2</name>
         <load_address>0x5614</load_address>
         <run_address>0x5614</run_address>
         <size>0x1e4</size>
         <input_file_ref idref="fl-de"/>
      </object_component>
      <object_component id="oc-469">
         <name>.text:Crystalfontz128x128_PixelDrawMultiple</name>
         <load_address>0x57f8</load_address>
         <run_address>0x57f8</run_address>
         <size>0x1d8</size>
         <input_file_ref idref="fl-5"/>
      </object_component>
      <object_component id="oc-6e2">
         <name>.text:_pconv_g</name>
         <load_address>0x59d0</load_address>
         <run_address>0x59d0</run_address>
         <size>0x1d0</size>
         <input_file_ref idref="fl-10a"/>
      </object_component>
      <object_component id="oc-699">
         <name>.text</name>
         <load_address>0x5ba0</load_address>
         <run_address>0x5ba0</run_address>
         <size>0x1b6</size>
         <input_file_ref idref="fl-e9"/>
      </object_component>
      <object_component id="oc-372">
         <name>.text:fn_MANUAL</name>
         <load_address>0x5d56</load_address>
         <run_address>0x5d56</run_address>
         <size>0x2</size>
         <input_file_ref idref="fl-2"/>
      </object_component>
      <object_component id="oc-18d">
         <name>.text:setup_menu</name>
         <load_address>0x5d58</load_address>
         <run_address>0x5d58</run_address>
         <size>0x180</size>
         <input_file_ref idref="fl-2"/>
      </object_component>
      <object_component id="oc-8c6">
         <name>.text:__kernel_sin</name>
         <load_address>0x5ed8</load_address>
         <run_address>0x5ed8</run_address>
         <size>0x174</size>
         <input_file_ref idref="fl-109"/>
      </object_component>
      <object_component id="oc-8d2">
         <name>.text:__kernel_cos</name>
         <load_address>0x604c</load_address>
         <run_address>0x604c</run_address>
         <size>0x170</size>
         <input_file_ref idref="fl-108"/>
      </object_component>
      <object_component id="oc-261">
         <name>.text:drawMenu1</name>
         <load_address>0x61bc</load_address>
         <run_address>0x61bc</run_address>
         <size>0x164</size>
         <input_file_ref idref="fl-2"/>
      </object_component>
      <object_component id="oc-251">
         <name>.text:_getIndexForMemRegister</name>
         <load_address>0x6320</load_address>
         <run_address>0x6320</run_address>
         <size>0x160</size>
         <input_file_ref idref="fl-1b"/>
      </object_component>
      <object_component id="oc-79f">
         <name>.text:sqrt</name>
         <load_address>0x6480</load_address>
         <run_address>0x6480</run_address>
         <size>0x158</size>
         <input_file_ref idref="fl-e1"/>
      </object_component>
      <object_component id="oc-640">
         <name>.text:privateTimer_AProcessClockSourceDivider</name>
         <load_address>0x65d8</load_address>
         <run_address>0x65d8</run_address>
         <size>0x144</size>
         <input_file_ref idref="fl-24"/>
      </object_component>
      <object_component id="oc-6ee">
         <name>.text:_pconv_e</name>
         <load_address>0x671c</load_address>
         <run_address>0x671c</run_address>
         <size>0x13c</size>
         <input_file_ref idref="fl-10a"/>
      </object_component>
      <object_component id="oc-7b7">
         <name>.text</name>
         <load_address>0x6858</load_address>
         <run_address>0x6858</run_address>
         <size>0x136</size>
         <input_file_ref idref="fl-eb"/>
      </object_component>
      <object_component id="oc-366">
         <name>.text:fn_WAIT_AUTO</name>
         <load_address>0x698e</load_address>
         <run_address>0x698e</run_address>
         <size>0x2</size>
         <input_file_ref idref="fl-2"/>
      </object_component>
      <object_component id="oc-435">
         <name>.text:Crystalfontz128x128_SetDrawFrame</name>
         <load_address>0x6990</load_address>
         <run_address>0x6990</run_address>
         <size>0x134</size>
         <input_file_ref idref="fl-5"/>
      </object_component>
      <object_component id="oc-8ee">
         <name>.text:__localtime32</name>
         <load_address>0x6ac4</load_address>
         <run_address>0x6ac4</run_address>
         <size>0x134</size>
         <input_file_ref idref="fl-f6"/>
      </object_component>
      <object_component id="oc-292">
         <name>.text:CS_initClockSignal</name>
         <load_address>0x6bf8</load_address>
         <run_address>0x6bf8</run_address>
         <size>0x130</size>
         <input_file_ref idref="fl-1c"/>
      </object_component>
      <object_component id="oc-80c">
         <name>.text:strtol</name>
         <load_address>0x6d28</load_address>
         <run_address>0x6d28</run_address>
         <size>0x130</size>
         <input_file_ref idref="fl-102"/>
      </object_component>
      <object_component id="oc-2be">
         <name>.text:Crystalfontz128x128_Init</name>
         <load_address>0x6e58</load_address>
         <run_address>0x6e58</run_address>
         <size>0x12c</size>
         <input_file_ref idref="fl-5"/>
      </object_component>
      <object_component id="oc-4e4">
         <name>.text:gps_acquisition</name>
         <load_address>0x6f84</load_address>
         <run_address>0x6f84</run_address>
         <size>0x12c</size>
         <input_file_ref idref="fl-2"/>
      </object_component>
      <object_component id="oc-85f">
         <name>.text:fcvt</name>
         <load_address>0x70b0</load_address>
         <run_address>0x70b0</run_address>
         <size>0x124</size>
         <input_file_ref idref="fl-10a"/>
      </object_component>
      <object_component id="oc-31a">
         <name>.text:UART_initModule</name>
         <load_address>0x71d4</load_address>
         <run_address>0x71d4</run_address>
         <size>0x11c</size>
         <input_file_ref idref="fl-25"/>
      </object_component>
      <object_component id="oc-35a">
         <name>.text:fn_NAVIGATION</name>
         <load_address>0x72f0</load_address>
         <run_address>0x72f0</run_address>
         <size>0x110</size>
         <input_file_ref idref="fl-2"/>
      </object_component>
      <object_component id="oc-873">
         <name>.text:scalbn</name>
         <load_address>0x7400</load_address>
         <run_address>0x7400</run_address>
         <size>0x110</size>
         <input_file_ref idref="fl-e6"/>
      </object_component>
      <object_component id="oc-8ff">
         <name>.text:aligned_alloc</name>
         <load_address>0x7510</load_address>
         <run_address>0x7510</run_address>
         <size>0x100</size>
         <input_file_ref idref="fl-f7"/>
      </object_component>
      <object_component id="oc-199">
         <name>.text:gps_setup</name>
         <load_address>0x7610</load_address>
         <run_address>0x7610</run_address>
         <size>0x100</size>
         <input_file_ref idref="fl-2"/>
      </object_component>
      <object_component id="oc-68f">
         <name>.text</name>
         <load_address>0x7710</load_address>
         <run_address>0x7710</run_address>
         <size>0xfc</size>
         <input_file_ref idref="fl-ec"/>
      </object_component>
      <object_component id="oc-800">
         <name>.text:floor</name>
         <load_address>0x780c</load_address>
         <run_address>0x780c</run_address>
         <size>0xf8</size>
         <input_file_ref idref="fl-e4"/>
      </object_component>
      <object_component id="oc-812">
         <name>.text:free</name>
         <load_address>0x7904</load_address>
         <run_address>0x7904</run_address>
         <size>0xe4</size>
         <input_file_ref idref="fl-f7"/>
      </object_component>
      <object_component id="oc-4ea">
         <name>.text:PrintFloat</name>
         <load_address>0x79e8</load_address>
         <run_address>0x79e8</run_address>
         <size>0xdc</size>
         <input_file_ref idref="fl-2"/>
      </object_component>
      <object_component id="oc-7ee">
         <name>.text:validateChecksum</name>
         <load_address>0x7ac4</load_address>
         <run_address>0x7ac4</run_address>
         <size>0xce</size>
         <input_file_ref idref="fl-7"/>
      </object_component>
      <object_component id="oc-93c">
         <name>.text</name>
         <load_address>0x7b92</load_address>
         <run_address>0x7b92</run_address>
         <size>0x2</size>
         <input_file_ref idref="fl-11b"/>
      </object_component>
      <object_component id="oc-26d">
         <name>.text:drawMenu3</name>
         <load_address>0x7b94</load_address>
         <run_address>0x7b94</run_address>
         <size>0xcc</size>
         <input_file_ref idref="fl-2"/>
      </object_component>
      <object_component id="oc-378">
         <name>.text:fn_GPS_ACQUIRE</name>
         <load_address>0x7c60</load_address>
         <run_address>0x7c60</run_address>
         <size>0xc8</size>
         <input_file_ref idref="fl-2"/>
      </object_component>
      <object_component id="oc-2ee">
         <name>.text:ADC14_configureConversionMemory</name>
         <load_address>0x7d28</load_address>
         <run_address>0x7d28</run_address>
         <size>0xb4</size>
         <input_file_ref idref="fl-1b"/>
      </object_component>
      <object_component id="oc-2e8">
         <name>.text:ADC14_configureMultiSequenceMode</name>
         <load_address>0x7ddc</load_address>
         <run_address>0x7ddc</run_address>
         <size>0xb4</size>
         <input_file_ref idref="fl-1b"/>
      </object_component>
      <object_component id="oc-6dc">
         <name>.text:_ltostr</name>
         <load_address>0x7e90</load_address>
         <run_address>0x7e90</run_address>
         <size>0xb1</size>
         <input_file_ref idref="fl-10a"/>
      </object_component>
      <object_component id="oc-600">
         <name>.text:SPI_initMaster</name>
         <load_address>0x7f42</load_address>
         <run_address>0x7f42</run_address>
         <size>0xb0</size>
         <input_file_ref idref="fl-20"/>
      </object_component>
      <object_component id="oc-536">
         <name>.text:Graphics_drawRectangle</name>
         <load_address>0x7ff2</load_address>
         <run_address>0x7ff2</run_address>
         <size>0xa2</size>
         <input_file_ref idref="fl-18"/>
      </object_component>
      <object_component id="oc-47b">
         <name>.text:Crystalfontz128x128_RectFill</name>
         <load_address>0x8094</load_address>
         <run_address>0x8094</run_address>
         <size>0x9c</size>
         <input_file_ref idref="fl-5"/>
      </object_component>
      <object_component id="oc-6b6">
         <name>.text:Graphics_drawLineH</name>
         <load_address>0x8130</load_address>
         <run_address>0x8130</run_address>
         <size>0x9c</size>
         <input_file_ref idref="fl-1a"/>
      </object_component>
      <object_component id="oc-6be">
         <name>.text:Graphics_drawLineV</name>
         <load_address>0x81cc</load_address>
         <run_address>0x81cc</run_address>
         <size>0x9c</size>
         <input_file_ref idref="fl-1a"/>
      </object_component>
      <object_component id="oc-67f">
         <name>.text:modf</name>
         <load_address>0x8268</load_address>
         <run_address>0x8268</run_address>
         <size>0x9c</size>
         <input_file_ref idref="fl-e5"/>
      </object_component>
      <object_component id="oc-3a">
         <name>.text</name>
         <load_address>0x8304</load_address>
         <run_address>0x8304</run_address>
         <size>0x9c</size>
         <input_file_ref idref="fl-f1"/>
      </object_component>
      <object_component id="oc-841">
         <name>.text</name>
         <load_address>0x83a0</load_address>
         <run_address>0x83a0</run_address>
         <size>0x96</size>
         <input_file_ref idref="fl-10e"/>
      </object_component>
      <object_component id="oc-4f6">
         <name>.text:PrintInteger</name>
         <load_address>0x8436</load_address>
         <run_address>0x8436</run_address>
         <size>0x8c</size>
         <input_file_ref idref="fl-2"/>
      </object_component>
      <object_component id="oc-308">
         <name>.text:GPIO_setAsPeripheralModuleFunctionInputPin</name>
         <load_address>0x84c4</load_address>
         <run_address>0x84c4</run_address>
         <size>0x88</size>
         <input_file_ref idref="fl-1e"/>
      </object_component>
      <object_component id="oc-5f9">
         <name>.text:GPIO_setAsPeripheralModuleFunctionOutputPin</name>
         <load_address>0x854c</load_address>
         <run_address>0x854c</run_address>
         <size>0x88</size>
         <input_file_ref idref="fl-1e"/>
      </object_component>
      <object_component id="oc-68a">
         <name>.text:__aeabi_cdcmple</name>
         <load_address>0x85d4</load_address>
         <run_address>0x85d4</run_address>
         <size>0x86</size>
         <input_file_ref idref="fl-ea"/>
      </object_component>
      <object_component id="oc-847">
         <name>.text:__aeabi_cdrcmple</name>
         <load_address>0x865a</load_address>
         <run_address>0x865a</run_address>
         <size>0x86</size>
         <input_file_ref idref="fl-ea"/>
      </object_component>
      <object_component id="oc-14a">
         <name>.text:GPIO_getEnabledInterruptStatus</name>
         <load_address>0x86e0</load_address>
         <run_address>0x86e0</run_address>
         <size>0x84</size>
         <input_file_ref idref="fl-1e"/>
      </object_component>
      <object_component id="oc-4d8">
         <name>.text:Interrupt_disableInterrupt</name>
         <load_address>0x8764</load_address>
         <run_address>0x8764</run_address>
         <size>0x80</size>
         <input_file_ref idref="fl-1f"/>
      </object_component>
      <object_component id="oc-2b8">
         <name>.text:Interrupt_enableInterrupt</name>
         <load_address>0x87e4</load_address>
         <run_address>0x87e4</run_address>
         <size>0x80</size>
         <input_file_ref idref="fl-1f"/>
      </object_component>
      <object_component id="oc-b8">
         <name>.text</name>
         <load_address>0x8864</load_address>
         <run_address>0x8864</run_address>
         <size>0x7a</size>
         <input_file_ref idref="fl-10b"/>
      </object_component>
      <object_component id="oc-d6">
         <name>.text:SystemInit</name>
         <load_address>0x88e0</load_address>
         <run_address>0x88e0</run_address>
         <size>0x78</size>
         <input_file_ref idref="fl-3"/>
      </object_component>
      <object_component id="oc-9ab">
         <name>.text:split</name>
         <load_address>0x8958</load_address>
         <run_address>0x8958</run_address>
         <size>0x70</size>
         <input_file_ref idref="fl-f7"/>
      </object_component>
      <object_component id="oc-858">
         <name>.text:_mcpy</name>
         <load_address>0x89c8</load_address>
         <run_address>0x89c8</run_address>
         <size>0x6e</size>
         <input_file_ref idref="fl-10a"/>
      </object_component>
      <object_component id="oc-4c7">
         <name>.text:point_sun</name>
         <load_address>0x8a36</load_address>
         <run_address>0x8a36</run_address>
         <size>0x6e</size>
         <input_file_ref idref="fl-2"/>
      </object_component>
      <object_component id="oc-4c2">
         <name>.text</name>
         <load_address>0x8aa4</load_address>
         <run_address>0x8aa4</run_address>
         <size>0x6e</size>
         <input_file_ref idref="fl-ee"/>
      </object_component>
      <object_component id="oc-8ad">
         <name>.text</name>
         <load_address>0x8b12</load_address>
         <run_address>0x8b12</run_address>
         <size>0x6e</size>
         <input_file_ref idref="fl-10d"/>
      </object_component>
      <object_component id="oc-5b7">
         <name>.text:Graphics_convertPalette</name>
         <load_address>0x8b80</load_address>
         <run_address>0x8b80</run_address>
         <size>0x6c</size>
         <input_file_ref idref="fl-17"/>
      </object_component>
      <object_component id="oc-4b0">
         <name>.text:Timer_A_configureUpMode</name>
         <load_address>0x8bec</load_address>
         <run_address>0x8bec</run_address>
         <size>0x68</size>
         <input_file_ref idref="fl-24"/>
      </object_component>
      <object_component id="oc-17">
         <name>.text:decompress:lzss:__TI_decompress_lzss</name>
         <load_address>0x8c54</load_address>
         <run_address>0x8c54</run_address>
         <size>0x68</size>
         <input_file_ref idref="fl-f4"/>
      </object_component>
      <object_component id="oc-f1">
         <name>.text:UART_getEnabledInterruptStatus</name>
         <load_address>0x8cbc</load_address>
         <run_address>0x8cbc</run_address>
         <size>0x64</size>
         <input_file_ref idref="fl-25"/>
      </object_component>
      <object_component id="oc-86d">
         <name>.text:frexp</name>
         <load_address>0x8d20</load_address>
         <run_address>0x8d20</run_address>
         <size>0x64</size>
         <input_file_ref idref="fl-11a"/>
      </object_component>
      <object_component id="oc-46f">
         <name>.text:Crystalfontz128x128_LineDrawH</name>
         <load_address>0x8d84</load_address>
         <run_address>0x8d84</run_address>
         <size>0x60</size>
         <input_file_ref idref="fl-5"/>
      </object_component>
      <object_component id="oc-475">
         <name>.text:Crystalfontz128x128_LineDrawV</name>
         <load_address>0x8de4</load_address>
         <run_address>0x8de4</run_address>
         <size>0x60</size>
         <input_file_ref idref="fl-5"/>
      </object_component>
      <object_component id="oc-193">
         <name>.text:gps_UART_setup</name>
         <load_address>0x8e44</load_address>
         <run_address>0x8e44</run_address>
         <size>0x60</size>
         <input_file_ref idref="fl-2"/>
      </object_component>
      <object_component id="oc-7e2">
         <name>.text:replaceChar</name>
         <load_address>0x8ea4</load_address>
         <run_address>0x8ea4</run_address>
         <size>0x5e</size>
         <input_file_ref idref="fl-7"/>
      </object_component>
      <object_component id="oc-8e">
         <name>.text:PORT3_IRQHandler</name>
         <load_address>0x8f04</load_address>
         <run_address>0x8f04</run_address>
         <size>0x58</size>
         <input_file_ref idref="fl-2"/>
      </object_component>
      <object_component id="oc-6e8">
         <name>.text:_pconv_f</name>
         <load_address>0x8f5c</load_address>
         <run_address>0x8f5c</run_address>
         <size>0x56</size>
         <input_file_ref idref="fl-10a"/>
      </object_component>
      <object_component id="oc-2c4">
         <name>.text:Crystalfontz128x128_SetOrientation</name>
         <load_address>0x8fb4</load_address>
         <run_address>0x8fb4</run_address>
         <size>0x54</size>
         <input_file_ref idref="fl-5"/>
      </object_component>
      <object_component id="oc-84c">
         <name>.text:__TI_ltoa</name>
         <load_address>0x9008</load_address>
         <run_address>0x9008</run_address>
         <size>0x54</size>
         <input_file_ref idref="fl-114"/>
      </object_component>
      <object_component id="oc-c4">
         <name>.text:main</name>
         <load_address>0x905c</load_address>
         <run_address>0x905c</run_address>
         <size>0x54</size>
         <input_file_ref idref="fl-2"/>
      </object_component>
      <object_component id="oc-2ca">
         <name>.text:Graphics_initContext</name>
         <load_address>0x90b0</load_address>
         <run_address>0x90b0</run_address>
         <size>0x52</size>
         <input_file_ref idref="fl-14"/>
      </object_component>
      <object_component id="oc-852">
         <name>.text:_ecpy</name>
         <load_address>0x9102</load_address>
         <run_address>0x9102</run_address>
         <size>0x52</size>
         <input_file_ref idref="fl-10a"/>
      </object_component>
      <object_component id="oc-2ac">
         <name>.text:GPIO_setAsInputPin</name>
         <load_address>0x9154</load_address>
         <run_address>0x9154</run_address>
         <size>0x4c</size>
         <input_file_ref idref="fl-1e"/>
      </object_component>
      <object_component id="oc-6d6">
         <name>.text:atoi</name>
         <load_address>0x91a0</load_address>
         <run_address>0x91a0</run_address>
         <size>0x4c</size>
         <input_file_ref idref="fl-116"/>
      </object_component>
      <object_component id="oc-7e8">
         <name>.text:my_strsep</name>
         <load_address>0x91ec</load_address>
         <run_address>0x91ec</run_address>
         <size>0x4a</size>
         <input_file_ref idref="fl-7"/>
      </object_component>
      <object_component id="oc-286">
         <name>.text:FlashCtl_setWaitState</name>
         <load_address>0x9238</load_address>
         <run_address>0x9238</run_address>
         <size>0x48</size>
         <input_file_ref idref="fl-1d"/>
      </object_component>
      <object_component id="oc-360">
         <name>.text:fn_POSITIONING</name>
         <load_address>0x9280</load_address>
         <run_address>0x9280</run_address>
         <size>0x48</size>
         <input_file_ref idref="fl-2"/>
      </object_component>
      <object_component id="oc-181">
         <name>.text:init_clk</name>
         <load_address>0x92c8</load_address>
         <run_address>0x92c8</run_address>
         <size>0x48</size>
         <input_file_ref idref="fl-2"/>
      </object_component>
      <object_component id="oc-685">
         <name>.text</name>
         <load_address>0x9310</load_address>
         <run_address>0x9310</run_address>
         <size>0x48</size>
         <input_file_ref idref="fl-ed"/>
      </object_component>
      <object_component id="oc-5bd">
         <name>.text:Graphics_drawMultiplePixelsOnDisplay</name>
         <load_address>0x9358</load_address>
         <run_address>0x9358</run_address>
         <size>0x46</size>
         <input_file_ref idref="fl-15"/>
      </object_component>
      <object_component id="oc-94">
         <name>.text:PORT5_IRQHandler</name>
         <load_address>0x93a0</load_address>
         <run_address>0x93a0</run_address>
         <size>0x44</size>
         <input_file_ref idref="fl-2"/>
      </object_component>
      <object_component id="oc-1b5">
         <name>.text:__TI_auto_init_nobinit_nopinit:__TI_auto_init_nobinit_nopinit</name>
         <load_address>0x93e4</load_address>
         <run_address>0x93e4</run_address>
         <size>0x44</size>
         <input_file_ref idref="fl-10f"/>
      </object_component>
      <object_component id="oc-127">
         <name>.text:set_servo_angle</name>
         <load_address>0x9428</load_address>
         <run_address>0x9428</run_address>
         <size>0x44</size>
         <input_file_ref idref="fl-2"/>
      </object_component>
      <object_component id="oc-463">
         <name>.text:Crystalfontz128x128_PixelDraw</name>
         <load_address>0x946c</load_address>
         <run_address>0x946c</run_address>
         <size>0x40</size>
         <input_file_ref idref="fl-5"/>
      </object_component>
      <object_component id="oc-30e">
         <name>.text:GPIO_setAsOutputPin</name>
         <load_address>0x94ac</load_address>
         <run_address>0x94ac</run_address>
         <size>0x40</size>
         <input_file_ref idref="fl-1e"/>
      </object_component>
      <object_component id="oc-6b0">
         <name>.text:Graphics_getNumberOfLeadingZeros</name>
         <load_address>0x94ec</load_address>
         <run_address>0x94ec</run_address>
         <size>0x40</size>
         <input_file_ref idref="fl-19"/>
      </object_component>
      <object_component id="oc-423">
         <name>.text:HAL_LCD_SpiInit</name>
         <load_address>0x952c</load_address>
         <run_address>0x952c</run_address>
         <size>0x40</size>
         <input_file_ref idref="fl-6"/>
      </object_component>
      <object_component id="oc-3b6">
         <name>.text:drawRectangle</name>
         <load_address>0x956c</load_address>
         <run_address>0x956c</run_address>
         <size>0x40</size>
         <input_file_ref idref="fl-2"/>
      </object_component>
      <object_component id="oc-757">
         <name>.text:is_A_Module</name>
         <load_address>0x95ac</load_address>
         <run_address>0x95ac</run_address>
         <size>0x40</size>
         <input_file_ref idref="fl-20"/>
      </object_component>
      <object_component id="oc-99d">
         <name>.text</name>
         <load_address>0x95ec</load_address>
         <run_address>0x95ec</run_address>
         <size>0x40</size>
         <input_file_ref idref="fl-10c"/>
      </object_component>
      <object_component id="oc-3cc">
         <name>.text:sprintf</name>
         <load_address>0x962c</load_address>
         <run_address>0x962c</run_address>
         <size>0x40</size>
         <input_file_ref idref="fl-e8"/>
      </object_component>
      <object_component id="oc-865">
         <name>.text:_fcpy</name>
         <load_address>0x966c</load_address>
         <run_address>0x966c</run_address>
         <size>0x3e</size>
         <input_file_ref idref="fl-10a"/>
      </object_component>
      <object_component id="oc-3b0">
         <name>.text:drawMenuElement</name>
         <load_address>0x96aa</load_address>
         <run_address>0x96aa</run_address>
         <size>0x3c</size>
         <input_file_ref idref="fl-2"/>
      </object_component>
      <object_component id="oc-19f">
         <name>.text:setup_servo_panel</name>
         <load_address>0x96e6</load_address>
         <run_address>0x96e6</run_address>
         <size>0x3a</size>
         <input_file_ref idref="fl-2"/>
      </object_component>
      <object_component id="oc-429">
         <name>.text:HAL_LCD_writeCommand</name>
         <load_address>0x9720</load_address>
         <run_address>0x9720</run_address>
         <size>0x38</size>
         <input_file_ref idref="fl-6"/>
      </object_component>
      <object_component id="oc-7b1">
         <name>.text:__gmtime32</name>
         <load_address>0x9758</load_address>
         <run_address>0x9758</run_address>
         <size>0x38</size>
         <input_file_ref idref="fl-f5"/>
      </object_component>
      <object_component id="oc-67a">
         <name>.text</name>
         <load_address>0x9790</load_address>
         <run_address>0x9790</run_address>
         <size>0x38</size>
         <input_file_ref idref="fl-ef"/>
      </object_component>
      <object_component id="oc-353">
         <name>.text:setup_servo</name>
         <load_address>0x97c8</load_address>
         <run_address>0x97c8</run_address>
         <size>0x38</size>
         <input_file_ref idref="fl-2"/>
      </object_component>
      <object_component id="oc-829">
         <name>.text:Graphics_drawHorizontalLineOnDisplay</name>
         <load_address>0x9800</load_address>
         <run_address>0x9800</run_address>
         <size>0x36</size>
         <input_file_ref idref="fl-15"/>
      </object_component>
      <object_component id="oc-833">
         <name>.text:Graphics_drawVerticalLineOnDisplay</name>
         <load_address>0x9836</load_address>
         <run_address>0x9836</run_address>
         <size>0x36</size>
         <input_file_ref idref="fl-15"/>
      </object_component>
      <object_component id="oc-139">
         <name>.text:selMenu</name>
         <load_address>0x986c</load_address>
         <run_address>0x986c</run_address>
         <size>0x36</size>
         <input_file_ref idref="fl-2"/>
      </object_component>
      <object_component id="oc-806">
         <name>.text:strncpy</name>
         <load_address>0x98a2</load_address>
         <run_address>0x98a2</run_address>
         <size>0x36</size>
         <input_file_ref idref="fl-100"/>
      </object_component>
      <object_component id="oc-28c">
         <name>.text:CS_setDCOCenteredFrequency</name>
         <load_address>0x98d8</load_address>
         <run_address>0x98d8</run_address>
         <size>0x34</size>
         <input_file_ref idref="fl-1c"/>
      </object_component>
      <object_component id="oc-7c">
         <name>.text:TA1_0_IRQHandler</name>
         <load_address>0x990c</load_address>
         <run_address>0x990c</run_address>
         <size>0x34</size>
         <input_file_ref idref="fl-2"/>
      </object_component>
      <object_component id="oc-fd">
         <name>.text:UART_transmitData</name>
         <load_address>0x9940</load_address>
         <run_address>0x9940</run_address>
         <size>0x34</size>
         <input_file_ref idref="fl-25"/>
      </object_component>
      <object_component id="oc-58">
         <name>.text:_c_int00_noargs:_c_int00_noargs</name>
         <load_address>0x9974</load_address>
         <run_address>0x9974</run_address>
         <size>0x34</size>
         <input_file_ref idref="fl-105"/>
      </object_component>
      <object_component id="oc-4d2">
         <name>.text:ADC14_disableInterrupt</name>
         <load_address>0x99a8</load_address>
         <run_address>0x99a8</run_address>
         <size>0x30</size>
         <input_file_ref idref="fl-1b"/>
      </object_component>
      <object_component id="oc-2f4">
         <name>.text:ADC14_enableInterrupt</name>
         <load_address>0x99d8</load_address>
         <run_address>0x99d8</run_address>
         <size>0x30</size>
         <input_file_ref idref="fl-1b"/>
      </object_component>
      <object_component id="oc-41d">
         <name>.text:HAL_LCD_PortInit</name>
         <load_address>0x9a08</load_address>
         <run_address>0x9a08</run_address>
         <size>0x30</size>
         <input_file_ref idref="fl-6"/>
      </object_component>
      <object_component id="oc-326">
         <name>.text:UART_enableInterrupt</name>
         <load_address>0x9a38</load_address>
         <run_address>0x9a38</run_address>
         <size>0x30</size>
         <input_file_ref idref="fl-25"/>
      </object_component>
      <object_component id="oc-f7">
         <name>.text:UART_receiveData</name>
         <load_address>0x9a68</load_address>
         <run_address>0x9a68</run_address>
         <size>0x30</size>
         <input_file_ref idref="fl-25"/>
      </object_component>
      <object_component id="oc-230">
         <name>.text:pwm_servo_control</name>
         <load_address>0x9a98</load_address>
         <run_address>0x9a98</run_address>
         <size>0x30</size>
         <input_file_ref idref="fl-2"/>
      </object_component>
      <object_component id="oc-115">
         <name>.text:active_pos</name>
         <load_address>0x9ac8</load_address>
         <run_address>0x9ac8</run_address>
         <size>0x2e</size>
         <input_file_ref idref="fl-2"/>
      </object_component>
      <object_component id="oc-12d">
         <name>.text:resting_pos</name>
         <load_address>0x9af6</load_address>
         <run_address>0x9af6</run_address>
         <size>0x2e</size>
         <input_file_ref idref="fl-2"/>
      </object_component>
      <object_component id="oc-694">
         <name>.text</name>
         <load_address>0x9b24</load_address>
         <run_address>0x9b24</run_address>
         <size>0x2e</size>
         <input_file_ref idref="fl-f0"/>
      </object_component>
      <object_component id="oc-48d">
         <name>.text:Crystalfontz128x128_ClearScreen</name>
         <load_address>0x9b54</load_address>
         <run_address>0x9b54</run_address>
         <size>0x2c</size>
         <input_file_ref idref="fl-5"/>
      </object_component>
      <object_component id="oc-82">
         <name>.text:EUSCIA0_IRQHandler</name>
         <load_address>0x9b80</load_address>
         <run_address>0x9b80</run_address>
         <size>0x2c</size>
         <input_file_ref idref="fl-2"/>
      </object_component>
      <object_component id="oc-5c3">
         <name>.text:Graphics_drawPixelOnDisplay</name>
         <load_address>0x9bac</load_address>
         <run_address>0x9bac</run_address>
         <size>0x2c</size>
         <input_file_ref idref="fl-15"/>
      </object_component>
      <object_component id="oc-42f">
         <name>.text:HAL_LCD_writeData</name>
         <load_address>0x9bd8</load_address>
         <run_address>0x9bd8</run_address>
         <size>0x2c</size>
         <input_file_ref idref="fl-6"/>
      </object_component>
      <object_component id="oc-e8">
         <name>.text:Timer_A_clearCaptureCompareInterrupt</name>
         <load_address>0x9c04</load_address>
         <run_address>0x9c04</run_address>
         <size>0x2c</size>
         <input_file_ref idref="fl-24"/>
      </object_component>
      <object_component id="oc-34d">
         <name>.text:configure_pwm_timer</name>
         <load_address>0x9c30</load_address>
         <run_address>0x9c30</run_address>
         <size>0x2c</size>
         <input_file_ref idref="fl-2"/>
      </object_component>
      <object_component id="oc-11b">
         <name>.text:menu_keep_range</name>
         <load_address>0x9c5c</load_address>
         <run_address>0x9c5c</run_address>
         <size>0x2a</size>
         <input_file_ref idref="fl-2"/>
      </object_component>
      <object_component id="oc-133">
         <name>.text:pacMan_1_n</name>
         <load_address>0x9c86</load_address>
         <run_address>0x9c86</run_address>
         <size>0x2a</size>
         <input_file_ref idref="fl-2"/>
      </object_component>
      <object_component id="oc-10f">
         <name>.text:ADC14_getResult</name>
         <load_address>0x9cb0</load_address>
         <run_address>0x9cb0</run_address>
         <size>0x28</size>
         <input_file_ref idref="fl-1b"/>
      </object_component>
      <object_component id="oc-481">
         <name>.text:Crystalfontz128x128_ColorTranslate</name>
         <load_address>0x9cd8</load_address>
         <run_address>0x9cd8</run_address>
         <size>0x28</size>
         <input_file_ref idref="fl-5"/>
      </object_component>
      <object_component id="oc-150">
         <name>.text:GPIO_clearInterruptFlag</name>
         <load_address>0x9d00</load_address>
         <run_address>0x9d00</run_address>
         <size>0x28</size>
         <input_file_ref idref="fl-1e"/>
      </object_component>
      <object_component id="oc-2b2">
         <name>.text:GPIO_enableInterrupt</name>
         <load_address>0x9d28</load_address>
         <run_address>0x9d28</run_address>
         <size>0x28</size>
         <input_file_ref idref="fl-1e"/>
      </object_component>
      <object_component id="oc-330">
         <name>.text:GPIO_setOutputHighOnPin</name>
         <load_address>0x9d50</load_address>
         <run_address>0x9d50</run_address>
         <size>0x28</size>
         <input_file_ref idref="fl-1e"/>
      </object_component>
      <object_component id="oc-314">
         <name>.text:GPIO_setOutputLowOnPin</name>
         <load_address>0x9d78</load_address>
         <run_address>0x9d78</run_address>
         <size>0x28</size>
         <input_file_ref idref="fl-1e"/>
      </object_component>
      <object_component id="oc-3f7">
         <name>.text:drawText</name>
         <load_address>0x9da0</load_address>
         <run_address>0x9da0</run_address>
         <size>0x28</size>
         <input_file_ref idref="fl-2"/>
      </object_component>
      <object_component id="oc-923">
         <name>.text:free_list_insert</name>
         <load_address>0x9dc8</load_address>
         <run_address>0x9dc8</run_address>
         <size>0x28</size>
         <input_file_ref idref="fl-f7"/>
      </object_component>
      <object_component id="oc-27a">
         <name>.text:GPIO_getInterruptStatus</name>
         <load_address>0x9df0</load_address>
         <run_address>0x9df0</run_address>
         <size>0x24</size>
         <input_file_ref idref="fl-1e"/>
      </object_component>
      <object_component id="oc-17b">
         <name>.text:WDT_A_holdTimer</name>
         <load_address>0x9e14</load_address>
         <run_address>0x9e14</run_address>
         <size>0x24</size>
         <input_file_ref idref="fl-26"/>
      </object_component>
      <object_component id="oc-336">
         <name>.text:delay_ms</name>
         <load_address>0x9e38</load_address>
         <run_address>0x9e38</run_address>
         <size>0x24</size>
         <input_file_ref idref="fl-2"/>
      </object_component>
      <object_component id="oc-907">
         <name>.text:strcspn</name>
         <load_address>0x9e5c</load_address>
         <run_address>0x9e5c</run_address>
         <size>0x24</size>
         <input_file_ref idref="fl-fd"/>
      </object_component>
      <object_component id="oc-4de">
         <name>.text:initMessageRMC</name>
         <load_address>0x9e80</load_address>
         <run_address>0x9e80</run_address>
         <size>0x20</size>
         <input_file_ref idref="fl-7"/>
      </object_component>
      <object_component id="oc-65a">
         <name>.text:strcat</name>
         <load_address>0x9ea0</load_address>
         <run_address>0x9ea0</run_address>
         <size>0x1e</size>
         <input_file_ref idref="fl-f9"/>
      </object_component>
      <object_component id="oc-606">
         <name>.text:SPI_enableModule</name>
         <load_address>0x9ebe</load_address>
         <run_address>0x9ebe</run_address>
         <size>0x1c</size>
         <input_file_ref idref="fl-20"/>
      </object_component>
      <object_component id="oc-36c">
         <name>.text:fn_ZENIT</name>
         <load_address>0x9edc</load_address>
         <run_address>0x9edc</run_address>
         <size>0x1c</size>
         <input_file_ref idref="fl-2"/>
      </object_component>
      <object_component id="oc-91d">
         <name>.text:free_list_remove</name>
         <load_address>0x9ef8</load_address>
         <run_address>0x9ef8</run_address>
         <size>0x1c</size>
         <input_file_ref idref="fl-f7"/>
      </object_component>
      <object_component id="oc-6fa">
         <name>.text:memccpy</name>
         <load_address>0x9f14</load_address>
         <run_address>0x9f14</run_address>
         <size>0x1c</size>
         <input_file_ref idref="fl-118"/>
      </object_component>
      <object_component id="oc-7d6">
         <name>.text:strdup</name>
         <load_address>0x9f30</load_address>
         <run_address>0x9f30</run_address>
         <size>0x1c</size>
         <input_file_ref idref="fl-fe"/>
      </object_component>
      <object_component id="oc-451">
         <name>.text:Graphics_clearDisplayOnDisplay</name>
         <load_address>0x9f4c</load_address>
         <run_address>0x9f4c</run_address>
         <size>0x1a</size>
         <input_file_ref idref="fl-15"/>
      </object_component>
      <object_component id="oc-2d6">
         <name>.text:Graphics_setBackgroundColor</name>
         <load_address>0x9f66</load_address>
         <run_address>0x9f66</run_address>
         <size>0x1a</size>
         <input_file_ref idref="fl-14"/>
      </object_component>
      <object_component id="oc-2dc">
         <name>.text:Graphics_setFont</name>
         <load_address>0x9f80</load_address>
         <run_address>0x9f80</run_address>
         <size>0x1a</size>
         <input_file_ref idref="fl-14"/>
      </object_component>
      <object_component id="oc-950">
         <name>.text:copysign</name>
         <load_address>0x9f9a</load_address>
         <run_address>0x9f9a</run_address>
         <size>0x1a</size>
         <input_file_ref idref="fl-107"/>
      </object_component>
      <object_component id="oc-121">
         <name>.text:get_servo_angle</name>
         <load_address>0x9fb4</load_address>
         <run_address>0x9fb4</run_address>
         <size>0x1a</size>
         <input_file_ref idref="fl-2"/>
      </object_component>
      <object_component id="oc-666">
         <name>.text:setMessage</name>
         <load_address>0x9fce</load_address>
         <run_address>0x9fce</run_address>
         <size>0x1a</size>
         <input_file_ref idref="fl-7"/>
      </object_component>
      <object_component id="oc-29f">
         <name>.text:SysTick_setPeriod</name>
         <load_address>0x9fe8</load_address>
         <run_address>0x9fe8</run_address>
         <size>0x18</size>
         <input_file_ref idref="fl-23"/>
      </object_component>
      <object_component id="oc-242">
         <name>.text:UART_getInterruptStatus</name>
         <load_address>0xa000</load_address>
         <run_address>0xa000</run_address>
         <size>0x18</size>
         <input_file_ref idref="fl-25"/>
      </object_component>
      <object_component id="oc-566">
         <name>.text:_outs</name>
         <load_address>0xa018</load_address>
         <run_address>0xa018</run_address>
         <size>0x18</size>
         <input_file_ref idref="fl-e8"/>
      </object_component>
      <object_component id="oc-7f4">
         <name>.text:strcmp</name>
         <load_address>0xa030</load_address>
         <run_address>0xa030</run_address>
         <size>0x18</size>
         <input_file_ref idref="fl-fb"/>
      </object_component>
      <object_component id="oc-75f">
         <name>.text:EUSCI_A_SPI_enable</name>
         <load_address>0xa048</load_address>
         <run_address>0xa048</run_address>
         <size>0x16</size>
         <input_file_ref idref="fl-20"/>
      </object_component>
      <object_component id="oc-765">
         <name>.text:EUSCI_B_SPI_enable</name>
         <load_address>0xa05e</load_address>
         <run_address>0xa05e</run_address>
         <size>0x16</size>
         <input_file_ref idref="fl-20"/>
      </object_component>
      <object_component id="oc-2d0">
         <name>.text:Graphics_setForegroundColor</name>
         <load_address>0xa074</load_address>
         <run_address>0xa074</run_address>
         <size>0x16</size>
         <input_file_ref idref="fl-14"/>
      </object_component>
      <object_component id="oc-448">
         <name>.text:Graphics_translateColorOnDisplay</name>
         <load_address>0xa08a</load_address>
         <run_address>0xa08a</run_address>
         <size>0x16</size>
         <input_file_ref idref="fl-15"/>
      </object_component>
      <object_component id="oc-4b6">
         <name>.text:Timer_A_startCounter</name>
         <load_address>0xa0a0</load_address>
         <run_address>0xa0a0</run_address>
         <size>0x16</size>
         <input_file_ref idref="fl-24"/>
      </object_component>
      <object_component id="oc-103">
         <name>.text:UART_clearInterruptFlag</name>
         <load_address>0xa0b6</load_address>
         <run_address>0xa0b6</run_address>
         <size>0x16</size>
         <input_file_ref idref="fl-25"/>
      </object_component>
      <object_component id="oc-320">
         <name>.text:UART_enableModule</name>
         <load_address>0xa0cc</load_address>
         <run_address>0xa0cc</run_address>
         <size>0x16</size>
         <input_file_ref idref="fl-25"/>
      </object_component>
      <object_component id="oc-879">
         <name>.text:strchr</name>
         <load_address>0xa0e2</load_address>
         <run_address>0xa0e2</run_address>
         <size>0x16</size>
         <input_file_ref idref="fl-fa"/>
      </object_component>
      <object_component id="oc-4f0">
         <name>.text:PrintChar</name>
         <load_address>0xa0f8</load_address>
         <run_address>0xa0f8</run_address>
         <size>0x14</size>
         <input_file_ref idref="fl-2"/>
      </object_component>
      <object_component id="oc-187">
         <name>.text:init_delay</name>
         <load_address>0xa10c</load_address>
         <run_address>0xa10c</run_address>
         <size>0x14</size>
         <input_file_ref idref="fl-2"/>
      </object_component>
      <object_component id="oc-e2">
         <name>.text:pwm_panel_control</name>
         <load_address>0xa120</load_address>
         <run_address>0xa120</run_address>
         <size>0x14</size>
         <input_file_ref idref="fl-2"/>
      </object_component>
      <object_component id="oc-672">
         <name>.text:strcpy</name>
         <load_address>0xa134</load_address>
         <run_address>0xa134</run_address>
         <size>0x14</size>
         <input_file_ref idref="fl-fc"/>
      </object_component>
      <object_component id="oc-660">
         <name>.text:strlen</name>
         <load_address>0xa148</load_address>
         <run_address>0xa148</run_address>
         <size>0x14</size>
         <input_file_ref idref="fl-ff"/>
      </object_component>
      <object_component id="oc-2e2">
         <name>.text:Graphics_clearDisplay</name>
         <load_address>0xa15c</load_address>
         <run_address>0xa15c</run_address>
         <size>0x12</size>
         <input_file_ref idref="fl-14"/>
      </object_component>
      <object_component id="oc-700">
         <name>.text:wcslen</name>
         <load_address>0xa16e</load_address>
         <run_address>0xa16e</run_address>
         <size>0x12</size>
         <input_file_ref idref="fl-119"/>
      </object_component>
      <object_component id="oc-458">
         <name>.text:ADCIsConversionRunning</name>
         <load_address>0xa180</load_address>
         <run_address>0xa180</run_address>
         <size>0x10</size>
         <input_file_ref idref="fl-1b"/>
      </object_component>
      <object_component id="oc-76">
         <name>.text:SysTick_Handler</name>
         <load_address>0xa190</load_address>
         <run_address>0xa190</run_address>
         <size>0x10</size>
         <input_file_ref idref="fl-2"/>
      </object_component>
      <object_component id="oc-2a5">
         <name>.text:SysTick_enableInterrupt</name>
         <load_address>0xa1a0</load_address>
         <run_address>0xa1a0</run_address>
         <size>0x10</size>
         <input_file_ref idref="fl-23"/>
      </object_component>
      <object_component id="oc-299">
         <name>.text:SysTick_enableModule</name>
         <load_address>0xa1b0</load_address>
         <run_address>0xa1b0</run_address>
         <size>0x10</size>
         <input_file_ref idref="fl-23"/>
      </object_component>
      <object_component id="oc-1d">
         <name>.text:decompress:none:__TI_decompress_none</name>
         <load_address>0xa1c0</load_address>
         <run_address>0xa1c0</run_address>
         <size>0xe</size>
         <input_file_ref idref="fl-f3"/>
      </object_component>
      <object_component id="oc-6a">
         <name>.text:Reset_Handler</name>
         <load_address>0xa1ce</load_address>
         <run_address>0xa1ce</run_address>
         <size>0xc</size>
         <input_file_ref idref="fl-4"/>
      </object_component>
      <object_component id="oc-4c">
         <name>.text:decompress:ZI:__TI_zero_init</name>
         <load_address>0xa1da</load_address>
         <run_address>0xa1da</run_address>
         <size>0xc</size>
         <input_file_ref idref="fl-f2"/>
      </object_component>
      <object_component id="oc-487">
         <name>.text:Crystalfontz128x128_Flush</name>
         <load_address>0xa1e6</load_address>
         <run_address>0xa1e6</run_address>
         <size>0xa</size>
         <input_file_ref idref="fl-5"/>
      </object_component>
      <object_component id="oc-56c">
         <name>.text:_outc</name>
         <load_address>0xa1f0</load_address>
         <run_address>0xa1f0</run_address>
         <size>0xa</size>
         <input_file_ref idref="fl-e8"/>
      </object_component>
      <object_component id="oc-706">
         <name>.text:__aeabi_errno_addr</name>
         <load_address>0xa1fc</load_address>
         <run_address>0xa1fc</run_address>
         <size>0x8</size>
         <input_file_ref idref="fl-106"/>
      </object_component>
      <object_component id="oc-7dc">
         <name>.text:malloc</name>
         <load_address>0xa204</load_address>
         <run_address>0xa204</run_address>
         <size>0x8</size>
         <input_file_ref idref="fl-f7"/>
      </object_component>
      <object_component id="oc-be">
         <name>.text:_system_pre_init</name>
         <load_address>0xa20c</load_address>
         <run_address>0xa20c</run_address>
         <size>0x4</size>
         <input_file_ref idref="fl-110"/>
      </object_component>
      <object_component id="oc-1a9">
         <name>.text:abort:abort</name>
         <load_address>0xa210</load_address>
         <run_address>0xa210</run_address>
         <size>0x4</size>
         <input_file_ref idref="fl-112"/>
      </object_component>
      <object_component id="oc-495">
         <name>.const:.string:g_pucFontFixed6x8Data</name>
         <load_address>0xa218</load_address>
         <run_address>0xa218</run_address>
         <size>0x2f8</size>
         <input_file_ref idref="fl-16"/>
      </object_component>
      <object_component id="oc-983">
         <name>.const:$O1$$</name>
         <load_address>0xa510</load_address>
         <run_address>0xa510</run_address>
         <size>0x158</size>
         <input_file_ref idref="fl-104"/>
      </object_component>
      <object_component id="oc-553">
         <name>.const:.string:pixel_GPS</name>
         <load_address>0xa668</load_address>
         <run_address>0xa668</run_address>
         <size>0x152</size>
         <input_file_ref idref="fl-2"/>
      </object_component>
      <object_component id="oc-543">
         <name>.const:.string:pixel_HISTORY</name>
         <load_address>0xa7ba</load_address>
         <run_address>0xa7ba</run_address>
         <size>0x152</size>
         <input_file_ref idref="fl-2"/>
      </object_component>
      <object_component id="oc-596">
         <name>.const:.string:pixel_JOYSTICK</name>
         <load_address>0xa90c</load_address>
         <run_address>0xa90c</run_address>
         <size>0x152</size>
         <input_file_ref idref="fl-2"/>
      </object_component>
      <object_component id="oc-5a8">
         <name>.const:.string:pixel_MAX_IRRADIANCE</name>
         <load_address>0xaa5e</load_address>
         <run_address>0xaa5e</run_address>
         <size>0x152</size>
         <input_file_ref idref="fl-2"/>
      </object_component>
      <object_component id="oc-5b2">
         <name>.const:.string:pixel_MIN_IRRADIANCE</name>
         <load_address>0xabb0</load_address>
         <run_address>0xabb0</run_address>
         <size>0x152</size>
         <input_file_ref idref="fl-2"/>
      </object_component>
      <object_component id="oc-55b">
         <name>.const:.string:pixel_MOVE</name>
         <load_address>0xad02</load_address>
         <run_address>0xad02</run_address>
         <size>0x152</size>
         <input_file_ref idref="fl-2"/>
      </object_component>
      <object_component id="oc-59e">
         <name>.const:.string:pixel_MOVE_1</name>
         <load_address>0xae54</load_address>
         <run_address>0xae54</run_address>
         <size>0x152</size>
         <input_file_ref idref="fl-2"/>
      </object_component>
      <object_component id="oc-584">
         <name>.const:.string:pixel_PHI</name>
         <load_address>0xafa6</load_address>
         <run_address>0xafa6</run_address>
         <size>0x152</size>
         <input_file_ref idref="fl-2"/>
      </object_component>
      <object_component id="oc-54b">
         <name>.const:.string:pixel_SPECS</name>
         <load_address>0xb0f8</load_address>
         <run_address>0xb0f8</run_address>
         <size>0x152</size>
[...]
         <object_component_ref idref="oc-793"/>
      </symbol>
      <symbol id="sm-d08">
         <name>floorl</name>
         <value>0x780d</value>
         <object_component_ref idref="oc-800"/>
      </symbol>
      <symbol id="sm-d09">
         <name>floor</name>
         <value>0x780d</value>
         <object_component_ref idref="oc-800"/>
      </symbol>
      <symbol id="sm-d21">
         <name>modfl</name>
         <value>0x8269</value>
         <object_component_ref idref="oc-67f"/>
      </symbol>
      <symbol id="sm-d22">
         <name>modf</name>
         <value>0x8269</value>
         <object_component_ref idref="oc-67f"/>
      </symbol>
      <symbol id="sm-d49">
         <name>scalbn</name>
         <value>0x7401</value>
         <object_component_ref idref="oc-873"/>
      </symbol>
      <symbol id="sm-d4a">
         <name>scalbnl</name>
         <value>0x7401</value>
         <object_component_ref idref="oc-873"/>
      </symbol>
      <symbol id="sm-d4b">
         <name>ldexpl</name>
         <value>0x7401</value>
         <object_component_ref idref="oc-873"/>
      </symbol>
      <symbol id="sm-d4c">
         <name>ldexp</name>
         <value>0x7401</value>
         <object_component_ref idref="oc-873"/>
      </symbol>
      <symbol id="sm-d9c">
         <name>sin</name>
         <value>0x256d</value>
         <object_component_ref idref="oc-78d"/>
      </symbol>
      <symbol id="sm-d9d">
         <name>sinl</name>
         <value>0x256d</value>
         <object_component_ref idref="oc-78d"/>
      </symbol>
      <symbol id="sm-dc4">
         <name>sprintf</name>
         <value>0x962d</value>
         <object_component_ref idref="oc-3cc"/>
      </symbol>
      <symbol id="sm-ddb">
         <name>__aeabi_dsub</name>
         <value>0x5ba1</value>
         <object_component_ref idref="oc-699"/>
      </symbol>
      <symbol id="sm-ddc">
         <name>__aeabi_dadd</name>
         <value>0x5bab</value>
         <object_component_ref idref="oc-699"/>
      </symbol>
      <symbol id="sm-dfe">
         <name>__aeabi_cdcmpeq</name>
         <value>0x85d5</value>
         <object_component_ref idref="oc-68a"/>
      </symbol>
      <symbol id="sm-dff">
         <name>__aeabi_cdcmple</name>
         <value>0x85d5</value>
         <object_component_ref idref="oc-68a"/>
      </symbol>
      <symbol id="sm-e00">
         <name>__aeabi_cdrcmple</name>
         <value>0x865b</value>
         <object_component_ref idref="oc-847"/>
      </symbol>
      <symbol id="sm-e14">
         <name>__aeabi_ddiv</name>
         <value>0x6859</value>
         <object_component_ref idref="oc-7b7"/>
      </symbol>
      <symbol id="sm-e1f">
         <name>__aeabi_dmul</name>
         <value>0x7711</value>
         <object_component_ref idref="oc-68f"/>
      </symbol>
      <symbol id="sm-e29">
         <name>__aeabi_d2iz</name>
         <value>0x9311</value>
         <object_component_ref idref="oc-685"/>
      </symbol>
      <symbol id="sm-e35">
         <name>__aeabi_d2f</name>
         <value>0x8aa5</value>
         <object_component_ref idref="oc-4c2"/>
      </symbol>
      <symbol id="sm-e40">
         <name>__aeabi_f2d</name>
         <value>0x9791</value>
         <object_component_ref idref="oc-67a"/>
      </symbol>
      <symbol id="sm-e4a">
         <name>__aeabi_i2d</name>
         <value>0x9b25</value>
         <object_component_ref idref="oc-694"/>
      </symbol>
      <symbol id="sm-e65">
         <name>memcpy</name>
         <value>0x8305</value>
         <object_component_ref idref="oc-3a"/>
      </symbol>
      <symbol id="sm-e66">
         <name>__aeabi_memcpy</name>
         <value>0x8305</value>
         <object_component_ref idref="oc-3a"/>
      </symbol>
      <symbol id="sm-e67">
         <name>__aeabi_memcpy8</name>
         <value>0x8305</value>
         <object_component_ref idref="oc-3a"/>
      </symbol>
      <symbol id="sm-e68">
         <name>__aeabi_memcpy4</name>
         <value>0x8305</value>
         <object_component_ref idref="oc-3a"/>
      </symbol>
      <symbol id="sm-e7a">
         <name>__TI_zero_init</name>
         <value>0xa1db</value>
         <object_component_ref idref="oc-4c"/>
      </symbol>
      <symbol id="sm-e91">
         <name>__TI_decompress_none</name>
         <value>0xa1c1</value>
         <object_component_ref idref="oc-1d"/>
      </symbol>
      <symbol id="sm-eb4">
         <name>__TI_decompress_lzss</name>
         <value>0x8c55</value>
         <object_component_ref idref="oc-17"/>
      </symbol>
      <symbol id="sm-ed1">
         <name>__gmtime32</name>
         <value>0x9759</value>
         <object_component_ref idref="oc-7b1"/>
      </symbol>
      <symbol id="sm-ed2">
         <name>gmtime</name>
         <value>0x9759</value>
         <object_component_ref idref="oc-7b1"/>
      </symbol>
      <symbol id="sm-ef5">
         <name>__localtime32</name>
         <value>0x6ac5</value>
         <object_component_ref idref="oc-8ee"/>
      </symbol>
      <symbol id="sm-ef6">
         <name>localtime</name>
         <value>0x6ac5</value>
         <object_component_ref idref="oc-8ee"/>
      </symbol>
      <symbol id="sm-f7f">
         <name>_sys_memory</name>
         <value>0x20000000</value>
         <object_component_ref idref="oc-29"/>
      </symbol>
      <symbol id="sm-f80">
         <name>free</name>
         <value>0x7905</value>
         <object_component_ref idref="oc-812"/>
      </symbol>
      <symbol id="sm-f81">
         <name>memalign</name>
         <value>0x7511</value>
         <object_component_ref idref="oc-8ff"/>
      </symbol>
      <symbol id="sm-f82">
         <name>malloc</name>
         <value>0xa205</value>
         <object_component_ref idref="oc-7dc"/>
      </symbol>
      <symbol id="sm-f83">
         <name>aligned_alloc</name>
         <value>0x7511</value>
         <object_component_ref idref="oc-8ff"/>
      </symbol>
      <symbol id="sm-fb5">
         <name>mktime</name>
         <value>0x4835</value>
         <object_component_ref idref="oc-77b"/>
      </symbol>
      <symbol id="sm-fb6">
         <name>__mktime32</name>
         <value>0x4835</value>
         <object_component_ref idref="oc-77b"/>
      </symbol>
      <symbol id="sm-fc6">
         <name>strcat</name>
         <value>0x9ea1</value>
         <object_component_ref idref="oc-65a"/>
      </symbol>
      <symbol id="sm-fd6">
         <name>strchr</name>
         <value>0xa0e3</value>
         <object_component_ref idref="oc-879"/>
      </symbol>
      <symbol id="sm-fe5">
         <name>strcmp</name>
         <value>0xa031</value>
         <object_component_ref idref="oc-7f4"/>
      </symbol>
      <symbol id="sm-ff3">
         <name>strcpy</name>
         <value>0xa135</value>
         <object_component_ref idref="oc-672"/>
      </symbol>
      <symbol id="sm-1004">
         <name>strcspn</name>
         <value>0x9e5d</value>
         <object_component_ref idref="oc-907"/>
      </symbol>
      <symbol id="sm-1012">
         <name>strdup</name>
         <value>0x9f31</value>
         <object_component_ref idref="oc-7d6"/>
      </symbol>
      <symbol id="sm-1020">
         <name>strlen</name>
         <value>0xa149</value>
         <object_component_ref idref="oc-660"/>
      </symbol>
      <symbol id="sm-1030">
         <name>strncpy</name>
         <value>0x98a3</value>
         <object_component_ref idref="oc-806"/>
      </symbol>
      <symbol id="sm-1090">
         <name>strtold</name>
         <value>0x35a9</value>
         <object_component_ref idref="oc-7fa"/>
      </symbol>
      <symbol id="sm-1091">
         <name>strtod</name>
         <value>0x35a9</value>
         <object_component_ref idref="oc-7fa"/>
      </symbol>
      <symbol id="sm-10b5">
         <name>strtol</name>
         <value>0x6d29</value>
         <object_component_ref idref="oc-80c"/>
      </symbol>
      <symbol id="sm-10c5">
         <name>_tz</name>
         <value>0x20000ee4</value>
         <object_component_ref idref="oc-8b5"/>
      </symbol>
      <symbol id="sm-112b">
         <name>__kernel_rem_pio2</name>
         <value>0x1e35</value>
         <object_component_ref idref="oc-8cc"/>
      </symbol>
      <symbol id="sm-113e">
         <name>__stack</name>
         <value>0x2000fe00</value>
         <object_component_ref idref="oc-2c"/>
      </symbol>
      <symbol id="sm-113f">
         <name>_c_int00_noargs</name>
         <value>0x9975</value>
         <object_component_ref idref="oc-58"/>
      </symbol>
      <symbol id="sm-1155">
         <name>__aeabi_errno_addr</name>
         <value>0xa1fd</value>
         <object_component_ref idref="oc-706"/>
      </symbol>
      <symbol id="sm-1156">
         <name>errno</name>
         <value>0x20000f3c</value>
         <object_component_ref idref="oc-889"/>
      </symbol>
      <symbol id="sm-1160">
         <name>copysign</name>
         <value>0x9f9b</value>
         <object_component_ref idref="oc-950"/>
      </symbol>
      <symbol id="sm-1161">
         <name>copysignl</name>
         <value>0x9f9b</value>
         <object_component_ref idref="oc-950"/>
      </symbol>
      <symbol id="sm-1177">
         <name>__kernel_cos</name>
         <value>0x604d</value>
         <object_component_ref idref="oc-8d2"/>
      </symbol>
      <symbol id="sm-118e">
         <name>__kernel_sin</name>
         <value>0x5ed9</value>
         <object_component_ref idref="oc-8c6"/>
      </symbol>
      <symbol id="sm-12f3">
         <name>__TI_printfi</name>
         <value>0xe5</value>
         <object_component_ref idref="oc-560"/>
      </symbol>
      <symbol id="sm-1302">
         <name>__aeabi_memset</name>
         <value>0x8867</value>
         <object_component_ref idref="oc-b8"/>
      </symbol>
      <symbol id="sm-1303">
         <name>memset</name>
         <value>0x886d</value>
         <object_component_ref idref="oc-b8"/>
      </symbol>
      <symbol id="sm-1304">
         <name>__aeabi_memset8</name>
         <value>0x8867</value>
         <object_component_ref idref="oc-b8"/>
      </symbol>
      <symbol id="sm-1305">
         <name>__aeabi_memset4</name>
         <value>0x8867</value>
         <object_component_ref idref="oc-b8"/>
      </symbol>
      <symbol id="sm-1306">
         <name>__aeabi_memclr8</name>
         <value>0x8865</value>
         <object_component_ref idref="oc-b8"/>
      </symbol>
      <symbol id="sm-1307">
         <name>__aeabi_memclr4</name>
         <value>0x8865</value>
         <object_component_ref idref="oc-b8"/>
      </symbol>
      <symbol id="sm-1308">
         <name>__aeabi_memclr</name>
         <value>0x8865</value>
         <object_component_ref idref="oc-b8"/>
      </symbol>
      <symbol id="sm-1317">
         <name>__aeabi_uidivmod</name>
         <value>0x95ed</value>
         <object_component_ref idref="oc-99d"/>
      </symbol>
      <symbol id="sm-1318">
         <name>__aeabi_uidiv</name>
         <value>0x95ed</value>
         <object_component_ref idref="oc-99d"/>
      </symbol>
      <symbol id="sm-1326">
         <name>__aeabi_ldivmod</name>
         <value>0x8b13</value>
         <object_component_ref idref="oc-8ad"/>
      </symbol>
      <symbol id="sm-1333">
         <name>__aeabi_uldivmod</name>
         <value>0x83a1</value>
         <object_component_ref idref="oc-841"/>
      </symbol>
      <symbol id="sm-135b">
         <name>__TI_auto_init_nobinit_nopinit</name>
         <value>0x93e5</value>
         <object_component_ref idref="oc-1b5"/>
      </symbol>
      <symbol id="sm-1365">
         <name>_system_pre_init</name>
         <value>0xa20d</value>
         <object_component_ref idref="oc-be"/>
      </symbol>
      <symbol id="sm-1371">
         <name>C$$EXIT</name>
         <value>0xa211</value>
         <object_component_ref idref="oc-1a9"/>
      </symbol>
      <symbol id="sm-1372">
         <name>abort</name>
         <value>0xa211</value>
         <object_component_ref idref="oc-1a9"/>
      </symbol>
      <symbol id="sm-1387">
         <name>_nop</name>
         <value>0x35a7</value>
         <object_component_ref idref="oc-4ff"/>
      </symbol>
      <symbol id="sm-1388">
         <name>_lock</name>
         <value>0x20000f20</value>
         <object_component_ref idref="oc-384"/>
      </symbol>
      <symbol id="sm-1389">
         <name>_unlock</name>
         <value>0x20000f24</value>
         <object_component_ref idref="oc-384"/>
      </symbol>
      <symbol id="sm-1398">
         <name>__TI_ltoa</name>
         <value>0x9009</value>
         <object_component_ref idref="oc-84c"/>
      </symbol>
      <symbol id="sm-13af">
         <name>atoi</name>
         <value>0x91a1</value>
         <object_component_ref idref="oc-6d6"/>
      </symbol>
      <symbol id="sm-13ba">
         <name>_ctypes_</name>
         <value>0xb4ee</value>
         <object_component_ref idref="oc-83c"/>
      </symbol>
      <symbol id="sm-13ca">
         <name>memccpy</name>
         <value>0x9f15</value>
         <object_component_ref idref="oc-6fa"/>
      </symbol>
      <symbol id="sm-13e3">
         <name>wcslen</name>
         <value>0xa16f</value>
         <object_component_ref idref="oc-700"/>
      </symbol>
      <symbol id="sm-13f9">
         <name>frexpl</name>
         <value>0x8d21</value>
         <object_component_ref idref="oc-86d"/>
      </symbol>
      <symbol id="sm-13fa">
         <name>frexp</name>
         <value>0x8d21</value>
         <object_component_ref idref="oc-86d"/>
      </symbol>
      <symbol id="sm-1404">
         <name>__aeabi_idiv0</name>
         <value>0x7b93</value>
         <object_component_ref idref="oc-93c"/>
      </symbol>
      <symbol id="sm-1405">
         <name>__aeabi_ldiv0</name>
         <value>0x7b93</value>
         <object_component_ref idref="oc-93c"/>
      </symbol>
      <symbol id="sm-1406">
         <name>__TI_static_base__</name>
         <value>0x0</value>
      </symbol>
      <symbol id="sm-1409">
         <name>__mpu_init</name>
         <value>0x0</value>
      </symbol>
      <symbol id="sm-140a">
         <name>_system_post_cinit</name>
         <value>0x0</value>
      </symbol>
      <symbol id="sm-140b">
         <name>NMI_Handler</name>
         <value>0xb33</value>
      </symbol>
      <symbol id="sm-140c">
         <name>HardFault_Handler</name>
         <value>0xb33</value>
      </symbol>
      <symbol id="sm-140d">
         <name>MemManage_Handler</name>
         <value>0xb33</value>
      </symbol>
      <symbol id="sm-140e">
         <name>BusFault_Handler</name>
         <value>0xb33</value>
      </symbol>
      <symbol id="sm-140f">
         <name>UsageFault_Handler</name>
         <value>0xb33</value>
      </symbol>
      <symbol id="sm-1410">
         <name>SVC_Handler</name>
         <value>0xb33</value>
      </symbol>
      <symbol id="sm-1411">
         <name>DebugMon_Handler</name>
         <value>0xb33</value>
      </symbol>
      <symbol id="sm-1412">
         <name>PendSV_Handler</name>
         <value>0xb33</value>
      </symbol>
      <symbol id="sm-1413">
         <name>SysTick_Handler</name>
         <value>0xa191</value>
      </symbol>
      <symbol id="sm-1414">
         <name>PSS_IRQHandler</name>
         <value>0xb33</value>
      </symbol>
      <symbol id="sm-1415">
         <name>CS_IRQHandler</name>
         <value>0xb33</value>
      </symbol>
      <symbol id="sm-1416">
         <name>PCM_IRQHandler</name>
         <value>0xb33</value>
      </symbol>
      <symbol id="sm-1417">
         <name>WDT_A_IRQHandler</name>
         <value>0xb33</value>
      </symbol>
      <symbol id="sm-1418">
         <name>FPU_IRQHandler</name>
         <value>0xb33</value>
      </symbol>
      <symbol id="sm-1419">
         <name>FLCTL_IRQHandler</name>
         <value>0xb33</value>
      </symbol>
      <symbol id="sm-141a">
         <name>COMP_E0_IRQHandler</name>
         <value>0xb33</value>
      </symbol>
      <symbol id="sm-141b">
         <name>COMP_E1_IRQHandler</name>
         <value>0xb33</value>
      </symbol>
      <symbol id="sm-141c">
         <name>TA0_0_IRQHandler</name>
         <value>0xb33</value>
      </symbol>
      <symbol id="sm-141d">
         <name>TA0_N_IRQHandler</name>
         <value>0xb33</value>
      </symbol>
      <symbol id="sm-141e">
         <name>TA1_0_IRQHandler</name>
         <value>0x990d</value>
      </symbol>
      <symbol id="sm-141f">
         <name>TA1_N_IRQHandler</name>
         <value>0xb33</value>
      </symbol>
      <symbol id="sm-1420">
         <name>TA2_0_IRQHandler</name>
         <value>0xb33</value>
      </symbol>
      <symbol id="sm-1421">
         <name>TA2_N_IRQHandler</name>
         <value>0xb33</value>
      </symbol>
      <symbol id="sm-1422">
         <name>TA3_0_IRQHandler</name>
         <value>0xb33</value>
      </symbol>
      <symbol id="sm-1423">
         <name>TA3_N_IRQHandler</name>
         <value>0xb33</value>
      </symbol>
      <symbol id="sm-1424">
         <name>EUSCIA0_IRQHandler</name>
         <value>0x9b81</value>
      </symbol>
      <symbol id="sm-1425">
         <name>EUSCIA1_IRQHandler</name>
         <value>0xb33</value>
      </symbol>
      <symbol id="sm-1426">
         <name>EUSCIA2_IRQHandler</name>
         <value>0xb33</value>
      </symbol>
      <symbol id="sm-1427">
         <name>EUSCIA3_IRQHandler</name>
         <value>0xb33</value>
      </symbol>
      <symbol id="sm-1428">
         <name>EUSCIB0_IRQHandler</name>
         <value>0xb33</value>
      </symbol>
      <symbol id="sm-1429">
         <name>EUSCIB1_IRQHandler</name>
         <value>0xb33</value>
      </symbol>
      <symbol id="sm-142a">
         <name>EUSCIB2_IRQHandler</name>
         <value>0xb33</value>
      </symbol>
      <symbol id="sm-142b">
         <name>EUSCIB3_IRQHandler</name>
         <value>0xb33</value>
      </symbol>
      <symbol id="sm-142c">
         <name>ADC14_IRQHandler</name>
         <value>0x4ad5</value>
      </symbol>
      <symbol id="sm-142d">
         <name>T32_INT1_IRQHandler</name>
         <value>0xb33</value>
      </symbol>
      <symbol id="sm-142e">
         <name>T32_INT2_IRQHandler</name>
         <value>0xb33</value>
      </symbol>
      <symbol id="sm-142f">
         <name>T32_INTC_IRQHandler</name>
         <value>0xb33</value>
      </symbol>
      <symbol id="sm-1430">
         <name>AES256_IRQHandler</name>
         <value>0xb33</value>
      </symbol>
      <symbol id="sm-1431">
         <name>RTC_C_IRQHandler</name>
         <value>0xb33</value>
      </symbol>
      <symbol id="sm-1432">
         <name>DMA_ERR_IRQHandler</name>
         <value>0xb33</value>
      </symbol>
      <symbol id="sm-1433">
         <name>DMA_INT3_IRQHandler</name>
         <value>0xb33</value>
      </symbol>
      <symbol id="sm-1434">
         <name>DMA_INT2_IRQHandler</name>
         <value>0xb33</value>
      </symbol>
      <symbol id="sm-1435">
         <name>DMA_INT1_IRQHandler</name>
         <value>0xb33</value>
      </symbol>
      <symbol id="sm-1436">
         <name>DMA_INT0_IRQHandler</name>
         <value>0xb33</value>
      </symbol>
      <symbol id="sm-1437">
         <name>PORT1_IRQHandler</name>
         <value>0xb33</value>
      </symbol>
      <symbol id="sm-1438">
         <name>PORT2_IRQHandler</name>
         <value>0xb33</value>
      </symbol>
      <symbol id="sm-1439">
         <name>PORT3_IRQHandler</name>
         <value>0x8f05</value>
      </symbol>
      <symbol id="sm-143a">
         <name>PORT4_IRQHandler</name>
         <value>0xb33</value>
      </symbol>
      <symbol id="sm-143b">
         <name>PORT5_IRQHandler</name>
         <value>0x93a1</value>
      </symbol>
      <symbol id="sm-143c">
         <name>PORT6_IRQHandler</name>
         <value>0xb33</value>
      </symbol>
   </symbol_table>
   <title>Link successful</title>
</link_info>
